###############################################################################
#
# IAR ELF Linker V8.32.2.178/W32 for ARM                  20/Jun/2019  17:12:34
# Copyright 2007-2018 IAR Systems AB.
#
#    Output file  =  z3_lite_timer_mg21_v660.out
#    Map file     =  
#        C:/SiliconLabs/SimplicityStudio/v4/developer/sdks/gecko_sdk_suite/v2.5/z3_lite_timer_mg21_v660/IAR
#        ARM - Default/z3_lite_timer_mg21_v660.map
#    Command line =  
#        ./zll-utility-server/zll-utility-server.o
#        ./zll-scenes-server/zll-scenes-server.o
#        ./zll-on-off-server/zll-on-off-server.o
#        ./zll-level-control-server/zll-level-control-server.o
#        ./zll-identify-server/zll-identify-server.o
#        ./zll-commissioning-server/zll-commissioning-server.o
#        ./zll-commissioning-common/zll-commissioning-cli.o
#        ./zll-commissioning-common/zll-commissioning-common.o
#        ./zcl-framework-core/af-event.o ./zcl-framework-core/af-main-common.o
#        ./zcl-framework-core/af-main-soc.o ./zcl-framework-core/af-node.o
#        ./zcl-framework-core/af-security-common.o
#        ./zcl-framework-core/af-trust-center.o
#        ./zcl-framework-core/attribute-size.o
#        ./zcl-framework-core/attribute-storage.o
#        ./zcl-framework-core/attribute-table.o
#        ./zcl-framework-core/client-api.o ./zcl-framework-core/core-cli.o
#        ./zcl-framework-core/crypto-state.o ./zcl-framework-core/message.o
#        ./zcl-framework-core/multi-network.o
#        ./zcl-framework-core/network-cli.o ./zcl-framework-core/option-cli.o
#        ./zcl-framework-core/plugin-cli.o
#        ./zcl-framework-core/print-formatter.o ./zcl-framework-core/print.o
#        ./zcl-framework-core/process-cluster-message.o
#        ./zcl-framework-core/process-global-message.o
#        ./zcl-framework-core/security-cli.o
#        ./zcl-framework-core/service-discovery-common.o
#        ./zcl-framework-core/service-discovery-soc.o
#        ./zcl-framework-core/time-util.o ./zcl-framework-core/util.o
#        ./zcl-framework-core/zcl-cli.o ./zcl-framework-core/zdo-cli.o
#        ./update-tc-link-key/update-tc-link-key-cli.o
#        ./update-tc-link-key/update-tc-link-key.o
#        ./strong-random/strong-random-api.o ./simple-main/simple-main.o
#        ./serial/EFR32/serial.o ./serial/com.o ./scenes/scenes-cli.o
#        ./scenes/scenes.o ./scan-dispatch/scan-dispatch.o
#        ./reporting/reporting-cli.o
#        ./reporting/reporting-default-configuration.o ./reporting/reporting.o
#        ./on-off/on-off.o ./nvm3/EFR32/nvm3_default.o
#        ./nvm3/EFR32/nvm3_hal_flash.o ./nvm3/nvm3_lock.o
#        ./network-steering/network-steering-cli.o
#        ./network-steering/network-steering-soc.o
#        ./network-steering/network-steering-v2.o
#        ./network-steering/network-steering.o
#        ./network-creator-security/network-creator-security-cli.o
#        ./network-creator-security/network-creator-security.o
#        ./network-creator/network-creator-cli.o
#        ./network-creator/network-creator.o ./mbedtls/EFR32/aes.o
#        ./mbedtls/EFR32/aes_aes.o ./mbedtls/EFR32/aesni.o
#        ./mbedtls/EFR32/arc4.o ./mbedtls/EFR32/asn1parse.o
#        ./mbedtls/EFR32/asn1write.o ./mbedtls/EFR32/base64.o
#        ./mbedtls/EFR32/bignum.o ./mbedtls/EFR32/blowfish.o
#        ./mbedtls/EFR32/camellia.o ./mbedtls/EFR32/ccm.o
#        ./mbedtls/EFR32/certs.o ./mbedtls/EFR32/cipher.o
#        ./mbedtls/EFR32/cipher_wrap.o ./mbedtls/EFR32/cmac.o
#        ./mbedtls/EFR32/crypto_aes.o ./mbedtls/EFR32/crypto_ble.o
#        ./mbedtls/EFR32/crypto_ecp.o ./mbedtls/EFR32/crypto_management.o
#        ./mbedtls/EFR32/crypto_sha.o ./mbedtls/EFR32/cryptoacc_aes.o
#        ./mbedtls/EFR32/cryptoacc_ccm.o ./mbedtls/EFR32/cryptoacc_cmac.o
#        ./mbedtls/EFR32/cryptoacc_ecp.o ./mbedtls/EFR32/cryptoacc_gcm.o
#        ./mbedtls/EFR32/cryptoacc_management.o ./mbedtls/EFR32/cryptoacc_sha.o
#        ./mbedtls/EFR32/cryptoacc_trng.o ./mbedtls/EFR32/ctr_drbg.o
#        ./mbedtls/EFR32/debug.o ./mbedtls/EFR32/des.o ./mbedtls/EFR32/dhm.o
#        ./mbedtls/EFR32/ecdh.o ./mbedtls/EFR32/ecdsa.o
#        ./mbedtls/EFR32/ecjpake.o ./mbedtls/EFR32/ecp.o
#        ./mbedtls/EFR32/ecp_curves.o ./mbedtls/EFR32/entropy.o
#        ./mbedtls/EFR32/entropy_adc.o ./mbedtls/EFR32/entropy_poll.o
#        ./mbedtls/EFR32/entropy_rail.o ./mbedtls/EFR32/error.o
#        ./mbedtls/EFR32/gcm.o ./mbedtls/EFR32/havege.o
#        ./mbedtls/EFR32/hmac_drbg.o ./mbedtls/EFR32/md.o ./mbedtls/EFR32/md2.o
#        ./mbedtls/EFR32/md4.o ./mbedtls/EFR32/md5.o ./mbedtls/EFR32/md_wrap.o
#        ./mbedtls/EFR32/memory_buffer_alloc.o ./mbedtls/EFR32/net_sockets.o
#        ./mbedtls/EFR32/oid.o ./mbedtls/EFR32/padlock.o ./mbedtls/EFR32/pem.o
#        ./mbedtls/EFR32/pk.o ./mbedtls/EFR32/pk_wrap.o
#        ./mbedtls/EFR32/pkcs11.o ./mbedtls/EFR32/pkcs12.o
#        ./mbedtls/EFR32/pkcs5.o ./mbedtls/EFR32/pkparse.o
#        ./mbedtls/EFR32/pkwrite.o ./mbedtls/EFR32/radioaes.o
#        ./mbedtls/EFR32/radioaes_aes.o ./mbedtls/EFR32/radioaes_ble.o
#        ./mbedtls/EFR32/ripemd160.o ./mbedtls/EFR32/rsa.o
#        ./mbedtls/EFR32/rsa_internal.o ./mbedtls/EFR32/se_aes.o
#        ./mbedtls/EFR32/se_ccm.o ./mbedtls/EFR32/se_cmac.o
#        ./mbedtls/EFR32/se_ecp.o ./mbedtls/EFR32/se_jpake.o
#        ./mbedtls/EFR32/se_management.o ./mbedtls/EFR32/se_sha.o
#        ./mbedtls/EFR32/se_trng.o ./mbedtls/EFR32/sha1.o
#        ./mbedtls/EFR32/sha256.o ./mbedtls/EFR32/sha512.o
#        ./mbedtls/EFR32/shax.o ./mbedtls/EFR32/ssl_cache.o
#        ./mbedtls/EFR32/ssl_ciphersuites.o ./mbedtls/EFR32/ssl_cli.o
#        ./mbedtls/EFR32/ssl_cookie.o ./mbedtls/EFR32/ssl_srv.o
#        ./mbedtls/EFR32/ssl_ticket.o ./mbedtls/EFR32/ssl_tls.o
#        ./mbedtls/EFR32/threading.o ./mbedtls/EFR32/timing.o
#        ./mbedtls/EFR32/trng.o ./mbedtls/EFR32/version.o
#        ./mbedtls/EFR32/version_features.o ./mbedtls/EFR32/x509.o
#        ./mbedtls/EFR32/x509_create.o ./mbedtls/EFR32/x509_crl.o
#        ./mbedtls/EFR32/x509_crt.o ./mbedtls/EFR32/x509_csr.o
#        ./mbedtls/EFR32/x509write_crt.o ./mbedtls/EFR32/x509write_csr.o
#        ./mbedtls/EFR32/xtea.o ./level-control/level-control.o
#        ./interpan/interpan-cli.o ./interpan/interpan-soc.o
#        ./interpan/interpan.o ./identify/identify-cli.o ./identify/identify.o
#        ./heartbeat/heartbeat.o ./hal-library/EFR32/hal-config-gpio.o
#        ./hal-library/EFR32/hal-config.o ./groups-server/groups-server-cli.o
#        ./groups-server/groups-server.o
#        ./green-power-common/green-power-common.o
#        ./green-power-client/green-power-client-cli.o
#        ./green-power-client/green-power-client.o
#        ./find-and-bind-target/find-and-bind-target-cli.o
#        ./find-and-bind-target/find-and-bind-target.o
#        ./external-generated-files/bootloader-interface-app.o
#        ./external-generated-files/bootloader-interface.o
#        ./external-generated-files/btl_interface.o
#        ./external-generated-files/btl_interface_storage.o ./emlib/em_adc.o
#        ./emlib/em_cmu.o ./emlib/em_core.o ./emlib/em_cryotimer.o
#        ./emlib/em_emu.o ./emlib/em_gpio.o ./emlib/em_i2c.o ./emlib/em_ldma.o
#        ./emlib/em_leuart.o ./emlib/em_msc.o ./emlib/em_prs.o ./emlib/em_rmu.o
#        ./emlib/em_rtcc.o ./emlib/em_se.o ./emlib/em_system.o
#        ./emlib/em_timer.o ./emlib/em_usart.o ./emlib/em_wdog.o
#        ./emlib/system_efr32mg21.o ./emdrv/dmadrv.o ./emdrv/gpiointerrupt.o
#        ./emdrv/rtcdriver.o ./emdrv/sleep.o ./emdrv/tempdrv.o
#        ./emdrv/uartdrv.o ./emdrv/ustimer.o
#        ./ember-minimal-printf/ember-printf.o ./efr32/assert-crash-handlers.o
#        ./efr32/button.o ./efr32/buzzer-efr32.o ./efr32/cstartup-common.o
#        ./efr32/diagnostic.o ./efr32/ext-device.o ./efr32/faults-v7m.o
#        ./efr32/isr-stubs.o ./efr32/led.o ./efr32/mfg-token.o
#        ./efr32/micro-common.o ./efr32/micro.o ./efr32/mpu.o
#        ./efr32/sleep-efm32.o ./efr32/token.o
#        ./debug-jtag/EFR32/debug-jtag-efr32.o
#        ./debug-basic-library/EFR32/SEGGER_RTT.o ./counters/counters-cli.o
#        ./counters/counters-ota.o ./counters/counters-soc.o
#        ./color-control-server/color-control-server.o
#        ./coexistence-stub/EFR32/coexistence-802154.o
#        ./coexistence-stub/EFR32/coulomb-counter-802154.o
#        ./ccm-encryption/ccm-star.o ./basic/basic.o
#        ./antenna-stub/antenna-stub.o ./aes-cmac/aes-cmac.o
#        ./adc/EFR32/adc-efr32.o ./call-command-handler.o ./callback-stub.o
#        ./command-interpreter2.o ./crc.o ./ember-base-configuration.o
#        ./ember-configuration.o ./endian.o ./library.o ./mem-util.o ./random.o
#        ./security-address-cache.o ./stack-handler-stub.o ./token-def.o
#        ./z3_lite_timer_mg21_v660_callbacks.o ./zigbee-device-common.o
#        ./zigbee-device-library.o ./znet-bookkeeping.o ./znet-cli.o -o
#        z3_lite_timer_mg21_v660.out --config
#        C:/SiliconLabs/SimplicityStudio/v4/developer/sdks/gecko_sdk_suite/v2.6//platform/base/hal/micro/cortexm3/efm32/iar-cfg.icf
#        --config_def LOCAL_STORAGE_BTL=1 --config_def FLASH_SIZE=1048576
#        --config_def RAM_SIZE=98304 --config_def SIMEEPROM_SIZE=32768
#        --config_def LOCKBITS_IN_MAINFLASH_SIZE=8192 --config_def
#        EMBER_MALLOC_HEAP_SIZE=0 --config_def HEADER_SIZE=256 --config_def
#        PSSTORE_SIZE=0 --config_def LONGTOKEN_SIZE=0 --no_wrap_diagnostics
#        C:/SiliconLabs/SimplicityStudio/v4/developer/sdks/gecko_sdk_suite/v2.6//protocol/zigbee/build/zigbee-r22-support-stub-library-cortexm3-iar-efr32mg21-rail/zigbee-r22-support-stub-library.a
#        C:/SiliconLabs/SimplicityStudio/v4/developer/sdks/gecko_sdk_suite/v2.6//protocol/zigbee/build/install-code-library-cortexm3-iar-efr32mg21-rail/install-code-library.a
#        C:/SiliconLabs/SimplicityStudio/v4/developer/sdks/gecko_sdk_suite/v2.6//protocol/zigbee/build/cbke-stub-library-cortexm3-iar-efr32mg21-rail/cbke-stub-library.a
#        C:/SiliconLabs/SimplicityStudio/v4/developer/sdks/gecko_sdk_suite/v2.6//protocol/zigbee/build/cbke-library-dsa-verify-stub-cortexm3-iar-efr32mg21-rail/cbke-library-dsa-verify-stub.a
#        C:/SiliconLabs/SimplicityStudio/v4/developer/sdks/gecko_sdk_suite/v2.6//protocol/zigbee/build/gp-library-cortexm3-iar-efr32mg21-rail/gp-library.a
#        C:/SiliconLabs/SimplicityStudio/v4/developer/sdks/gecko_sdk_suite/v2.6//platform/radio/rail_lib/autogen/librail_release/librail_efr32xg21_iar_release.a
#        C:/SiliconLabs/SimplicityStudio/v4/developer/sdks/gecko_sdk_suite/v2.6//protocol/zigbee/build/debug-extended-stub-library-cortexm3-iar-efr32mg21-rail/debug-extended-stub-library.a
#        C:/SiliconLabs/SimplicityStudio/v4/developer/sdks/gecko_sdk_suite/v2.6//protocol/zigbee/build/debug-basic-library-cortexm3-iar-efr32mg21-rail/debug-basic-library.a
#        C:/SiliconLabs/SimplicityStudio/v4/developer/sdks/gecko_sdk_suite/v2.6//protocol/zigbee/build/cbke-283k1-stub-library-cortexm3-iar-efr32mg21-rail/cbke-283k1-stub-library.a
#        C:/SiliconLabs/SimplicityStudio/v4/developer/sdks/gecko_sdk_suite/v2.6//protocol/zigbee/build/end-device-bind-stub-library-cortexm3-iar-efr32mg21-rail/end-device-bind-stub-library.a
#        C:/SiliconLabs/SimplicityStudio/v4/developer/sdks/gecko_sdk_suite/v2.6//protocol/zigbee/build/security-library-core-cortexm3-iar-efr32mg21-rail/security-library-core.a
#        C:/SiliconLabs/SimplicityStudio/v4/developer/sdks/gecko_sdk_suite/v2.6//protocol/zigbee/build/cbke-library-dsa-verify-283k1-stub-cortexm3-iar-efr32mg21-rail/cbke-library-dsa-verify-283k1-stub.a
#        C:/SiliconLabs/SimplicityStudio/v4/developer/sdks/gecko_sdk_suite/v2.6//protocol/zigbee/build/hal-library-cortexm3-iar-efr32mg21-rail/hal-library.a
#        C:/SiliconLabs/SimplicityStudio/v4/developer/sdks/gecko_sdk_suite/v2.6//protocol/zigbee/build/packet-validate-stub-library-cortexm3-iar-efr32mg21-rail/packet-validate-stub-library.a
#        C:/SiliconLabs/SimplicityStudio/v4/developer/sdks/gecko_sdk_suite/v2.6//protocol/zigbee/build/multi-network-stub-library-cortexm3-iar-efr32mg21-rail/multi-network-stub-library.a
#        C:/SiliconLabs/SimplicityStudio/v4/developer/sdks/gecko_sdk_suite/v2.6//platform/emdrv/nvm3/lib/libnvm3_CM33_iar.a
#        C:/SiliconLabs/SimplicityStudio/v4/developer/sdks/gecko_sdk_suite/v2.6//protocol/zigbee/build/sim-eeprom2-to-nvm3-upgrade-stub-library-cortexm3-iar-efr32mg21-rail/sim-eeprom2-to-nvm3-upgrade-stub-library.a
#        C:/SiliconLabs/SimplicityStudio/v4/developer/sdks/gecko_sdk_suite/v2.6//protocol/zigbee/build/zigbee-pro-stack-cortexm3-iar-efr32mg21-rail/zigbee-pro-stack.a
#        C:/SiliconLabs/SimplicityStudio/v4/developer/sdks/gecko_sdk_suite/v2.6//protocol/zigbee/build/zll-library-cortexm3-iar-efr32mg21-rail/zll-library.a
#        C:/SiliconLabs/SimplicityStudio/v4/developer/sdks/gecko_sdk_suite/v2.6//protocol/zigbee/build/security-library-link-keys-stub-cortexm3-iar-efr32mg21-rail/security-library-link-keys-stub.a
#        C:/SiliconLabs/SimplicityStudio/v4/developer/sdks/gecko_sdk_suite/v2.6//protocol/zigbee/build/binding-table-library-cortexm3-iar-efr32mg21-rail/binding-table-library.a
#        C:/SiliconLabs/SimplicityStudio/v4/developer/sdks/gecko_sdk_suite/v2.6//protocol/zigbee/build/cbke-library-dsa-sign-stub-cortexm3-iar-efr32mg21-rail/cbke-library-dsa-sign-stub.a
#        C:/SiliconLabs/SimplicityStudio/v4/developer/sdks/gecko_sdk_suite/v2.6//protocol/zigbee/build/cbke-163k1-stub-library-cortexm3-iar-efr32mg21-rail/cbke-163k1-stub-library.a
#        --entry __iar_program_start --map
#        "C:/SiliconLabs/SimplicityStudio/v4/developer/sdks/gecko_sdk_suite/v2.5/z3_lite_timer_mg21_v660/IAR
#        ARM - Default/z3_lite_timer_mg21_v660.map" --log_file
#        "C:/SiliconLabs/SimplicityStudio/v4/developer/sdks/gecko_sdk_suite/v2.5/z3_lite_timer_mg21_v660/IAR
#        ARM - Default/z3_lite_timer_mg21_v660.log" --log
#        initialization,modules,sections,veneers --diag_suppress=Lp012
#        --redirect _Printf=_PrintfSmallNoMb --redirect _Scanf=_ScanfFullNoMb
#
###############################################################################

*******************************************************************************
*** RUNTIME MODEL ATTRIBUTES
***

CppFlavor       = *
__SystemLibrary = DLib
__dlib_version  = 6


*******************************************************************************
*** HEAP SELECTION
***

The basic heap was selected because no calls to memory allocation
functions were found in the application outside of system library
functions, and there are calls to deallocation functions in the
application.


*******************************************************************************
*** PLACEMENT SUMMARY
***

"BAT": place at 0x0 { section BAT };
define block HEADER_block with fixed order { ro section AAT };
"HEADERS":
       place at start of [from 0x4000 to 0x40ff] { block HEADER_block };
define block APPRO_block
   with fixed order {
      ro section .intvec, ro section .textrw_init, ro section .gatt_header,
      ro section .gatt_data, ro section .text, ro section CODE,
      ro section .rodata, ro section .data_init, ro section .iar.init_table,
      ro section __DLIB_PERTHREAD_init };
"APP ro":
       place at start of [from 0x4100 to 0xf'ffff] { block APPRO_block };
"SIMEE&LOCKBITS":
       place at end of [from 0x4100 to 0xf'ffff] {
          zi section SIMEE, zi section INTERNAL_STORAGE, zi section LONGTOKEN,
          zi section PSSTORE, zi section LOCKBITS_IN_MAINFLASH };
define block ALIGN_EMHEAP with alignment = 8 { rw section EMHEAP };
define block RESETHEAP
   with fixed order { rw section RESETINFO, block ALIGN_EMHEAP };
"ResetHeap":
       place at start of [from 0x2000'0000 to 0x2001'7fef] { block RESETHEAP };
"Guard":
       place in [from 0x2000'0000 to 0x2001'7fef] { rw section GUARD_REGION };
define block ALIGN_CSTACK with alignment = 8 { rw section CSTACK };
define block DLIB_PERTHREAD_INITIALIZED_DATA { rw section __DLIB_PERTHREAD };
define block DLIB_PERTHREAD_ZERO_DATA { zi section __DLIB_PERTHREAD };
define block HEAP with size = 0M, alignment = 8 { };
define block APPRW_block
   with fixed order {
      block ALIGN_CSTACK, rw section .textrw, rw section .data,
      block DLIB_PERTHREAD_INITIALIZED_DATA, block DLIB_PERTHREAD_ZERO_DATA,
      rw section .bss, rw section .noinit, block HEAP };
"APP rw":
       place at end of [from 0x2000'0000 to 0x2001'7fef] { block APPRW_block };
do not initialize {
   rw section .noinit, rw section CSTACK, rw section RESETINFO,
   rw section EMHEAP, zi section SIMEE, zi section INTERNAL_STORAGE,
   zi section LONGTOKEN, zi section PSSTORE, zi section LOCKBITS_IN_MAINFLASH };
initialize by copy { rw };

No sections matched the following patterns:

  ro section .gatt_data             in block APPRO_block
  ro section .gatt_header           in block APPRO_block
  ro section .iar.init_table        in block APPRO_block
  ro section CODE                   in block APPRO_block
  ro section __DLIB_PERTHREAD_init  in block APPRO_block
  rw section .noinit                in block APPRW_block
  rw section DEBUG_CHANNEL          in "DEBUGCHAN"
  rw section __DLIB_PERTHREAD       in block DLIB_PERTHREAD_INITIALIZED_DATA
  zi section LONGTOKEN              in "SIMEE&LOCKBITS"
  zi section PSSTORE                in "SIMEE&LOCKBITS"
  zi section __DLIB_PERTHREAD       in block DLIB_PERTHREAD_ZERO_DATA


  Section                 Kind         Address     Size  Object
  -------                 ----         -------     ----  ------
"BAT":                                             0x54
  BAT                     uninit           0x0     0x54  cstartup-common.o [12]
                                        - 0x54     0x54

"HEADERS":                                         0xac
  HEADER_block                          0x4000     0xac  <Block>
    AAT                   const         0x4000     0xac  cstartup-common.o [12]
                                      - 0x40ac     0xac

"APP ro":                                       0x3a0a4
  APPRO_block                           0x4100  0x3a0a4  <Block>
    .intvec               const         0x4100    0x134  startup_efr32mg21.o [61]
    Initializer bytes     const         0x4234    0x135  <for rw section .textrw-1>
    .text                               0x436c  0x31a86  <Block>
      .text               ro code       0x436c    0x12c  zll-utility-server.o [48]
      .text               ro code       0x4498    0x8dc  util.o [41]
      .text               ro code       0x4d74    0x114  callback-stub.o [1]
      .text               ro code       0x4e88    0x16c  message.o [41]
      .text               ro code       0x4ff4    0x27c  client-api.o [41]
      .text               ro code       0x5270    0xcb8  attribute-storage.o [41]
      .text               ro code       0x5f28    0x4e6  attribute-table.o [41]
      .text               ro code       0x640e     0xbe  mem-util.o [1]
      .text               ro code       0x64cc     0x58  multi-network.o [41]
      .text               ro code       0x6524    0x19e  af-event.o [41]
      .text               ro code       0x66c2      0x2  identify-cli.o [23]
      .text               ro code       0x66c4    0x230  zll-commissioning-common.o [42]
      .text               ro code       0x68f4    0xeec  green-power-client.o [18]
      .text               ro code       0x77e0    0x9f8  reporting.o [33]
      .text               ro code       0x81d8     0x88  interpan-soc.o [24]
      .text               ro code       0x8260    0x16c  counters-soc.o [9]
      .text               ro code       0x83cc   0x1490  association.o [72]
      .text               ro code       0x985c    0x204  ember-stack-common.o [72]
      .text               ro code       0x9a60    0x124  print.o [41]
      .text               ro code       0x9b84    0x118  time-util.o [41]
      .text               ro code       0x9c9c    0x14c  print-formatter.o [41]
      .text               ro code       0x9de8    0x42c  groups-server.o [20]
      .text               ro code       0xa214     0x50  process-cluster-message.o [41]
      .text               ro code       0xa264    0x4ea  process-global-message.o [41]
      .text               ro code       0xa74e      0x2  startup_efr32mg21.o [61]
      .text               ro code       0xa750    0x2c4  ember-multi-network-stub.o [66]
      .text               ro code       0xaa14     0x18  ABImemcpy_small.o [68]
      .text               ro code       0xaa2c     0x64  znet-bookkeeping.o [1]
      .text               ro code       0xaa90    0x55c  interpan.o [24]
      .text               ro code       0xafec    0x988  af-main-common.o [41]
      .text               ro code       0xb974    0x340  address-table.o [72]
      .text               ro code       0xbcb4    0x4d0  binding-table.o [49]
      .text               ro code       0xc184     0x50  random.o [1]
      .text               ro code       0xc1d4    0x5ba  af-main-soc.o [41]
      .text               ro code       0xc78e      0x2  startup_efr32mg21.o [61]
      .text               ro code       0xc790     0x98  micro-common.o [12]
      .text               ro code       0xc828    0x2cc  token.o [12]
      .text               ro code       0xcaf4     0x24  attribute-size.o [41]
      .text               ro code       0xcb18     0x12  ABImemset_small.o [68]
      .text               ro code       0xcb2a      0x2  startup_efr32mg21.o [61]
      .text               ro code       0xcb2c    0x24c  event-control.o [72]
      .text               ro code       0xcd78     0x10  crypto-state.o [41]
      .text               ro code       0xcd88    0xdcc  scenes.o [35]
      .text               ro code       0xdb54    0x1d4  zll-commissioning-server.o [43]
      .text               ro code       0xdd28    0x810  zll-api.o [74]
      .text               ro code       0xe538    0x3fe  leave.o [72]
      .text               ro code       0xe936    0x128  zll-tokens.o [74]
      .text               ro code       0xea5e      0x2  startup_efr32mg21.o [61]
      .text               ro code       0xea60    0xc54  gp-data.o [60]
      .text               ro code       0xf6b4    0x728  scan.o [72]
      .text               ro code       0xfddc    0x100  zigbee-dispatch.o [72]
      .text               ro code       0xfedc      0x6  ABImemclr4.o [68]
      .text               ro code       0xfee2      0x2  startup_efr32mg21.o [61]
      .text               ro code       0xfee4    0x15a  green-power-common.o [19]
      .text               ro code     0x1'003e      0x2  startup_efr32mg21.o [61]
      .text               ro code     0x1'0040    0x824  gp-proxy-table.o [60]
      .text               ro code     0x1'0864    0x424  zigbee-stack.o [72]
      .text               ro code     0x1'0c88   0x1900  network.o [72]
      .text               ro code     0x1'2588     0x7a  gp-util.o [60]
      .text               ro code     0x1'2602     0x3a  zero_init3.o [68]
      .text               ro code     0x1'263c    0x268  green-power-client-cli.o [18]
      .text               ro code     0x1'28a4     0x78  reporting-default-configuration.o [33]
      .text               ro code     0x1'291c     0xb4  system-timer.o [61]
      .text               ro code     0x1'29d0    0x76c  packet-buffer.o [72]
      .text               ro code     0x1'313c    0x9d0  upper-mac.o [72]
      .text               ro code     0x1'3b0c    0x380  mac-header.o [72]
      .text               ro code     0x1'3e8c    0x1fc  assert-crash-handlers.o [12]
      .text               ro code     0x1'4088    0x310  child-handling.o [72]
      .text               ro code     0x1'4398    0x8e8  beacon-handling.o [72]
      .text               ro code     0x1'4c80    0x9cc  zigbee-device-util.o [72]
      .text               ro code     0x1'564c    0x184  token-cache.o [72]
      .text               ro code     0x1'57d0    0x2f8  management.o [72]
      .text               ro code     0x1'5ac8     0x14  debug-extended-stub.o [57]
      .text               ro code     0x1'5adc    0x36c  random-id.o [72]
      .text               ro code     0x1'5e48    0xdb8  aps-security.o [69]
      .text               ro code     0x1'6c00    0x74c  child.o [72]
      .text               ro code     0x1'734c     0x14  strong-random-api.o [39]
      .text               ro code     0x1'7360    0x628  command.o [72]
      .text               ro code     0x1'7988    0x168  child-aging.o [72]
      .text               ro code     0x1'7af0      0xc  ember-multi-phy-stub.o [72]
      .text               ro code     0x1'7afc     0x4c  ember-configuration.o [1]
      .text               ro code     0x1'7b48    0x258  packet-header.o [72]
      .text               ro code     0x1'7da0     0x5e  byte-utilities.o [72]
      .text               ro code     0x1'7dfe     0x7a  lz77_init_single.o [68]
      .text               ro code     0x1'7e78    0x5d0  zigbee-packet-header.o [72]
      .text               ro code     0x1'8448     0x48  child-table.o [72]
      .text               ro code     0x1'8490    0x5b5  mac-indirect.o [72]
      .text               ro code     0x1'8a48    0x302  retry.o [72]
      .text               ro code     0x1'8d4c    0x7dc  neighbor.o [72]
      .text               ro code     0x1'9528    0x664  trust-center-util.o [69]
      .text               ro code     0x1'9b8c     0x34  mac-info-element-parsing-stub.o [73]
      .text               ro code     0x1'9bc0   0x1378  phy.o [72]
      .text               ro code     0x1'af38    0x45c  zdo-channel.o [72]
      .text               ro code     0x1'b394    0x6b0  aps-keys.o [69]
      .text               ro code     0x1'ba44     0x1c  zdo-r22-stub.o [73]
      .text               ro code     0x1'ba60     0x2c  mac-dispatch.o [72]
      .text               ro code     0x1'ba8c    0x2ae  ember-printf.o [13]
      .text               ro code     0x1'bd3c     0xae  serial.o [37]
      .text               ro code     0x1'bdec   0x1010  call-command-handler.o [1]
      .text               ro code     0x1'cdfc    0x1f8  zigbee-neighbor.o [72]
      .text               ro code     0x1'cff4    0x220  z3_lite_timer_mg21_v660_callbacks.o [1]
      .text               ro code     0x1'd214    0x238  network-creator-security.o [28]
      .text               ro code     0x1'd44c     0x20  heartbeat.o [22]
      .text               ro code     0x1'd46c    0x108  update-tc-link-key.o [40]
      .text               ro code     0x1'd574    0x294  zigbee-device-library.o [1]
      .text               ro code     0x1'd808    0x46c  service-discovery-common.o [41]
      .text               ro code     0x1'dc74    0x604  network-steering.o [29]
      .text               ro code     0x1'e278    0x954  aps-retry.o [72]
      .text               ro code     0x1'ebcc      0x8  em_core.o [15]
      .text               ro code     0x1'ebd4    0x5a2  micro.o [12]
      .text               ro code     0x1'f178     0xa4  cstartup-common.o [12]
      .text               ro code     0x1'f21c    0x3b0  diagnostic.o [12]
      .text               ro code     0x1'f5cc     0x1c  security-address-cache.o [1]
      .text               ro code     0x1'f5e8    0x748  command-interpreter2.o [1]
      .text               ro code     0x1'fd30    0x272  mfg-token.o [12]
      .text               ro code     0x1'ffa4    0xa58  application-support.o [72]
      .text               ro code     0x2'09fc    0x168  scan-dispatch.o [34]
      .text               ro code     0x2'0b64      0x4  faults-v7m.o [12]
      .text               ro code     0x2'0b68    0x780  em_cmu.o [15]
      .text               ro code     0x2'12e8     0xba  em_wdog.o [15]
      .text               ro code     0x2'13a2      0x4  sim-eeprom2-to-nvm3-upgrade-stub.o [71]
      .text               ro code     0x2'13a8   0x1a5e  nvm3.o [63]
      .text               ro code     0x2'2e06      0x6  ember-base-configuration.o [1]
      .text               ro code     0x2'2e0c      0xc  em_core.o [15]
      .text               ro code     0x2'2e18      0x6  em_core.o [15]
      .text               ro code     0x2'2e1e     0x1a  em_core.o [15]
      .text               ro code     0x2'2e38    0x1ba  zll-scenes-server.o [47]
      .text               ro code     0x2'2ff4    0x984  zll-interpan.o [74]
      .text               ro code     0x2'3978    0x184  zll-security.o [74]
      .text               ro code     0x2'3afc     0xe4  af-trust-center.o [41]
      .text               ro code     0x2'3be0     0xb4  aes-efm32.o [72]
      .text               ro code     0x2'3c94    0x428  crypto.o [72]
      .text               ro code     0x2'40bc    0x46c  lower-mac-efr32.o [72]
      .text               ro code     0x2'4528     0x28  enhanced-beacon-request-stub.o [73]
      .text               ro code     0x2'4550     0x32  ABImemset48.o [68]
      .text               ro code     0x2'4584    0x218  debug-jtag-efr32.o [11]
      .text               ro code     0x2'479c     0x90  ember-library.o [72]
      .text               ro code     0x2'482c    0x3a6  rail_rf.o [64]
      .text               ro code     0x2'4bd2     0x12  phy-util.o [72]
      .text               ro code     0x2'4be4    0x2d8  debug.o [56]
      .text               ro code     0x2'4ebc      0x6  cbke-crypto-engine-163k1-stub.o [50]
      .text               ro code     0x2'4ec2      0x6  cbke-crypto-engine-283k1-stub.o [51]
      .text               ro code     0x2'4ec8    0x1c4  broadcast.o [72]
      .text               ro code     0x2'508c    0x538  route-table.o [72]
      .text               ro code     0x2'55c4      0xe  cbke-crypto-engine-stub.o [55]
      .text               ro code     0x2'55d4     0x58  micro-common-internal.o [61]
      .text               ro code     0x2'562c    0x22c  store-forward.o [72]
      .text               ro code     0x2'5858     0x64  unicast-table.o [72]
      .text               ro code     0x2'58bc    0x4fc  aps-encryption.o [69]
      .text               ro code     0x2'5db8    0x278  jit.o [72]
      .text               ro code     0x2'6030    0x7c6  route-discovery.o [72]
      .text               ro code     0x2'67f8     0x7a  led.o [12]
      .text               ro code     0x2'6872      0x8  packet-validate-stub.o [67]
      .text               ro code     0x2'687a    0x154  route-error.o [72]
      .text               ro code     0x2'69d0    0x39c  neighbor-exchange.o [72]
      .text               ro code     0x2'6d6c    0x5f8  rtcdriver.o [14]
      .text               ro code     0x2'7364    0x18c  ustimer.o [14]
      .text               ro code     0x2'74f0    0x170  sleep-efm32.o [12]
      .text               ro code     0x2'7660      0x8  em_core.o [15]
      .text               ro code     0x2'7668     0x50  micro-internal.o [61]
      .text               ro code     0x2'76b8    0xa5c  zigbee-device.o [72]
      .text               ro code     0x2'8114      0x8  end-device-bind-stub.o [59]
      .text               ro code     0x2'811c     0x6c  install-code-tokens.o [62]
      .text               ro code     0x2'8188    0x528  aps-keys-transient.o [69]
      .text               ro code     0x2'86b0     0x62  hmac.o [69]
      .text               ro code     0x2'8712     0x1a  aps-keys-full-stub.o [70]
      .text               ro code     0x2'872c      0x4  ember-duty-cycle-stub.o [72]
      .text               ro code     0x2'8730     0x22  I64Shl.o [68]
      .text               ro code     0x2'8752      0xc  coexistence-802154.o [7]
      .text               ro code     0x2'8760    0x130  rail_singleprotocol.o [64]
      .text               ro code     0x2'8890     0xbe  rail_calibration.o [64]
      .text               ro code     0x2'8950     0xbe  rail_tx.o [64]
      .text               ro code     0x2'8a10    0x1c8  rail_ieee802154.o [64]
      .text               ro code     0x2'8bd8     0x5e  duty-cycle-stub.o [72]
      .text               ro code     0x2'8c38     0x34  antenna-stub.o [4]
      .text               ro code     0x2'8c6c     0xa0  rail_data.o [64]
      .text               ro code     0x2'8d0c     0x26  rail_rx.o [64]
      .text               ro code     0x2'8d34     0x18  eui64.o [72]
      .text               ro code     0x2'8d4c     0xb0  rail_autoack.o [64]
      .text               ro code     0x2'8dfc      0x6  rail_pti.o [64]
      .text               ro code     0x2'8e02      0x2  phy.o [72]
      .text               ro code     0x2'8e04     0xca  security-config-mfg-3xx.o [69]
      .text               ro code     0x2'8ed0    0x762  com.o [36]
      .text               ro code     0x2'9634     0x28  basic.o [5]
      .text               ro code     0x2'965c    0x11c  identify.o [23]
      .text               ro code     0x2'9778    0x142  zll-identify-server.o [44]
      .text               ro code     0x2'98bc    0x1c4  on-off.o [32]
      .text               ro code     0x2'9a80    0x3f0  zll-on-off-server.o [46]
      .text               ro code     0x2'9e70    0x70c  level-control.o [25]
      .text               ro code     0x2'a57c    0xdfa  color-control-server.o [8]
      .text               ro code     0x2'b378     0x44  find-and-bind-target.o [17]
      .text               ro code     0x2'b3bc    0x368  network-creator.o [27]
      .text               ro code     0x2'b724    0x1ba  em_timer.o [15]
      .text               ro code     0x2'b8e0    0x134  em_gpio.o [15]
      .text               ro code     0x2'ba14    0x100  zigbee-device-common.o [1]
      .text               ro code     0x2'bb14     0x56  service-discovery-soc.o [41]
      .text               ro code     0x2'bb6c     0x68  network-steering-soc.o [29]
      .text               ro code     0x2'bbd4      0x2  af-security-common.o [41]
      .text               ro code     0x2'bbd8     0x1c  em_system.o [15]
      .text               ro code     0x2'bbf4     0xc4  hal-config.o [21]
      .text               ro code     0x2'bcb8    0x194  tempdrv.o [14]
      .text               ro code     0x2'be4c     0x82  em_emu.o [15]
      .text               ro code     0x2'bed0     0x1c  pa_conversions_efr32.o [64]
      .text               ro code     0x2'beec     0x1c  em_rmu.o [15]
      .text               ro code     0x2'bf08    0x524  core-cli.o [41]
      .text               ro code     0x2'c42c     0xf0  em_se.o [15]
      Veneer              ro code     0x2'c51c      0x8  - Linker created -
      .text               ro code     0x2'c524     0xbc  flash.o [61]
      .text               ro code     0x2'c5e0      0x4  cbke-crypto-engine-dsa-sign-stub.o [52]
      .text               ro code     0x2'c5e4     0x70  faults-v7m.o [12]
      .text               ro code     0x2'c654    0x148  system_efr32mg21.o [15]
      .text               ro code     0x2'c79c    0x256  nvm3_page.o [63]
      .text               ro code     0x2'c9f4    0x1ba  nvm3_object.o [63]
      .text               ro code     0x2'cbb0    0x1fa  nvm3_cache.o [63]
      .text               ro code     0x2'cdaa     0x3e  nvm3_utils.o [63]
      .text               ro code     0x2'cde8     0x10  nvm3_lock.o [30]
      .text               ro code     0x2'cdf8      0xc  nvm3_lock.o [30]
      .text               ro code     0x2'ce04     0x24  crc.o [1]
      .text               ro code     0x2'ce28    0x14e  aes-mmo.o [69]
      .text               ro code     0x2'cf78    0x134  se_aes.o [26]
      .text               ro code     0x2'd0ac    0x1c8  ccm-star.o [6]
      .text               ro code     0x2'd274    0x10c  symbol-timer.o [72]
      .text               ro code     0x2'd380    0x170  SEGGER_RTT.o [10]
      .text               ro code     0x2'd4f0     0x28  rfhal_module.o [64]
      .text               ro code     0x2'd518   0x14f4  rail_rf_hal.o [64]
      .text               ro code     0x2'ea0c     0x18  rail_assert.o [64]
      .text               ro code     0x2'ea24     0xc0  pa_conversions_efr32.o [64]
      .text               ro code     0x2'eae4      0x8  em_core.o [15]
      .text               ro code     0x2'eaec      0x6  em_core.o [15]
      .text               ro code     0x2'eaf4     0xb8  rfhal_antenna.o [64]
      .text               ro code     0x2'ebac     0x9c  em_rtcc.o [15]
      .text               ro code     0x2'ec48    0x106  I64DivMod_small.o [68]
      .text               ro code     0x2'ed50    0x1c4  zdo-binding-table.o [49]
      .text               ro code     0x2'ef14      0x6  rail_rssi.o [64]
      .text               ro code     0x2'ef1c     0x60  rfhal_ircal.o [64]
      .text               ro code     0x2'ef7c     0xac  pa_conversions_efr32.o [64]
      .text               ro code     0x2'f028    0x274  rail_ieee802154_rf_hal.o [64]
      .text               ro code     0x2'f29c    0xb34  uartdrv.o [14]
      .text               ro code     0x2'fdd0    0x1ea  em_usart.o [15]
      .text               ro code     0x2'ffba     0x1e  zll-level-control-server.o [45]
      .text               ro code     0x2'ffd8    0x156  button.o [12]
      .text               ro code     0x3'012e      0x2  em_emu.o [15]
      .text               ro code     0x3'0130     0x30  em_msc.o [15]
      .text               ro code     0x3'0160     0x1c  se_management.o [26]
      .text               ro code     0x3'017c      0x4  rail_timer.o [64]
      .text               ro code     0x3'0180     0x18  strcpy.o [68]
      .text               ro code     0x3'0198    0x2cc  rfhal_timings.o [64]
      .text               ro code     0x3'0464    0xe58  generic_phy.o [64]
      .text               ro code     0x3'12bc    0x5b4  rfhal_radio.o [64]
      .text               ro code     0x3'1870    0x774  rfhal_pa.o [64]
      .text               ro code     0x3'1fe4    0x5f8  rfhal_bufc.o [64]
      .text               ro code     0x3'25dc    0x4f6  rfhal_protimer.o [64]
      .text               ro code     0x3'2ad4     0x2c  rfhal_tempcal.o [64]
      .text               ro code     0x3'2b00    0x2f8  rfhal_synth.o [64]
      .text               ro code     0x3'2df8    0x120  rfhal_rand.o [64]
      .text               ro code     0x3'2f18     0xc0  rfhal_pti.o [64]
      .text               ro code     0x3'2fd8      0x2  I64DivZer.o [68]
      .text               ro code     0x3'2fdc    0x430  dmadrv.o [14]
      .text               ro code     0x3'340c     0xc0  gpiointerrupt.o [14]
      .text               ro code     0x3'34cc     0x4c  em_core.o [15]
      .text               ro code     0x3'3518     0x14  rail_ble_rf_hal.o [64]
      .text               ro code     0x3'352c     0x44  seq_globals.o [64]
      .text               ro code     0x3'3570     0x1e  U64Shr.o [68]
      .text               ro code     0x3'3590      0x6  ABImemclr.o [68]
      .text               ro code     0x3'3598    0x184  em_ldma.o [15]
      .text               ro code     0x3'371c     0x40  em_core.o [15]
      .text               ro code     0x3'375c    0x38e  zll-commissioning-cli.o [42]
      .text               ro code     0x3'3aec    0x2d0  network-cli.o [41]
      .text               ro code     0x3'3dbc    0x360  option-cli.o [41]
      .text               ro code     0x3'411c    0x360  security-cli.o [41]
      .text               ro code     0x3'447c    0x9f2  zcl-cli.o [41]
      .text               ro code     0x3'4e70    0x58a  zdo-cli.o [41]
      .text               ro code     0x3'53fc     0x18  scenes-cli.o [35]
      .text               ro code     0x3'5414     0xb0  reporting-cli.o [33]
      Veneer              ro code     0x3'54c4      0x8  - Linker created -
      .text               ro code     0x3'54cc     0xe0  nvm3_hal_flash.o [31]
      .text               ro code     0x3'55ac     0x1e  memcmp_small.o [68]
      .text               ro code     0x3'55cc    0x21a  network-steering-cli.o [29]
      .text               ro code     0x3'57e8     0xe4  network-creator-security-cli.o [28]
      .text               ro code     0x3'58cc    0x16c  network-creator-cli.o [27]
      .text               ro code     0x3'5a38     0xd4  interpan-cli.o [24]
      .text               ro code     0x3'5b0c     0x5c  groups-server-cli.o [20]
      .text               ro code     0x3'5b68      0x4  faults-v7m.o [12]
      .text               ro code     0x3'5b6c      0x4  faults-v7m.o [12]
      .text               ro code     0x3'5b70      0x4  faults-v7m.o [12]
      .text               ro code     0x3'5b74      0x4  faults-v7m.o [12]
      .text               ro code     0x3'5b78      0x4  faults-v7m.o [12]
      .text               ro code     0x3'5b7c      0x4  faults-v7m.o [12]
      .text               ro code     0x3'5b80      0x4  isr-stubs.o [12]
      .text               ro code     0x3'5b84     0xc0  counters-cli.o [9]
      .text               ro code     0x3'5c44     0xac  library.o [1]
      .text               ro code     0x3'5cf0     0x1c  rfhal_rtccsync.o [64]
      .text               ro code     0x3'5d0c     0x22  fpinit_M.o [65]
      .text               ro code     0x3'5d30     0x1e  cmain.o [68]
      .text               ro code     0x3'5d4e      0x4  low_level_init.o [58]
      .text               ro code     0x3'5d54     0x28  data_init.o [68]
      .text               ro code     0x3'5d7c     0x12  simple-main.o [38]
      .text               ro code     0x3'5d8e      0x4  exit.o [58]
      .text               ro code     0x3'5d94      0xa  cexit.o [68]
      .text               ro code     0x3'5da0      0xc  XXexit.o [68]
      .text               ro code     0x3'5dac     0x10  update-tc-link-key-cli.o [40]
      .text               ro code     0x3'5dbc     0x12  find-and-bind-target-cli.o [17]
      .text               ro code     0x3'5dce      0xa  znet-cli.o [1]
      .text               ro code     0x3'5dd8      0xe  startup_efr32mg21.o [61]
      .text               ro code     0x3'5de6      0xc  cstartup_M.o [68]
    .rodata               const       0x3'5df4      0x4  zll-utility-server.o [48]
    .rodata               const       0x3'5df8      0x4  zll-scenes-server.o [47]
    .rodata               const       0x3'5dfc      0x8  zll-on-off-server.o [46]
    .rodata               const       0x3'5e04      0x8  zll-on-off-server.o [46]
    .rodata               const       0x3'5e0c     0x10  zll-on-off-server.o [46]
    .rodata               const       0x3'5e1c     0x18  zll-on-off-server.o [46]
    .rodata               const       0x3'5e34      0x4  zll-commissioning-server.o [43]
    .rodata               const       0x3'5e38     0x1c  zll-commissioning-server.o [43]
    .rodata               const       0x3'5e54     0x20  zll-commissioning-server.o [43]
    .rodata               const       0x3'5e74     0x2c  zll-commissioning-cli.o [42]
    .rodata               const       0x3'5ea0     0x2c  zll-commissioning-cli.o [42]
    .rodata               const       0x3'5ecc      0x8  zll-commissioning-cli.o [42]
    .rodata               const       0x3'5ed4      0x8  zll-commissioning-cli.o [42]
    .rodata               const       0x3'5edc     0x18  zll-commissioning-cli.o [42]
    .rodata               const       0x3'5ef4     0x18  zll-commissioning-cli.o [42]
    .rodata               const       0x3'5f0c     0x14  zll-commissioning-cli.o [42]
    .rodata               const       0x3'5f20      0xc  zll-commissioning-cli.o [42]
    .rodata               const       0x3'5f2c     0x10  zll-commissioning-cli.o [42]
    .rodata               const       0x3'5f3c      0x8  zll-commissioning-cli.o [42]
    .rodata               const       0x3'5f44      0x8  zll-commissioning-cli.o [42]
    .rodata               const       0x3'5f4c      0xc  zll-commissioning-cli.o [42]
    .rodata               const       0x3'5f58      0x8  zll-commissioning-cli.o [42]
    .rodata               const       0x3'5f60      0xc  zll-commissioning-cli.o [42]
    .rodata               const       0x3'5f6c      0xc  zll-commissioning-cli.o [42]
    .rodata               const       0x3'5f78     0x10  zll-commissioning-cli.o [42]
    .rodata               const       0x3'5f88     0x28  zll-commissioning-cli.o [42]
    .rodata               const       0x3'5fb0     0x28  zll-commissioning-cli.o [42]
    .rodata               const       0x3'5fd8     0x18  zll-commissioning-cli.o [42]
    .rodata               const       0x3'5ff0     0x14  zll-commissioning-cli.o [42]
    .rodata               const       0x3'6004     0x18  zll-commissioning-cli.o [42]
    .rodata               const       0x3'601c     0x18  zll-commissioning-cli.o [42]
    .rodata               const       0x3'6034     0x1c  zll-commissioning-cli.o [42]
    .rodata               const       0x3'6050     0x14  zll-commissioning-cli.o [42]
    .rodata               const       0x3'6064     0x20  zll-commissioning-cli.o [42]
    .rodata               const       0x3'6084     0x10  zll-commissioning-cli.o [42]
    .rodata               const       0x3'6094      0x8  zll-commissioning-cli.o [42]
    .rodata               const       0x3'609c      0xc  zll-commissioning-cli.o [42]
    .rodata               const       0x3'60a8      0xc  zll-commissioning-cli.o [42]
    .rodata               const       0x3'60b4     0x30  zll-commissioning-common.o [42]
    .rodata               const       0x3'60e4     0x1c  zll-commissioning-common.o [42]
    .rodata               const       0x3'6100     0x28  zll-commissioning-common.o [42]
    .rodata               const       0x3'6128     0x14  zll-commissioning-common.o [42]
    .rodata               const       0x3'613c      0x8  zll-commissioning-common.o [42]
    .rodata               const       0x3'6144     0x18  zll-commissioning-common.o [42]
    .rodata               const       0x3'615c     0x18  zll-commissioning-common.o [42]
    .rodata               const       0x3'6174     0x30  zll-commissioning-common.o [42]
    .rodata               const       0x3'61a4     0x20  zll-commissioning-common.o [42]
    .rodata               const       0x3'61c4     0x18  zll-commissioning-common.o [42]
    .rodata               const       0x3'61dc     0x10  zll-commissioning-common.o [42]
    .rodata               const       0x3'61ec     0x20  af-event.o [41]
    .rodata               const       0x3'620c     0x20  af-event.o [41]
    .rodata               const       0x3'622c     0x20  af-event.o [41]
    .rodata               const       0x3'624c     0x20  af-event.o [41]
    .rodata               const       0x3'626c     0x20  af-event.o [41]
    .rodata               const       0x3'628c     0x1c  af-event.o [41]
    .rodata               const       0x3'62a8     0x24  af-event.o [41]
    .rodata               const       0x3'62cc     0x20  af-event.o [41]
    .rodata               const       0x3'62ec     0x1c  af-event.o [41]
    .rodata               const       0x3'6308     0x24  af-event.o [41]
    .rodata               const       0x3'632c     0x20  af-event.o [41]
    .rodata               const       0x3'634c     0x38  af-event.o [41]
    .rodata               const       0x3'6384     0x34  af-event.o [41]
    .rodata               const       0x3'63b8     0x34  af-event.o [41]
    .rodata               const       0x3'63ec     0x24  af-event.o [41]
    .rodata               const       0x3'6410     0x2c  af-event.o [41]
    .rodata               const       0x3'643c     0x20  af-event.o [41]
    .rodata               const       0x3'645c     0x24  af-event.o [41]
    .rodata               const       0x3'6480     0x2c  af-event.o [41]
    .rodata               const       0x3'64ac     0x28  af-event.o [41]
    .rodata               const       0x3'64d4     0x18  af-event.o [41]
    .rodata               const       0x3'64ec     0x1c  af-event.o [41]
    .rodata               const       0x3'6508     0x30  af-event.o [41]
    .rodata               const       0x3'6538     0x24  af-event.o [41]
    .rodata               const       0x3'655c     0x30  af-event.o [41]
    .rodata               const       0x3'658c     0x30  af-event.o [41]
    .rodata               const       0x3'65bc     0x30  af-event.o [41]
    .rodata               const       0x3'65ec     0xe0  af-event.o [41]
    .rodata               const       0x3'66cc      0xc  af-main-common.o [41]
    .rodata               const       0x3'66d8      0x8  af-main-common.o [41]
    .rodata               const       0x3'66e0      0x8  af-main-common.o [41]
    .rodata               const       0x3'66e8      0x8  af-main-common.o [41]
    .rodata               const       0x3'66f0      0x8  af-main-common.o [41]
    .rodata               const       0x3'66f8      0x8  af-main-common.o [41]
    .rodata               const       0x3'6700      0x8  af-main-common.o [41]
    .rodata               const       0x3'6708      0x4  af-main-common.o [41]
    .rodata               const       0x3'670c      0x8  af-main-common.o [41]
    .rodata               const       0x3'6714      0x8  af-main-common.o [41]
    .rodata               const       0x3'671c     0x10  af-main-common.o [41]
    .rodata               const       0x3'672c      0x8  af-main-common.o [41]
    .rodata               const       0x3'6734      0x4  af-main-common.o [41]
    .rodata               const       0x3'6738     0x3c  af-main-common.o [41]
    .rodata               const       0x3'6774     0x18  af-main-common.o [41]
    .rodata               const       0x3'678c     0x28  af-main-common.o [41]
    .rodata               const       0x3'67b4     0x14  af-main-common.o [41]
    .rodata               const       0x3'67c8      0x8  af-main-common.o [41]
    .rodata               const       0x3'67d0      0x8  af-main-common.o [41]
    .rodata               const       0x3'67d8     0x10  af-main-common.o [41]
    .rodata               const       0x3'67e8     0x28  af-main-common.o [41]
    .rodata               const       0x3'6810     0x18  af-main-common.o [41]
    .rodata               const       0x3'6828     0x1c  af-main-common.o [41]
    .rodata               const       0x3'6844     0x24  af-main-common.o [41]
    .rodata               const       0x3'6868      0x8  af-main-common.o [41]
    .rodata               const       0x3'6870     0x14  af-main-common.o [41]
    .rodata               const       0x3'6884     0x30  af-main-common.o [41]
    .rodata               const       0x3'68b4     0x14  af-main-common.o [41]
    .rodata               const       0x3'68c8      0x8  af-main-common.o [41]
    .rodata               const       0x3'68d0      0x8  af-main-common.o [41]
    .rodata               const       0x3'68d8      0xc  af-main-common.o [41]
    .rodata               const       0x3'68e4      0x8  af-main-common.o [41]
    .rodata               const       0x3'68ec     0x10  af-main-common.o [41]
    .rodata               const       0x3'68fc      0x8  af-main-common.o [41]
    .rodata               const       0x3'6904      0xc  af-main-common.o [41]
    .rodata               const       0x3'6910     0x20  af-main-common.o [41]
    .rodata               const       0x3'6930      0xc  af-main-common.o [41]
    .rodata               const       0x3'693c      0xc  af-main-common.o [41]
    .rodata               const       0x3'6948      0x8  af-main-common.o [41]
    .rodata               const       0x3'6950     0x30  af-main-common.o [41]
    .rodata               const       0x3'6980     0x1c  af-main-common.o [41]
    .rodata               const       0x3'699c      0x8  af-main-common.o [41]
    .rodata               const       0x3'69a4     0x18  af-main-common.o [41]
    .rodata               const       0x3'69bc      0x4  af-main-common.o [41]
    .rodata               const       0x3'69c0     0x10  af-main-common.o [41]
    .rodata               const       0x3'69d0     0x48  af-main-common.o [41]
    .rodata               const       0x3'6a18     0x18  af-main-soc.o [41]
    .rodata               const       0x3'6a30     0x20  af-main-soc.o [41]
    .rodata               const       0x3'6a50     0x14  af-main-soc.o [41]
    .rodata               const       0x3'6a64      0x8  af-main-soc.o [41]
    .rodata               const       0x3'6a6c     0x10  af-main-soc.o [41]
    .rodata               const       0x3'6a7c      0x4  af-main-soc.o [41]
    .rodata               const       0x3'6a80     0x18  af-main-soc.o [41]
    .rodata               const       0x3'6a98      0xc  af-main-soc.o [41]
    .rodata               const       0x3'6aa4      0xc  af-main-soc.o [41]
    .rodata               const       0x3'6ab0     0x18  af-main-soc.o [41]
    .rodata               const       0x3'6ac8     0x18  af-main-soc.o [41]
    .rodata               const       0x3'6ae0      0x4  af-trust-center.o [41]
    .rodata               const       0x3'6ae4     0x30  attribute-size.o [41]
    .rodata               const       0x3'6b14      0x4  attribute-storage.o [41]
    .rodata               const       0x3'6b18      0x8  attribute-storage.o [41]
    .rodata               const       0x3'6b20      0x8  attribute-storage.o [41]
    .rodata               const       0x3'6b28      0x4  attribute-storage.o [41]
    .rodata               const       0x3'6b2c     0x18  attribute-storage.o [41]
    .rodata               const       0x3'6b44      0x8  attribute-storage.o [41]
    .rodata               const       0x3'6b4c      0x4  attribute-storage.o [41]
    .rodata               const       0x3'6b50      0x4  attribute-storage.o [41]
    .rodata               const       0x3'6b54      0x4  attribute-storage.o [41]
    .rodata               const       0x3'6b58      0x4  attribute-storage.o [41]
    .rodata               const       0x3'6b5c      0x4  attribute-storage.o [41]
    .rodata               const       0x3'6b60    0x12c  attribute-storage.o [41]
    .rodata               const       0x3'6c8c      0x4  attribute-storage.o [41]
    .rodata               const       0x3'6c90    0x3d8  attribute-storage.o [41]
    .rodata               const       0x3'7068    0x12c  attribute-storage.o [41]
    .rodata               const       0x3'7194     0x18  attribute-storage.o [41]
    .rodata               const       0x3'71ac      0x4  attribute-storage.o [41]
    .rodata               const       0x3'71b0      0x4  attribute-storage.o [41]
    .rodata               const       0x3'71b4     0x10  core-cli.o [41]
    .rodata               const       0x3'71c4     0x10  core-cli.o [41]
    .rodata               const       0x3'71d4     0x1c  core-cli.o [41]
    .rodata               const       0x3'71f0      0x8  core-cli.o [41]
    .rodata               const       0x3'71f8     0x18  core-cli.o [41]
    .rodata               const       0x3'7210     0x18  core-cli.o [41]
    .rodata               const       0x3'7228      0x8  core-cli.o [41]
    .rodata               const       0x3'7230     0x20  core-cli.o [41]
    .rodata               const       0x3'7250      0xc  core-cli.o [41]
    .rodata               const       0x3'725c      0xc  core-cli.o [41]
    .rodata               const       0x3'7268     0x20  core-cli.o [41]
    .rodata               const       0x3'7288      0xc  core-cli.o [41]
    .rodata               const       0x3'7294     0x24  core-cli.o [41]
    .rodata               const       0x3'72b8      0xc  core-cli.o [41]
    .rodata               const       0x3'72c4      0x8  core-cli.o [41]
    .rodata               const       0x3'72cc      0x8  core-cli.o [41]
    .rodata               const       0x3'72d4     0x10  core-cli.o [41]
    .rodata               const       0x3'72e4      0xc  core-cli.o [41]
    .rodata               const       0x3'72f0     0x14  core-cli.o [41]
    .rodata               const       0x3'7304      0xc  core-cli.o [41]
    .rodata               const       0x3'7310     0x20  core-cli.o [41]
    .rodata               const       0x3'7330      0x8  core-cli.o [41]
    .rodata               const       0x3'7338      0xc  core-cli.o [41]
    .rodata               const       0x3'7344     0x34  core-cli.o [41]
    .rodata               const       0x3'7378     0x18  core-cli.o [41]
    .rodata               const       0x3'7390      0xc  core-cli.o [41]
    .rodata               const       0x3'739c      0xc  core-cli.o [41]
    .rodata               const       0x3'73a8     0x10  core-cli.o [41]
    .rodata               const       0x3'73b8      0xc  core-cli.o [41]
    .rodata               const       0x3'73c4      0xc  core-cli.o [41]
    .rodata               const       0x3'73d0     0x14  core-cli.o [41]
    .rodata               const       0x3'73e4     0x1c  core-cli.o [41]
    .rodata               const       0x3'7400      0x4  core-cli.o [41]
    .rodata               const       0x3'7404      0x8  core-cli.o [41]
    .rodata               const       0x3'740c      0xc  core-cli.o [41]
    .rodata               const       0x3'7418      0x8  core-cli.o [41]
    .rodata               const       0x3'7420     0x20  core-cli.o [41]
    .rodata               const       0x3'7440      0x8  core-cli.o [41]
    .rodata               const       0x3'7448     0x10  core-cli.o [41]
    .rodata               const       0x3'7458     0x10  core-cli.o [41]
    .rodata               const       0x3'7468      0x8  core-cli.o [41]
    .rodata               const       0x3'7470      0xc  core-cli.o [41]
    .rodata               const       0x3'747c      0x8  core-cli.o [41]
    .rodata               const       0x3'7484      0xc  core-cli.o [41]
    .rodata               const       0x3'7490     0x1c  core-cli.o [41]
    .rodata               const       0x3'74ac      0x4  core-cli.o [41]
    .rodata               const       0x3'74b0      0x8  network-cli.o [41]
    .rodata               const       0x3'74b8      0x8  network-cli.o [41]
    .rodata               const       0x3'74c0      0x8  network-cli.o [41]
    .rodata               const       0x3'74c8     0x18  network-cli.o [41]
    .rodata               const       0x3'74e0     0x1c  network-cli.o [41]
    .rodata               const       0x3'74fc     0x10  network-cli.o [41]
    .rodata               const       0x3'750c      0x8  network-cli.o [41]
    .rodata               const       0x3'7514     0x14  network-cli.o [41]
    .rodata               const       0x3'7528     0x14  network-cli.o [41]
    .rodata               const       0x3'753c     0x20  network-cli.o [41]
    .rodata               const       0x3'755c     0x1c  network-cli.o [41]
    .rodata               const       0x3'7578     0x18  network-cli.o [41]
    .rodata               const       0x3'7590     0x1c  network-cli.o [41]
    .rodata               const       0x3'75ac     0x10  network-cli.o [41]
    .rodata               const       0x3'75bc     0x1c  network-cli.o [41]
    .rodata               const       0x3'75d8     0x18  network-cli.o [41]
    .rodata               const       0x3'75f0      0x8  network-cli.o [41]
    .rodata               const       0x3'75f8     0x14  network-cli.o [41]
    .rodata               const       0x3'760c     0x14  network-cli.o [41]
    .rodata               const       0x3'7620      0x8  network-cli.o [41]
    .rodata               const       0x3'7628     0x1c  option-cli.o [41]
    .rodata               const       0x3'7644      0xc  option-cli.o [41]
    .rodata               const       0x3'7650     0x1c  option-cli.o [41]
    .rodata               const       0x3'766c     0x18  option-cli.o [41]
    .rodata               const       0x3'7684     0x14  option-cli.o [41]
    .rodata               const       0x3'7698      0xc  option-cli.o [41]
    .rodata               const       0x3'76a4      0x8  option-cli.o [41]
    .rodata               const       0x3'76ac      0x8  option-cli.o [41]
    .rodata               const       0x3'76b4      0x8  option-cli.o [41]
    .rodata               const       0x3'76bc      0x8  option-cli.o [41]
    .rodata               const       0x3'76c4      0x8  option-cli.o [41]
    .rodata               const       0x3'76cc      0x8  option-cli.o [41]
    .rodata               const       0x3'76d4      0x8  option-cli.o [41]
    .rodata               const       0x3'76dc     0x30  option-cli.o [41]
    .rodata               const       0x3'770c      0x8  option-cli.o [41]
    .rodata               const       0x3'7714      0x4  option-cli.o [41]
    .rodata               const       0x3'7718     0x24  option-cli.o [41]
    .rodata               const       0x3'773c     0x20  option-cli.o [41]
    .rodata               const       0x3'775c     0x18  option-cli.o [41]
    .rodata               const       0x3'7774     0x10  option-cli.o [41]
    .rodata               const       0x3'7784     0x24  option-cli.o [41]
    .rodata               const       0x3'77a8     0x3c  option-cli.o [41]
    .rodata               const       0x3'77e4     0x20  option-cli.o [41]
    .rodata               const       0x3'7804     0x14  option-cli.o [41]
    .rodata               const       0x3'7818     0x14  option-cli.o [41]
    .rodata               const       0x3'782c      0x4  print-formatter.o [41]
    .rodata               const       0x3'7830     0x18  print-formatter.o [41]
    .rodata               const       0x3'7848      0x4  print-formatter.o [41]
    .rodata               const       0x3'784c      0x4  print-formatter.o [41]
    .rodata               const       0x3'7850      0x4  print-formatter.o [41]
    .rodata               const       0x3'7854      0x8  print.o [41]
    .rodata               const       0x3'785c      0xc  print.o [41]
    .rodata               const       0x3'7868     0x1c  print.o [41]
    .rodata               const       0x3'7884      0x4  print.o [41]
    .rodata               const       0x3'7888     0x10  print.o [41]
    .rodata               const       0x3'7898     0x2c  process-cluster-message.o [41]
    .rodata               const       0x3'78c4      0x8  process-cluster-message.o [41]
    .rodata               const       0x3'78cc      0xc  process-global-message.o [41]
    .rodata               const       0x3'78d8     0x18  security-cli.o [41]
    .rodata               const       0x3'78f0      0x8  security-cli.o [41]
    .rodata               const       0x3'78f8     0x38  security-cli.o [41]
    .rodata               const       0x3'7930     0x10  security-cli.o [41]
    .rodata               const       0x3'7940      0x8  security-cli.o [41]
    .rodata               const       0x3'7948     0x14  security-cli.o [41]
    .rodata               const       0x3'795c      0x8  security-cli.o [41]
    .rodata               const       0x3'7964      0xc  security-cli.o [41]
    .rodata               const       0x3'7970      0x8  security-cli.o [41]
    .rodata               const       0x3'7978      0xc  security-cli.o [41]
    .rodata               const       0x3'7984     0x14  security-cli.o [41]
    .rodata               const       0x3'7998     0x10  security-cli.o [41]
    .rodata               const       0x3'79a8     0x28  security-cli.o [41]
    .rodata               const       0x3'79d0     0x38  security-cli.o [41]
    .rodata               const       0x3'7a08      0x8  security-cli.o [41]
    .rodata               const       0x3'7a10      0x8  security-cli.o [41]
    .rodata               const       0x3'7a18      0x8  security-cli.o [41]
    .rodata               const       0x3'7a20     0x10  security-cli.o [41]
    .rodata               const       0x3'7a30     0x3c  security-cli.o [41]
    .rodata               const       0x3'7a6c      0x8  security-cli.o [41]
    .rodata               const       0x3'7a74      0xc  security-cli.o [41]
    .rodata               const       0x3'7a80     0x44  security-cli.o [41]
    .rodata               const       0x3'7ac4      0x8  security-cli.o [41]
    .rodata               const       0x3'7acc      0xc  security-cli.o [41]
    .rodata               const       0x3'7ad8     0x50  security-cli.o [41]
    .rodata               const       0x3'7b28     0x24  time-util.o [41]
    .rodata               const       0x3'7b4c      0xc  time-util.o [41]
    .rodata               const       0x3'7b58      0x8  util.o [41]
    .rodata               const       0x3'7b60      0xc  util.o [41]
    .rodata               const       0x3'7b6c      0x8  util.o [41]
    .rodata               const       0x3'7b74      0x8  util.o [41]
    .rodata               const       0x3'7b7c      0x8  util.o [41]
    .rodata               const       0x3'7b84     0x10  util.o [41]
    .rodata               const       0x3'7b94      0xc  util.o [41]
    .rodata               const       0x3'7ba0     0x10  util.o [41]
    .rodata               const       0x3'7bb0     0x14  util.o [41]
    .rodata               const       0x3'7bc4     0x18  util.o [41]
    .rodata               const       0x3'7bdc      0x8  util.o [41]
    .rodata               const       0x3'7be4      0x8  util.o [41]
    .rodata               const       0x3'7bec     0x20  util.o [41]
    .rodata               const       0x3'7c0c      0xc  util.o [41]
    .rodata               const       0x3'7c18     0x20  util.o [41]
    .rodata               const       0x3'7c38     0x1c  util.o [41]
    .rodata               const       0x3'7c54      0x8  util.o [41]
    .rodata               const       0x3'7c5c     0x50  util.o [41]
    .rodata               const       0x3'7cac     0x20  util.o [41]
    .rodata               const       0x3'7ccc     0x14  util.o [41]
    .rodata               const       0x3'7ce0     0x24  zcl-cli.o [41]
    .rodata               const       0x3'7d04      0xc  zcl-cli.o [41]
    .rodata               const       0x3'7d10     0x44  zcl-cli.o [41]
    .rodata               const       0x3'7d54     0x28  zcl-cli.o [41]
    .rodata               const       0x3'7d7c     0x34  zcl-cli.o [41]
    .rodata               const       0x3'7db0     0x30  zcl-cli.o [41]
    .rodata               const       0x3'7de0      0x8  zcl-cli.o [41]
    .rodata               const       0x3'7de8     0x28  zcl-cli.o [41]
    .rodata               const       0x3'7e10     0x10  zcl-cli.o [41]
    .rodata               const       0x3'7e20     0x14  zcl-cli.o [41]
    .rodata               const       0x3'7e34     0x1c  zcl-cli.o [41]
    .rodata               const       0x3'7e50     0x14  zcl-cli.o [41]
    .rodata               const       0x3'7e64     0x24  zcl-cli.o [41]
    .rodata               const       0x3'7e88      0x8  zcl-cli.o [41]
    .rodata               const       0x3'7e90      0xc  zcl-cli.o [41]
    .rodata               const       0x3'7e9c     0x10  zcl-cli.o [41]
    .rodata               const       0x3'7eac      0x8  zcl-cli.o [41]
    .rodata               const       0x3'7eb4      0x8  zcl-cli.o [41]
    .rodata               const       0x3'7ebc     0x18  zcl-cli.o [41]
    .rodata               const       0x3'7ed4     0x18  zcl-cli.o [41]
    .rodata               const       0x3'7eec      0x8  zcl-cli.o [41]
    .rodata               const       0x3'7ef4     0x18  zcl-cli.o [41]
    .rodata               const       0x3'7f0c      0x8  zcl-cli.o [41]
    .rodata               const       0x3'7f14     0x18  zdo-cli.o [41]
    .rodata               const       0x3'7f2c     0x18  zdo-cli.o [41]
    .rodata               const       0x3'7f44     0x18  zdo-cli.o [41]
    .rodata               const       0x3'7f5c     0x40  zdo-cli.o [41]
    .rodata               const       0x3'7f9c     0x30  zdo-cli.o [41]
    .rodata               const       0x3'7fcc     0x10  zdo-cli.o [41]
    .rodata               const       0x3'7fdc     0x18  zdo-cli.o [41]
    .rodata               const       0x3'7ff4     0x20  zdo-cli.o [41]
    .rodata               const       0x3'8014     0x1c  zdo-cli.o [41]
    .rodata               const       0x3'8030     0x20  zdo-cli.o [41]
    .rodata               const       0x3'8050     0x20  zdo-cli.o [41]
    .rodata               const       0x3'8070     0x14  zdo-cli.o [41]
    .rodata               const       0x3'8084     0x20  zdo-cli.o [41]
    .rodata               const       0x3'80a4     0x20  zdo-cli.o [41]
    .rodata               const       0x3'80c4     0x18  zdo-cli.o [41]
    .rodata               const       0x3'80dc     0x1c  zdo-cli.o [41]
    .rodata               const       0x3'80f8     0x10  zdo-cli.o [41]
    .rodata               const       0x3'8108      0xc  zdo-cli.o [41]
    .rodata               const       0x3'8114     0x18  zdo-cli.o [41]
    .rodata               const       0x3'812c     0x14  zdo-cli.o [41]
    .rodata               const       0x3'8140      0x8  zdo-cli.o [41]
    .rodata               const       0x3'8148      0x8  zdo-cli.o [41]
    .rodata               const       0x3'8150     0x34  zdo-cli.o [41]
    .rodata               const       0x3'8184     0x14  zdo-cli.o [41]
    .rodata               const       0x3'8198      0x4  update-tc-link-key.o [40]
    .rodata               const       0x3'819c     0x14  update-tc-link-key.o [40]
    .rodata               const       0x3'81b0     0x18  update-tc-link-key.o [40]
    .rodata               const       0x3'81c8      0x8  update-tc-link-key.o [40]
    .rodata               const       0x3'81d0      0x8  update-tc-link-key.o [40]
    .rodata               const       0x3'81d8      0xc  update-tc-link-key.o [40]
    .rodata               const       0x3'81e4     0x10  update-tc-link-key.o [40]
    .rodata               const       0x3'81f4     0x30  update-tc-link-key.o [40]
    .rodata               const       0x3'8224     0x28  serial.o [37]
    .rodata               const       0x3'824c      0x8  com.o [36]
    .rodata               const       0x3'8254     0x18  scenes-cli.o [35]
    .rodata               const       0x3'826c      0xc  scenes.o [35]
    .rodata               const       0x3'8278     0x10  scenes.o [35]
    .rodata               const       0x3'8288     0x10  scenes.o [35]
    .rodata               const       0x3'8298      0xc  scenes.o [35]
    .rodata               const       0x3'82a4     0x24  scenes.o [35]
    .rodata               const       0x3'82c8      0x8  scenes.o [35]
    .rodata               const       0x3'82d0     0x20  scenes.o [35]
    .rodata               const       0x3'82f0      0x4  scenes.o [35]
    .rodata               const       0x3'82f4      0xc  scenes.o [35]
    .rodata               const       0x3'8300      0x8  scenes.o [35]
    .rodata               const       0x3'8308     0x10  scenes.o [35]
    .rodata               const       0x3'8318     0x14  scenes.o [35]
    .rodata               const       0x3'832c      0x4  scenes.o [35]
    .rodata               const       0x3'8330      0x4  scenes.o [35]
    .rodata               const       0x3'8334      0x4  scenes.o [35]
    .rodata               const       0x3'8338      0x8  scenes.o [35]
    .rodata               const       0x3'8340     0x10  scenes.o [35]
    .rodata               const       0x3'8350      0xc  scenes.o [35]
    .rodata               const       0x3'835c      0xc  scenes.o [35]
    .rodata               const       0x3'8368     0x18  scenes.o [35]
    .rodata               const       0x3'8380     0x14  scenes.o [35]
    .rodata               const       0x3'8394     0x14  scenes.o [35]
    .rodata               const       0x3'83a8     0x18  scenes.o [35]
    .rodata               const       0x3'83c0     0x10  scenes.o [35]
    .rodata               const       0x3'83d0     0x14  scenes.o [35]
    .rodata               const       0x3'83e4     0xb4  reporting-default-configuration.o [33]
    .rodata               const       0x3'8498     0x1c  nvm3_hal_flash.o [31]
    .rodata               const       0x3'84b4      0x4  nvm3_lock.o [30]
    .rodata               const       0x3'84b8     0x18  network-steering-cli.o [29]
    .rodata               const       0x3'84d0     0x14  network-steering-cli.o [29]
    .rodata               const       0x3'84e4      0x8  network-steering-cli.o [29]
    .rodata               const       0x3'84ec      0xc  network-steering-cli.o [29]
    .rodata               const       0x3'84f8     0x14  network-steering-cli.o [29]
    .rodata               const       0x3'850c     0x1c  network-steering-cli.o [29]
    .rodata               const       0x3'8528      0x8  network-steering-cli.o [29]
    .rodata               const       0x3'8530      0xc  network-steering-cli.o [29]
    .rodata               const       0x3'853c      0x8  network-steering-cli.o [29]
    .rodata               const       0x3'8544      0x8  network-steering-cli.o [29]
    .rodata               const       0x3'854c     0x10  network-steering-cli.o [29]
    .rodata               const       0x3'855c     0x10  network-steering-cli.o [29]
    .rodata               const       0x3'856c     0x10  network-steering-cli.o [29]
    .rodata               const       0x3'857c     0x14  network-steering-cli.o [29]
    .rodata               const       0x3'8590     0x14  network-steering-cli.o [29]
    .rodata               const       0x3'85a4     0x14  network-steering-cli.o [29]
    .rodata               const       0x3'85b8     0x14  network-steering-cli.o [29]
    .rodata               const       0x3'85cc     0x14  network-steering-cli.o [29]
    .rodata               const       0x3'85e0     0x14  network-steering-cli.o [29]
    .rodata               const       0x3'85f4     0x10  network-steering-cli.o [29]
    .rodata               const       0x3'8604      0x8  network-steering-cli.o [29]
    .rodata               const       0x3'860c     0x2c  network-steering-soc.o [29]
    .rodata               const       0x3'8638      0x8  network-steering.o [29]
    .rodata               const       0x3'8640     0x30  network-steering.o [29]
    .rodata               const       0x3'8670     0x30  network-steering.o [29]
    .rodata               const       0x3'86a0     0x2c  network-steering.o [29]
    .rodata               const       0x3'86cc     0x30  network-steering.o [29]
    .rodata               const       0x3'86fc     0x30  network-steering.o [29]
    .rodata               const       0x3'872c     0x30  network-steering.o [29]
    .rodata               const       0x3'875c     0x30  network-steering.o [29]
    .rodata               const       0x3'878c     0x30  network-steering.o [29]
    .rodata               const       0x3'87bc     0x3c  network-steering.o [29]
    .rodata               const       0x3'87f8     0x24  network-steering.o [29]
    .rodata               const       0x3'881c     0x24  network-steering.o [29]
    .rodata               const       0x3'8840     0x1c  network-steering.o [29]
    .rodata               const       0x3'885c     0x14  network-steering.o [29]
    .rodata               const       0x3'8870     0x28  network-steering.o [29]
    .rodata               const       0x3'8898     0x14  network-steering.o [29]
    .rodata               const       0x3'88ac     0x2c  network-steering.o [29]
    .rodata               const       0x3'88d8     0x2c  network-steering.o [29]
    .rodata               const       0x3'8904     0x18  network-steering.o [29]
    .rodata               const       0x3'891c     0x10  network-steering.o [29]
    .rodata               const       0x3'892c     0x2c  network-steering.o [29]
    .rodata               const       0x3'8958     0x10  network-steering.o [29]
    .rodata               const       0x3'8968      0x8  network-steering.o [29]
    .rodata               const       0x3'8970      0x8  network-steering.o [29]
    .rodata               const       0x3'8978     0x2c  network-steering.o [29]
    .rodata               const       0x3'89a4     0x1c  network-steering.o [29]
    .rodata               const       0x3'89c0     0x24  network-steering.o [29]
    .rodata               const       0x3'89e4     0x10  network-steering.o [29]
    .rodata               const       0x3'89f4     0x10  network-steering.o [29]
    .rodata               const       0x3'8a04     0x10  network-steering.o [29]
    .rodata               const       0x3'8a14     0x10  network-creator-security-cli.o [28]
    .rodata               const       0x3'8a24     0x18  network-creator-security-cli.o [28]
    .rodata               const       0x3'8a3c     0x18  network-creator-security-cli.o [28]
    .rodata               const       0x3'8a54     0x18  network-creator-security-cli.o [28]
    .rodata               const       0x3'8a6c     0x18  network-creator-security-cli.o [28]
    .rodata               const       0x3'8a84      0x8  network-creator-security-cli.o [28]
    .rodata               const       0x3'8a8c      0x8  network-creator-security-cli.o [28]
    .rodata               const       0x3'8a94     0x18  network-creator-security-cli.o [28]
    .rodata               const       0x3'8aac     0x38  network-creator-security.o [28]
    .rodata               const       0x3'8ae4     0x18  network-creator-security.o [28]
    .rodata               const       0x3'8afc     0x10  network-creator-security.o [28]
    .rodata               const       0x3'8b0c      0x8  network-creator-security.o [28]
    .rodata               const       0x3'8b14      0x8  network-creator-security.o [28]
    .rodata               const       0x3'8b1c     0x10  network-creator-security.o [28]
    .rodata               const       0x3'8b2c     0x10  network-creator-security.o [28]
    .rodata               const       0x3'8b3c     0x10  network-creator-cli.o [27]
    .rodata               const       0x3'8b4c      0xc  network-creator-cli.o [27]
    .rodata               const       0x3'8b58      0x8  network-creator-cli.o [27]
    .rodata               const       0x3'8b60     0x1c  network-creator-cli.o [27]
    .rodata               const       0x3'8b7c     0x20  network-creator-cli.o [27]
    .rodata               const       0x3'8b9c      0x8  network-creator-cli.o [27]
    .rodata               const       0x3'8ba4      0xc  network-creator-cli.o [27]
    .rodata               const       0x3'8bb0      0x8  network-creator-cli.o [27]
    .rodata               const       0x3'8bb8     0x10  network-creator-cli.o [27]
    .rodata               const       0x3'8bc8     0x14  network-creator-cli.o [27]
    .rodata               const       0x3'8bdc     0x10  network-creator.o [27]
    .rodata               const       0x3'8bec      0xc  network-creator.o [27]
    .rodata               const       0x3'8bf8     0x14  network-creator.o [27]
    .rodata               const       0x3'8c0c     0x28  network-creator.o [27]
    .rodata               const       0x3'8c34     0x24  network-creator.o [27]
    .rodata               const       0x3'8c58     0x24  network-creator.o [27]
    .rodata               const       0x3'8c7c     0x10  network-creator.o [27]
    .rodata               const       0x3'8c8c      0xc  se_aes.o [26]
    .rodata               const       0x3'8c98      0xc  se_aes.o [26]
    .rodata               const       0x3'8ca4      0xc  se_aes.o [26]
    .rodata               const       0x3'8cb0     0x10  level-control.o [25]
    .rodata               const       0x3'8cc0     0x28  interpan-cli.o [24]
    .rodata               const       0x3'8ce8     0x18  interpan-cli.o [24]
    .rodata               const       0x3'8d00      0xc  interpan-cli.o [24]
    .rodata               const       0x3'8d0c      0x8  interpan-cli.o [24]
    .rodata               const       0x3'8d14      0x8  interpan-cli.o [24]
    .rodata               const       0x3'8d1c     0x30  interpan-cli.o [24]
    .rodata               const       0x3'8d4c     0x2c  interpan-soc.o [24]
    .rodata               const       0x3'8d78      0xc  interpan-soc.o [24]
    .rodata               const       0x3'8d84      0xc  interpan-soc.o [24]
[...]
storedKeysList          0x2001'57e1      0x1  Data  Lc  aps-keys-transient.o [69]
storedNetworks          0x2001'57b2      0x1  Data  Lc  network-steering-soc.o [29]
strcpy                     0x3'0181           Code  Gb  strcpy.o [68]
stringToUnsignedInt        0x1'fa0d     0x7c  Code  Lc  command-interpreter2.o [1]
subBandConfigs             0x3'c2dc     0x14  Data  Lc  radio_config_em3xxx_2.4GHz.o [72]
subBandParams              0x3'c2c8     0x14  Data  Lc  radio_config_em3xxx_2.4GHz.o [72]
submitCount             0x2001'78ed      0x1  Data  Lc  retry.o [72]
subtractHue                0x2'aff1      0xe  Code  Lc  color-control-server.o [8]
superRetriesIntervalForMacDataPoll
                        0x2001'7748      0x1  Data  Lc  network.o [72]
suspendRadioOnAtStartup
                        0x2001'7580      0x1  Data  Lc  zll-api.o [74]
swoOutput                  0x2'4647     0xc4  Code  Lc  debug-jtag-efr32.o [11]
symbolDelayCallbacks    0x2001'7bb8      0x8  Data  Lc  symbol-timer.o [72]
systemTimerId           0x2001'7758      0x4  Data  Lc  system-timer.o [61]
tail                    0x2001'7d0d      0x1  Data  Lc  scan-dispatch.o [34]
targetEui64             0x2001'78c0      0x8  Data  Lc  zll-interpan.o [74]
tcBasedClassificationAlgorithm
                           0x1'4b33     0x62  Code  Lc  beacon-handling.o [72]
tempdrvHighCallbacks    0x2001'71c4     0x28  Data  Lc  tempdrv.o [14]
tempdrvLowCallbacks     0x2001'71ec     0x28  Data  Lc  tempdrv.o [14]
terminateScanRequest       0x1'b1b3     0x28  Code  Lc  zdo-channel.o [72]
testMessage             0x2001'6980    0x5dc  Data  Gb  interpan-cli.o [24]
theirLastTransactionId  0x2001'78b4      0x4  Data  Lc  zll-interpan.o [74]
thrHard                    0x2'13c3     0x20  Code  Lc  nvm3.o [63]
thrSize                    0x2'1411      0xa  Code  Lc  nvm3.o [63]
thrSoftMinimum             0x2'13e3     0x20  Code  Lc  nvm3.o [63]
thrSoftUser                0x2'1403      0xe  Code  Lc  nvm3.o [63]
timeElapsed             0x2001'7d21      0x1  Data  Gb  ustimer.o [14]
timeoutPools               0x1'8941     0xd8  Code  Lc  mac-indirect.o [72]
timer                   0x2001'5a50     0xa0  Data  Lc  rtcdriver.o [14]
timerPrsConfig             0x2'b745     0x34  Code  Lc  em_timer.o [15]
titleStrings            0x2001'5378     0xa8  Data  Gb  counters-cli.o [9]
tokenArraySize             0x3'a6ec     0x30  Data  Gb  token-def.o [1]
tokenDefaults              0x3'a998     0xb8  Data  Gb  token-def.o [1]
tokenFlagsToSizeArray      0x2'8184      0x4  Data  Lc  install-code-tokens.o [62]
tokenIsCnt                 0x3'a65c     0x30  Data  Gb  token-def.o [1]
tokenIsIdx                 0x3'a68c     0x30  Data  Gb  token-def.o [1]
tokenLength                0x1'f627      0xe  Code  Lc  command-interpreter2.o [1]
tokenNvm3Keys              0x3'a5a4     0xb8  Data  Gb  token-def.o [1]
tokenPointer               0x1'f63b     0x10  Code  Lc  command-interpreter2.o [1]
tokenSize                  0x3'a6bc     0x30  Data  Gb  token-def.o [1]
tokensActive            0x2001'7d22      0x1  Data  Lc  token.o [12]
totalInitialChildren    0x2001'775f      0x1  Data  Gb  zigbee-device-util.o [72]
traceClkGet                0x2'0c29     0x2c  Code  Lc  em_cmu.o [15]
transactionExpirationTimeMS
                        0x2001'78bc      0x4  Data  Lc  zll-interpan.o [74]
transientKeyFinish         0x2'8421     0x38  Code  Lc  aps-keys-transient.o [69]
tryNextMethod              0x1'df5d     0x2c  Code  Lc  network-steering.o [29]
tryToFormNetwork           0x2'b4a9     0xce  Code  Lc  network-creator.o [27]
tryToJoinNetwork           0x1'dd25     0x90  Code  Gb  network-steering.o [29]
txBuffer                   0x2'8fbb     0x42  Code  Lc  com.o [36]
txCallback                 0x2'9189     0x3c  Code  Lc  com.o [36]
txCatchUp                  0x2'9123     0x66  Code  Lc  com.o [36]
txCcaTries              0x2001'5b08      0x1  Data  Lc  phy.o [72]
txCompleted                0x2'438b     0x26  Code  Lc  lower-mac-efr32.o [72]
txCsmaTries                0x1'a0f9     0xe6  Code  Lc  phy.o [72]
txOptions               0x2001'5b40      0x4  Data  Lc  phy.o [72]
txParams                0x2001'5af0      0xc  Data  Lc  phy.o [72]
txSchedulerInfo         0x2001'5528      0xc  Data  Lc  phy.o [72]
txState                 0x2001'5b06      0x1  Data  Lc  phy.o [72]
typeSensitiveMemCopy         0x5507     0x56  Code  Lc  attribute-storage.o [41]
uartdrvHandle           0x2001'7224     0x10  Data  Lc  uartdrv.o [14]
uartdrvHandleIsInitialized
                        0x2001'7d20      0x1  Data  Lc  uartdrv.o [14]
uarthandledata          0x2001'6120     0x34  Data  Lc  com.o [36]
unbindRequest              0x3'51e1     0x82  Code  Lc  zdo-cli.o [41]
unicastHead             0x2001'7ba4      0x1  Data  Lc  unicast-table.o [72]
uninitializedIsr           0x3'5b7d           Code  Gb  faults-v7m.o [12]
unknownCounter          0x2001'5420      0x4  Data  Gb  counters-cli.o [9]
unsolicitedChannelReport
                        0x2001'7936      0x1  Data  Lc  zdo-channel.o [72]
unused                     0x3'3add      0x2  Code  Gb  zll-commissioning-cli.o [42]
updateBuffer               0x2'8f87     0x2c  Code  Lc  com.o [36]
updateChannelComposites
                           0x2'b61d     0xb8  Code  Lc  network-creator.o [27]
updateEvents               0x1'a5d7     0x4c  Code  Lc  phy.o [72]
updateInterrupts           0x2'bd2b     0x94  Code  Lc  tempdrv.o [14]
updateTcLinkKeyState    0x2001'7d3b      0x1  Data  Lc  aps-keys.o [69]
upperMacState           0x2001'77c4     0x1c  Data  Gb  upper-mac.o [72]
useLegacyTimeoutMethod  0x2001'7d48      0x1  Data  Gb  child-handling.o [72]
useMulticastBinding     0x2001'7d07      0x1  Data  Lc  zcl-cli.o [41]
useNextSequence         0x2001'7d05      0x1  Data  Lc  zcl-cli.o [41]
vFillBuffer                  0x4ff5    0x13e  Code  Lc  client-api.o [41]
validateObj                0x2'1d1b     0x26  Code  Lc  nvm3.o [63]
validateObjFragments       0x2'1aef    0x226  Code  Lc  nvm3.o [63]
waitStateMax               0x2'124d      0xe  Code  Lc  em_cmu.o [15]
wakeInfo                0x2001'7248      0x4  Data  Lc  sleep-efm32.o [12]
walkDelayQueue             0x1'8a49     0xde  Code  Lc  retry.o [72]
walkStoreAndForwardQueue
                           0x2'564d    0x108  Code  Lc  store-forward.o [72]
wallClockOverflowCnt    0x2001'71bc      0x4  Data  Lc  rtcdriver.o [14]
wallClockTimeBase       0x2001'71c0      0x4  Data  Lc  rtcdriver.o [14]
wdog0ClkGet                0x2'125d     0x3a  Code  Lc  em_cmu.o [15]
wdog1ClkGet                0x2'0c59     0x3e  Code  Lc  em_cmu.o [15]
workBegin                  0x2'28fb     0x16  Code  Lc  nvm3.o [63]
workEnd                    0x2'2911     0x14  Code  Lc  nvm3.o [63]
writeBoolean               0x2'9a89      0x8  Code  Lc  zll-on-off-server.o [46]
writeBurst              0x2001'4fdd     0x54  Code  Gb  em_msc.o [15]
writeFullAllowed           0x2'141b     0x18  Code  Lc  nvm3.o [63]
writeIdentifyTime          0x2'96ef     0x18  Code  Lc  identify.o [23]
writeInt16u                0x2'9aa1      0x6  Code  Lc  zll-on-off-server.o [46]
writeMessage               0x1'2ebb     0xaa  Code  Lc  packet-buffer.o [72]
writeObj                   0x2'15bb    0x2b4  Code  Lc  nvm3.o [63]
writeRemainingTime         0x2'a003     0x1e  Code  Lc  level-control.o [25]
writeRemainingTime         0x2'a5e9     0x1a  Code  Lc  color-control-server.o [8]
writeServerAttribute         0xcdb1      0xe  Code  Lc  scenes.o [35]
writeZllTokens               0xe937      0xc  Code  Lc  zll-tokens.o [74]
zaTrustCenterSetJoinPolicy
                           0x2'3b05      0x8  Code  Gb  af-trust-center.o [41]
zclBasicGlsrCommand        0x3'5dcf      0xa  Code  Lc  znet-cli.o [1]
zclBufferAddByte           0x3'459b     0x12  Code  Gb  zcl-cli.o [41]
zclBufferAddByteFromArgument
                           0x3'45d3      0x8  Code  Gb  zcl-cli.o [41]
zclBufferAddInt32          0x3'45bf     0x14  Code  Gb  zcl-cli.o [41]
zclBufferAddLengthAndStringFromArgument
                           0x3'45f1     0x34  Code  Gb  zcl-cli.o [41]
zclBufferAddWord           0x3'45ad     0x12  Code  Gb  zcl-cli.o [41]
zclBufferAddWordFromArgument
                           0x3'45e3      0x6  Code  Gb  zcl-cli.o [41]
zclBufferSetup             0x3'4549     0x52  Code  Gb  zcl-cli.o [41]
zclClusterNames            0x3'7c5c     0x50  Data  Gb  util.o [41]
zclCmdIsBuilt           0x2001'7d03      0x1  Data  Gb  zcl-cli.o [41]
zclGlobalCommandDiscoveryCommand
                           0x3'48bf     0x2e  Code  Gb  zcl-cli.o [41]
zclGlobalDirection      0x2001'7d06      0x1  Data  Lc  zcl-cli.o [41]
zclGlobalDirectionCommand
                           0x3'46f9     0x14  Code  Gb  zcl-cli.o [41]
zclGlobalDiscoverCommand
                           0x3'4763      0x4  Code  Gb  zcl-cli.o [41]
zclGlobalExpectReportFromMeCommand
                           0x3'4897     0x1c  Code  Gb  zcl-cli.o [41]
zclGlobalReadCommand       0x3'470d      0x6  Code  Gb  zcl-cli.o [41]
zclGlobalReportCommand     0x3'4771     0x94  Code  Gb  zcl-cli.o [41]
zclGlobalReportReadCommand
                           0x3'480d     0x20  Code  Gb  zcl-cli.o [41]
zclGlobalSendMeAReportCommand
                           0x3'482d     0x4a  Code  Gb  zcl-cli.o [41]
zclGlobalSetup             0x3'46df     0x1a  Code  Gb  zcl-cli.o [41]
zclGlobalWriteCommand      0x3'4713     0x50  Code  Gb  zcl-cli.o [41]
zclIdentifyOnOffCommand
                           0x3'497d     0x40  Code  Gb  zcl-cli.o [41]
zclMfgCodeCommand          0x3'4905     0x2a  Code  Gb  zcl-cli.o [41]
zclSimpleCommand           0x3'4625     0xba  Code  Gb  zcl-cli.o [41]
zclTestResponseOffCommand
                           0x3'48ff      0x6  Code  Gb  zcl-cli.o [41]
zclTestResponseOnCommand
                           0x3'48f9      0x6  Code  Gb  zcl-cli.o [41]
zclTimeCommand             0x3'496f      0xe  Code  Gb  zcl-cli.o [41]
zclUseNextSequenceCommand
                           0x3'494d     0x22  Code  Gb  zcl-cli.o [41]
zclXDefaultRespCommand     0x3'492f     0x14  Code  Gb  zcl-cli.o [41]
zdoActiveEpCommand         0x3'5129     0x1e  Code  Gb  zdo-cli.o [41]
zdoAddClusterCommand       0x3'4fcb     0x38  Code  Gb  zdo-cli.o [41]
zdoBindCommand             0x3'4f51     0x72  Code  Gb  zdo-cli.o [41]
zdoClearClusterCommand     0x3'5003     0x1c  Code  Gb  zdo-cli.o [41]
zdoConfigurationModeEnabled
                        0x2001'57df      0x1  Data  Gb  zigbee-device-util.o [72]
zdoIeeeAddressRequestCommand
                           0x3'4e87     0x14  Code  Gb  zdo-cli.o [41]
zdoLeaveRequestCommand     0x3'5187     0x32  Code  Gb  zdo-cli.o [41]
zdoMatchCommand            0x3'4ee3     0x44  Code  Gb  zdo-cli.o [41]
zdoMgmtBindCommand         0x3'516b     0x1c  Code  Gb  zdo-cli.o [41]
zdoMgmtLqiCommand          0x3'5147     0x1a  Code  Gb  zdo-cli.o [41]
zdoNetworkUpdateChannelCommand
                           0x3'5029     0x72  Code  Gb  zdo-cli.o [41]
zdoNetworkUpdateScanCommand
                           0x3'509b     0x5c  Code  Gb  zdo-cli.o [41]
zdoNetworkUpdateSetCommand
                           0x3'50fd     0x1e  Code  Gb  zdo-cli.o [41]
zdoNodeCommand             0x3'4ec1     0x22  Code  Gb  zdo-cli.o [41]
zdoNwkAddressRequestCommand
                           0x3'4e71     0x16  Code  Gb  zdo-cli.o [41]
zdoPowerDescriptorRequestCommand
                           0x3'51b9     0x18  Code  Gb  zdo-cli.o [41]
zdoRouteRequestCommand     0x3'52a7     0x26  Code  Gb  zdo-cli.o [41]
zdoSimpleCommand           0x3'4e9b     0x26  Code  Gb  zdo-cli.o [41]
zdoUnbindGroupCommand      0x3'5263     0x18  Code  Gb  zdo-cli.o [41]
zdoUnbindUnicastCommand
                           0x3'527b     0x2c  Code  Gb  zdo-cli.o [41]
zeroLenByte             0x2001'7c54      0x2  Data  Lc  message.o [41]
zigDevApsStruct         0x2001'776c      0x4  Data  Lc  zigbee-device-util.o [72]
zigDevRequestRadius     0x2001'57d1      0x1  Data  Gb  zigbee-device-common.o [1]
zigDevRequestSequence   0x2001'7d31      0x1  Data  Lc  zigbee-device-common.o [1]
zigDevRequestSequence   0x2001'775c      0x1  Data  Lc  zigbee-device-util.o [72]
zllNodeType             0x2001'7551      0x1  Data  Lc  zll-api.o [74]
zllPrimaryChannelMask   0x2001'7564      0x4  Data  Lc  zll-api.o [74]
zllSecondaryChannelMask
                        0x2001'758c      0x4  Data  Lc  zll-api.o [74]
zllSequenceNum          0x2001'7d41      0x1  Data  Lc  zll-interpan.o [74]


[1] = C:\SiliconLabs\SimplicityStudio\v4\developer\sdks\gecko_sdk_suite\v2.5\z3_lite_timer_mg21_v660\IAR ARM - Default
[2] = C:\SiliconLabs\SimplicityStudio\v4\developer\sdks\gecko_sdk_suite\v2.5\z3_lite_timer_mg21_v660\IAR ARM - Default\adc\EFR32
[3] = C:\SiliconLabs\SimplicityStudio\v4\developer\sdks\gecko_sdk_suite\v2.5\z3_lite_timer_mg21_v660\IAR ARM - Default\aes-cmac
[4] = C:\SiliconLabs\SimplicityStudio\v4\developer\sdks\gecko_sdk_suite\v2.5\z3_lite_timer_mg21_v660\IAR ARM - Default\antenna-stub
[5] = C:\SiliconLabs\SimplicityStudio\v4\developer\sdks\gecko_sdk_suite\v2.5\z3_lite_timer_mg21_v660\IAR ARM - Default\basic
[6] = C:\SiliconLabs\SimplicityStudio\v4\developer\sdks\gecko_sdk_suite\v2.5\z3_lite_timer_mg21_v660\IAR ARM - Default\ccm-encryption
[7] = C:\SiliconLabs\SimplicityStudio\v4\developer\sdks\gecko_sdk_suite\v2.5\z3_lite_timer_mg21_v660\IAR ARM - Default\coexistence-stub\EFR32
[8] = C:\SiliconLabs\SimplicityStudio\v4\developer\sdks\gecko_sdk_suite\v2.5\z3_lite_timer_mg21_v660\IAR ARM - Default\color-control-server
[9] = C:\SiliconLabs\SimplicityStudio\v4\developer\sdks\gecko_sdk_suite\v2.5\z3_lite_timer_mg21_v660\IAR ARM - Default\counters
[10] = C:\SiliconLabs\SimplicityStudio\v4\developer\sdks\gecko_sdk_suite\v2.5\z3_lite_timer_mg21_v660\IAR ARM - Default\debug-basic-library\EFR32
[11] = C:\SiliconLabs\SimplicityStudio\v4\developer\sdks\gecko_sdk_suite\v2.5\z3_lite_timer_mg21_v660\IAR ARM - Default\debug-jtag\EFR32
[12] = C:\SiliconLabs\SimplicityStudio\v4\developer\sdks\gecko_sdk_suite\v2.5\z3_lite_timer_mg21_v660\IAR ARM - Default\efr32
[13] = C:\SiliconLabs\SimplicityStudio\v4\developer\sdks\gecko_sdk_suite\v2.5\z3_lite_timer_mg21_v660\IAR ARM - Default\ember-minimal-printf
[14] = C:\SiliconLabs\SimplicityStudio\v4\developer\sdks\gecko_sdk_suite\v2.5\z3_lite_timer_mg21_v660\IAR ARM - Default\emdrv
[15] = C:\SiliconLabs\SimplicityStudio\v4\developer\sdks\gecko_sdk_suite\v2.5\z3_lite_timer_mg21_v660\IAR ARM - Default\emlib
[16] = C:\SiliconLabs\SimplicityStudio\v4\developer\sdks\gecko_sdk_suite\v2.5\z3_lite_timer_mg21_v660\IAR ARM - Default\external-generated-files
[17] = C:\SiliconLabs\SimplicityStudio\v4\developer\sdks\gecko_sdk_suite\v2.5\z3_lite_timer_mg21_v660\IAR ARM - Default\find-and-bind-target
[18] = C:\SiliconLabs\SimplicityStudio\v4\developer\sdks\gecko_sdk_suite\v2.5\z3_lite_timer_mg21_v660\IAR ARM - Default\green-power-client
[19] = C:\SiliconLabs\SimplicityStudio\v4\developer\sdks\gecko_sdk_suite\v2.5\z3_lite_timer_mg21_v660\IAR ARM - Default\green-power-common
[20] = C:\SiliconLabs\SimplicityStudio\v4\developer\sdks\gecko_sdk_suite\v2.5\z3_lite_timer_mg21_v660\IAR ARM - Default\groups-server
[21] = C:\SiliconLabs\SimplicityStudio\v4\developer\sdks\gecko_sdk_suite\v2.5\z3_lite_timer_mg21_v660\IAR ARM - Default\hal-library\EFR32
[22] = C:\SiliconLabs\SimplicityStudio\v4\developer\sdks\gecko_sdk_suite\v2.5\z3_lite_timer_mg21_v660\IAR ARM - Default\heartbeat
[23] = C:\SiliconLabs\SimplicityStudio\v4\developer\sdks\gecko_sdk_suite\v2.5\z3_lite_timer_mg21_v660\IAR ARM - Default\identify
[24] = C:\SiliconLabs\SimplicityStudio\v4\developer\sdks\gecko_sdk_suite\v2.5\z3_lite_timer_mg21_v660\IAR ARM - Default\interpan
[25] = C:\SiliconLabs\SimplicityStudio\v4\developer\sdks\gecko_sdk_suite\v2.5\z3_lite_timer_mg21_v660\IAR ARM - Default\level-control
[26] = C:\SiliconLabs\SimplicityStudio\v4\developer\sdks\gecko_sdk_suite\v2.5\z3_lite_timer_mg21_v660\IAR ARM - Default\mbedtls\EFR32
[27] = C:\SiliconLabs\SimplicityStudio\v4\developer\sdks\gecko_sdk_suite\v2.5\z3_lite_timer_mg21_v660\IAR ARM - Default\network-creator
[28] = C:\SiliconLabs\SimplicityStudio\v4\developer\sdks\gecko_sdk_suite\v2.5\z3_lite_timer_mg21_v660\IAR ARM - Default\network-creator-security
[29] = C:\SiliconLabs\SimplicityStudio\v4\developer\sdks\gecko_sdk_suite\v2.5\z3_lite_timer_mg21_v660\IAR ARM - Default\network-steering
[30] = C:\SiliconLabs\SimplicityStudio\v4\developer\sdks\gecko_sdk_suite\v2.5\z3_lite_timer_mg21_v660\IAR ARM - Default\nvm3
[31] = C:\SiliconLabs\SimplicityStudio\v4\developer\sdks\gecko_sdk_suite\v2.5\z3_lite_timer_mg21_v660\IAR ARM - Default\nvm3\EFR32
[32] = C:\SiliconLabs\SimplicityStudio\v4\developer\sdks\gecko_sdk_suite\v2.5\z3_lite_timer_mg21_v660\IAR ARM - Default\on-off
[33] = C:\SiliconLabs\SimplicityStudio\v4\developer\sdks\gecko_sdk_suite\v2.5\z3_lite_timer_mg21_v660\IAR ARM - Default\reporting
[34] = C:\SiliconLabs\SimplicityStudio\v4\developer\sdks\gecko_sdk_suite\v2.5\z3_lite_timer_mg21_v660\IAR ARM - Default\scan-dispatch
[35] = C:\SiliconLabs\SimplicityStudio\v4\developer\sdks\gecko_sdk_suite\v2.5\z3_lite_timer_mg21_v660\IAR ARM - Default\scenes
[36] = C:\SiliconLabs\SimplicityStudio\v4\developer\sdks\gecko_sdk_suite\v2.5\z3_lite_timer_mg21_v660\IAR ARM - Default\serial
[37] = C:\SiliconLabs\SimplicityStudio\v4\developer\sdks\gecko_sdk_suite\v2.5\z3_lite_timer_mg21_v660\IAR ARM - Default\serial\EFR32
[38] = C:\SiliconLabs\SimplicityStudio\v4\developer\sdks\gecko_sdk_suite\v2.5\z3_lite_timer_mg21_v660\IAR ARM - Default\simple-main
[39] = C:\SiliconLabs\SimplicityStudio\v4\developer\sdks\gecko_sdk_suite\v2.5\z3_lite_timer_mg21_v660\IAR ARM - Default\strong-random
[40] = C:\SiliconLabs\SimplicityStudio\v4\developer\sdks\gecko_sdk_suite\v2.5\z3_lite_timer_mg21_v660\IAR ARM - Default\update-tc-link-key
[41] = C:\SiliconLabs\SimplicityStudio\v4\developer\sdks\gecko_sdk_suite\v2.5\z3_lite_timer_mg21_v660\IAR ARM - Default\zcl-framework-core
[42] = C:\SiliconLabs\SimplicityStudio\v4\developer\sdks\gecko_sdk_suite\v2.5\z3_lite_timer_mg21_v660\IAR ARM - Default\zll-commissioning-common
[43] = C:\SiliconLabs\SimplicityStudio\v4\developer\sdks\gecko_sdk_suite\v2.5\z3_lite_timer_mg21_v660\IAR ARM - Default\zll-commissioning-server
[44] = C:\SiliconLabs\SimplicityStudio\v4\developer\sdks\gecko_sdk_suite\v2.5\z3_lite_timer_mg21_v660\IAR ARM - Default\zll-identify-server
[45] = C:\SiliconLabs\SimplicityStudio\v4\developer\sdks\gecko_sdk_suite\v2.5\z3_lite_timer_mg21_v660\IAR ARM - Default\zll-level-control-server
[46] = C:\SiliconLabs\SimplicityStudio\v4\developer\sdks\gecko_sdk_suite\v2.5\z3_lite_timer_mg21_v660\IAR ARM - Default\zll-on-off-server
[47] = C:\SiliconLabs\SimplicityStudio\v4\developer\sdks\gecko_sdk_suite\v2.5\z3_lite_timer_mg21_v660\IAR ARM - Default\zll-scenes-server
[48] = C:\SiliconLabs\SimplicityStudio\v4\developer\sdks\gecko_sdk_suite\v2.5\z3_lite_timer_mg21_v660\IAR ARM - Default\zll-utility-server
[49] = binding-table-library.a
[50] = cbke-163k1-stub-library.a
[51] = cbke-283k1-stub-library.a
[52] = cbke-library-dsa-sign-stub.a
[53] = cbke-library-dsa-verify-283k1-stub.a
[54] = cbke-library-dsa-verify-stub.a
[55] = cbke-stub-library.a
[56] = debug-basic-library.a
[57] = debug-extended-stub-library.a
[58] = dl7M_tln.a
[59] = end-device-bind-stub-library.a
[60] = gp-library.a
[61] = hal-library.a
[62] = install-code-library.a
[63] = libnvm3_CM33_iar.a
[64] = librail_efr32xg21_iar_release.a
[65] = m7M_tls.a
[66] = multi-network-stub-library.a
[67] = packet-validate-stub-library.a
[68] = rt7M_tl.a
[69] = security-library-core.a
[70] = security-library-link-keys-stub.a
[71] = sim-eeprom2-to-nvm3-upgrade-stub-library.a
[72] = zigbee-pro-stack.a
[73] = zigbee-r22-support-stub-library.a
[74] = zll-library.a

  203 398 bytes of readonly  code memory
      324 bytes of readwrite code memory
   34 587 bytes of readonly  data memory
  567 097 bytes of readwrite data memory

Errors: none
Warnings: none
