###############################################################################
#
# IAR ELF Linker V8.32.2.178/W32 for ARM                  14/Jun/2019  18:32:33
# Copyright 2007-2018 IAR Systems AB.
#
#    Output file                  =  
#        C:\SiliconLabs\SimplicityStudio\v4\developer\sdks\gecko_sdk_suite\v2.5\z3_lite_timer_mg21_v660\build\exe\z3_lite_timer_mg21_v660.out
#    Map file                     =  
#        C:\SiliconLabs\SimplicityStudio\v4\developer\sdks\gecko_sdk_suite\v2.5\z3_lite_timer_mg21_v660\build\lst\z3_lite_timer_mg21_v660.map
#    Import CMSE library file out =  
#        C:\SiliconLabs\SimplicityStudio\v4\developer\sdks\gecko_sdk_suite\v2.5\z3_lite_timer_mg21_v660\build\exe\z3_lite_timer_mg21_v660_import_lib.o
#    Command line                 =  
#        -f C:\Users\alji\AppData\Local\Temp\EW7D44.tmp
#        (C:\SiliconLabs\SimplicityStudio\v4\developer\sdks\gecko_sdk_suite\v2.5\z3_lite_timer_mg21_v660\build\obj\adc-efr32.o
#        C:\SiliconLabs\SimplicityStudio\v4\developer\sdks\gecko_sdk_suite\v2.5\z3_lite_timer_mg21_v660\build\obj\aes-cmac.o
#        C:\SiliconLabs\SimplicityStudio\v4\developer\sdks\gecko_sdk_suite\v2.5\z3_lite_timer_mg21_v660\build\obj\aes.o
#        C:\SiliconLabs\SimplicityStudio\v4\developer\sdks\gecko_sdk_suite\v2.5\z3_lite_timer_mg21_v660\build\obj\aes_aes.o
#        C:\SiliconLabs\SimplicityStudio\v4\developer\sdks\gecko_sdk_suite\v2.5\z3_lite_timer_mg21_v660\build\obj\aesni.o
#        C:\SiliconLabs\SimplicityStudio\v4\developer\sdks\gecko_sdk_suite\v2.5\z3_lite_timer_mg21_v660\build\obj\af-event.o
#        C:\SiliconLabs\SimplicityStudio\v4\developer\sdks\gecko_sdk_suite\v2.5\z3_lite_timer_mg21_v660\build\obj\af-main-common.o
#        C:\SiliconLabs\SimplicityStudio\v4\developer\sdks\gecko_sdk_suite\v2.5\z3_lite_timer_mg21_v660\build\obj\af-main-soc.o
#        C:\SiliconLabs\SimplicityStudio\v4\developer\sdks\gecko_sdk_suite\v2.5\z3_lite_timer_mg21_v660\build\obj\af-node.o
#        C:\SiliconLabs\SimplicityStudio\v4\developer\sdks\gecko_sdk_suite\v2.5\z3_lite_timer_mg21_v660\build\obj\af-security-common.o
#        C:\SiliconLabs\SimplicityStudio\v4\developer\sdks\gecko_sdk_suite\v2.5\z3_lite_timer_mg21_v660\build\obj\af-trust-center.o
#        C:\SiliconLabs\SimplicityStudio\v4\developer\sdks\gecko_sdk_suite\v2.5\z3_lite_timer_mg21_v660\build\obj\antenna-stub.o
#        C:\SiliconLabs\SimplicityStudio\v4\developer\sdks\gecko_sdk_suite\v2.5\z3_lite_timer_mg21_v660\build\obj\arc4.o
#        C:\SiliconLabs\SimplicityStudio\v4\developer\sdks\gecko_sdk_suite\v2.5\z3_lite_timer_mg21_v660\build\obj\asn1parse.o
#        C:\SiliconLabs\SimplicityStudio\v4\developer\sdks\gecko_sdk_suite\v2.5\z3_lite_timer_mg21_v660\build\obj\asn1write.o
#        C:\SiliconLabs\SimplicityStudio\v4\developer\sdks\gecko_sdk_suite\v2.5\z3_lite_timer_mg21_v660\build\obj\assert-crash-handlers.o
#        C:\SiliconLabs\SimplicityStudio\v4\developer\sdks\gecko_sdk_suite\v2.5\z3_lite_timer_mg21_v660\build\obj\attribute-size.o
#        C:\SiliconLabs\SimplicityStudio\v4\developer\sdks\gecko_sdk_suite\v2.5\z3_lite_timer_mg21_v660\build\obj\attribute-storage.o
#        C:\SiliconLabs\SimplicityStudio\v4\developer\sdks\gecko_sdk_suite\v2.5\z3_lite_timer_mg21_v660\build\obj\attribute-table.o
#        C:\SiliconLabs\SimplicityStudio\v4\developer\sdks\gecko_sdk_suite\v2.5\z3_lite_timer_mg21_v660\build\obj\base64.o
#        C:\SiliconLabs\SimplicityStudio\v4\developer\sdks\gecko_sdk_suite\v2.5\z3_lite_timer_mg21_v660\build\obj\basic.o
#        C:\SiliconLabs\SimplicityStudio\v4\developer\sdks\gecko_sdk_suite\v2.5\z3_lite_timer_mg21_v660\build\obj\bignum.o
#        C:\SiliconLabs\SimplicityStudio\v4\developer\sdks\gecko_sdk_suite\v2.6\protocol\zigbee\build\binding-table-library-cortexm3-iar-efr32mg21-rail\binding-table-library.a
#        C:\SiliconLabs\SimplicityStudio\v4\developer\sdks\gecko_sdk_suite\v2.5\z3_lite_timer_mg21_v660\build\obj\blowfish.o
#        C:\SiliconLabs\SimplicityStudio\v4\developer\sdks\gecko_sdk_suite\v2.5\z3_lite_timer_mg21_v660\build\obj\bootloader-interface-app.o
#        C:\SiliconLabs\SimplicityStudio\v4\developer\sdks\gecko_sdk_suite\v2.5\z3_lite_timer_mg21_v660\build\obj\bootloader-interface.o
#        C:\SiliconLabs\SimplicityStudio\v4\developer\sdks\gecko_sdk_suite\v2.5\z3_lite_timer_mg21_v660\build\obj\btl_interface.o
#        C:\SiliconLabs\SimplicityStudio\v4\developer\sdks\gecko_sdk_suite\v2.5\z3_lite_timer_mg21_v660\build\obj\btl_interface_storage.o
#        C:\SiliconLabs\SimplicityStudio\v4\developer\sdks\gecko_sdk_suite\v2.5\z3_lite_timer_mg21_v660\build\obj\button.o
#        C:\SiliconLabs\SimplicityStudio\v4\developer\sdks\gecko_sdk_suite\v2.5\z3_lite_timer_mg21_v660\build\obj\buzzer-efr32.o
#        C:\SiliconLabs\SimplicityStudio\v4\developer\sdks\gecko_sdk_suite\v2.5\z3_lite_timer_mg21_v660\build\obj\call-command-handler.o
#        C:\SiliconLabs\SimplicityStudio\v4\developer\sdks\gecko_sdk_suite\v2.5\z3_lite_timer_mg21_v660\build\obj\callback-stub.o
#        C:\SiliconLabs\SimplicityStudio\v4\developer\sdks\gecko_sdk_suite\v2.5\z3_lite_timer_mg21_v660\build\obj\camellia.o
#        C:\SiliconLabs\SimplicityStudio\v4\developer\sdks\gecko_sdk_suite\v2.6\protocol\zigbee\build\cbke-163k1-stub-library-cortexm3-iar-efr32mg21-rail\cbke-163k1-stub-library.a
#        C:\SiliconLabs\SimplicityStudio\v4\developer\sdks\gecko_sdk_suite\v2.6\protocol\zigbee\build\cbke-283k1-stub-library-cortexm3-iar-efr32mg21-rail\cbke-283k1-stub-library.a
#        C:\SiliconLabs\SimplicityStudio\v4\developer\sdks\gecko_sdk_suite\v2.6\protocol\zigbee\build\cbke-library-dsa-sign-stub-cortexm3-iar-efr32mg21-rail\cbke-library-dsa-sign-stub.a
#        C:\SiliconLabs\SimplicityStudio\v4\developer\sdks\gecko_sdk_suite\v2.6\protocol\zigbee\build\cbke-library-dsa-verify-283k1-stub-cortexm3-iar-efr32mg21-rail\cbke-library-dsa-verify-283k1-stub.a
#        C:\SiliconLabs\SimplicityStudio\v4\developer\sdks\gecko_sdk_suite\v2.6\protocol\zigbee\build\cbke-library-dsa-verify-stub-cortexm3-iar-efr32mg21-rail\cbke-library-dsa-verify-stub.a
#        C:\SiliconLabs\SimplicityStudio\v4\developer\sdks\gecko_sdk_suite\v2.6\protocol\zigbee\build\cbke-stub-library-cortexm3-iar-efr32mg21-rail\cbke-stub-library.a
#        C:\SiliconLabs\SimplicityStudio\v4\developer\sdks\gecko_sdk_suite\v2.5\z3_lite_timer_mg21_v660\build\obj\ccm-star.o
#        C:\SiliconLabs\SimplicityStudio\v4\developer\sdks\gecko_sdk_suite\v2.5\z3_lite_timer_mg21_v660\build\obj\ccm.o
#        C:\SiliconLabs\SimplicityStudio\v4\developer\sdks\gecko_sdk_suite\v2.5\z3_lite_timer_mg21_v660\build\obj\certs.o
#        C:\SiliconLabs\SimplicityStudio\v4\developer\sdks\gecko_sdk_suite\v2.5\z3_lite_timer_mg21_v660\build\obj\cipher.o
#        C:\SiliconLabs\SimplicityStudio\v4\developer\sdks\gecko_sdk_suite\v2.5\z3_lite_timer_mg21_v660\build\obj\cipher_wrap.o
#        C:\SiliconLabs\SimplicityStudio\v4\developer\sdks\gecko_sdk_suite\v2.5\z3_lite_timer_mg21_v660\build\obj\client-api.o
#        C:\SiliconLabs\SimplicityStudio\v4\developer\sdks\gecko_sdk_suite\v2.5\z3_lite_timer_mg21_v660\build\obj\cmac.o
#        C:\SiliconLabs\SimplicityStudio\v4\developer\sdks\gecko_sdk_suite\v2.5\z3_lite_timer_mg21_v660\build\obj\coexistence-802154.o
#        C:\SiliconLabs\SimplicityStudio\v4\developer\sdks\gecko_sdk_suite\v2.5\z3_lite_timer_mg21_v660\build\obj\color-control-server.o
#        C:\SiliconLabs\SimplicityStudio\v4\developer\sdks\gecko_sdk_suite\v2.5\z3_lite_timer_mg21_v660\build\obj\com.o
#        C:\SiliconLabs\SimplicityStudio\v4\developer\sdks\gecko_sdk_suite\v2.5\z3_lite_timer_mg21_v660\build\obj\command-interpreter2.o
#        C:\SiliconLabs\SimplicityStudio\v4\developer\sdks\gecko_sdk_suite\v2.5\z3_lite_timer_mg21_v660\build\obj\core-cli.o
#        C:\SiliconLabs\SimplicityStudio\v4\developer\sdks\gecko_sdk_suite\v2.5\z3_lite_timer_mg21_v660\build\obj\coulomb-counter-802154.o
#        C:\SiliconLabs\SimplicityStudio\v4\developer\sdks\gecko_sdk_suite\v2.5\z3_lite_timer_mg21_v660\build\obj\counters-cli.o
#        C:\SiliconLabs\SimplicityStudio\v4\developer\sdks\gecko_sdk_suite\v2.5\z3_lite_timer_mg21_v660\build\obj\counters-ota.o
#        C:\SiliconLabs\SimplicityStudio\v4\developer\sdks\gecko_sdk_suite\v2.5\z3_lite_timer_mg21_v660\build\obj\counters-soc.o
#        C:\SiliconLabs\SimplicityStudio\v4\developer\sdks\gecko_sdk_suite\v2.5\z3_lite_timer_mg21_v660\build\obj\crc.o
#        C:\SiliconLabs\SimplicityStudio\v4\developer\sdks\gecko_sdk_suite\v2.5\z3_lite_timer_mg21_v660\build\obj\crypto-state.o
#        C:\SiliconLabs\SimplicityStudio\v4\developer\sdks\gecko_sdk_suite\v2.5\z3_lite_timer_mg21_v660\build\obj\crypto_aes.o
#        C:\SiliconLabs\SimplicityStudio\v4\developer\sdks\gecko_sdk_suite\v2.5\z3_lite_timer_mg21_v660\build\obj\crypto_ble.o
#        C:\SiliconLabs\SimplicityStudio\v4\developer\sdks\gecko_sdk_suite\v2.5\z3_lite_timer_mg21_v660\build\obj\crypto_ecp.o
#        C:\SiliconLabs\SimplicityStudio\v4\developer\sdks\gecko_sdk_suite\v2.5\z3_lite_timer_mg21_v660\build\obj\crypto_management.o
#        C:\SiliconLabs\SimplicityStudio\v4\developer\sdks\gecko_sdk_suite\v2.5\z3_lite_timer_mg21_v660\build\obj\crypto_sha.o
#        C:\SiliconLabs\SimplicityStudio\v4\developer\sdks\gecko_sdk_suite\v2.5\z3_lite_timer_mg21_v660\build\obj\cryptoacc_aes.o
#        C:\SiliconLabs\SimplicityStudio\v4\developer\sdks\gecko_sdk_suite\v2.5\z3_lite_timer_mg21_v660\build\obj\cryptoacc_ccm.o
#        C:\SiliconLabs\SimplicityStudio\v4\developer\sdks\gecko_sdk_suite\v2.5\z3_lite_timer_mg21_v660\build\obj\cryptoacc_cmac.o
#        C:\SiliconLabs\SimplicityStudio\v4\developer\sdks\gecko_sdk_suite\v2.5\z3_lite_timer_mg21_v660\build\obj\cryptoacc_ecp.o
#        C:\SiliconLabs\SimplicityStudio\v4\developer\sdks\gecko_sdk_suite\v2.5\z3_lite_timer_mg21_v660\build\obj\cryptoacc_gcm.o
#        C:\SiliconLabs\SimplicityStudio\v4\developer\sdks\gecko_sdk_suite\v2.5\z3_lite_timer_mg21_v660\build\obj\cryptoacc_management.o
#        C:\SiliconLabs\SimplicityStudio\v4\developer\sdks\gecko_sdk_suite\v2.5\z3_lite_timer_mg21_v660\build\obj\cryptoacc_sha.o
#        C:\SiliconLabs\SimplicityStudio\v4\developer\sdks\gecko_sdk_suite\v2.5\z3_lite_timer_mg21_v660\build\obj\cryptoacc_trng.o
#        C:\SiliconLabs\SimplicityStudio\v4\developer\sdks\gecko_sdk_suite\v2.5\z3_lite_timer_mg21_v660\build\obj\cstartup-common.o
#        C:\SiliconLabs\SimplicityStudio\v4\developer\sdks\gecko_sdk_suite\v2.5\z3_lite_timer_mg21_v660\build\obj\ctr_drbg.o
#        C:\SiliconLabs\SimplicityStudio\v4\developer\sdks\gecko_sdk_suite\v2.6\protocol\zigbee\build\debug-basic-library-cortexm3-iar-efr32mg21-rail\debug-basic-library.a
#        C:\SiliconLabs\SimplicityStudio\v4\developer\sdks\gecko_sdk_suite\v2.6\protocol\zigbee\build\debug-extended-stub-library-cortexm3-iar-efr32mg21-rail\debug-extended-stub-library.a
#        C:\SiliconLabs\SimplicityStudio\v4\developer\sdks\gecko_sdk_suite\v2.5\z3_lite_timer_mg21_v660\build\obj\debug-jtag-efr32.o
#        C:\SiliconLabs\SimplicityStudio\v4\developer\sdks\gecko_sdk_suite\v2.5\z3_lite_timer_mg21_v660\build\obj\debug.o
#        C:\SiliconLabs\SimplicityStudio\v4\developer\sdks\gecko_sdk_suite\v2.5\z3_lite_timer_mg21_v660\build\obj\des.o
#        C:\SiliconLabs\SimplicityStudio\v4\developer\sdks\gecko_sdk_suite\v2.5\z3_lite_timer_mg21_v660\build\obj\dhm.o
#        C:\SiliconLabs\SimplicityStudio\v4\developer\sdks\gecko_sdk_suite\v2.5\z3_lite_timer_mg21_v660\build\obj\diagnostic.o
#        C:\SiliconLabs\SimplicityStudio\v4\developer\sdks\gecko_sdk_suite\v2.5\z3_lite_timer_mg21_v660\build\obj\dmadrv.o
#        C:\SiliconLabs\SimplicityStudio\v4\developer\sdks\gecko_sdk_suite\v2.5\z3_lite_timer_mg21_v660\build\obj\ecdh.o
#        C:\SiliconLabs\SimplicityStudio\v4\developer\sdks\gecko_sdk_suite\v2.5\z3_lite_timer_mg21_v660\build\obj\ecdsa.o
#        C:\SiliconLabs\SimplicityStudio\v4\developer\sdks\gecko_sdk_suite\v2.5\z3_lite_timer_mg21_v660\build\obj\ecjpake.o
#        C:\SiliconLabs\SimplicityStudio\v4\developer\sdks\gecko_sdk_suite\v2.5\z3_lite_timer_mg21_v660\build\obj\ecp.o
#        C:\SiliconLabs\SimplicityStudio\v4\developer\sdks\gecko_sdk_suite\v2.5\z3_lite_timer_mg21_v660\build\obj\ecp_curves.o
#        C:\SiliconLabs\SimplicityStudio\v4\developer\sdks\gecko_sdk_suite\v2.5\z3_lite_timer_mg21_v660\build\obj\em_adc.o
#        C:\SiliconLabs\SimplicityStudio\v4\developer\sdks\gecko_sdk_suite\v2.5\z3_lite_timer_mg21_v660\build\obj\em_cmu.o
#        C:\SiliconLabs\SimplicityStudio\v4\developer\sdks\gecko_sdk_suite\v2.5\z3_lite_timer_mg21_v660\build\obj\em_core.o
#        C:\SiliconLabs\SimplicityStudio\v4\developer\sdks\gecko_sdk_suite\v2.5\z3_lite_timer_mg21_v660\build\obj\em_cryotimer.o
#        C:\SiliconLabs\SimplicityStudio\v4\developer\sdks\gecko_sdk_suite\v2.5\z3_lite_timer_mg21_v660\build\obj\em_emu.o
#        C:\SiliconLabs\SimplicityStudio\v4\developer\sdks\gecko_sdk_suite\v2.5\z3_lite_timer_mg21_v660\build\obj\em_gpio.o
#        C:\SiliconLabs\SimplicityStudio\v4\developer\sdks\gecko_sdk_suite\v2.5\z3_lite_timer_mg21_v660\build\obj\em_i2c.o
#        C:\SiliconLabs\SimplicityStudio\v4\developer\sdks\gecko_sdk_suite\v2.5\z3_lite_timer_mg21_v660\build\obj\em_ldma.o
#        C:\SiliconLabs\SimplicityStudio\v4\developer\sdks\gecko_sdk_suite\v2.5\z3_lite_timer_mg21_v660\build\obj\em_leuart.o
#        C:\SiliconLabs\SimplicityStudio\v4\developer\sdks\gecko_sdk_suite\v2.5\z3_lite_timer_mg21_v660\build\obj\em_msc.o
#        C:\SiliconLabs\SimplicityStudio\v4\developer\sdks\gecko_sdk_suite\v2.5\z3_lite_timer_mg21_v660\build\obj\em_prs.o
#        C:\SiliconLabs\SimplicityStudio\v4\developer\sdks\gecko_sdk_suite\v2.5\z3_lite_timer_mg21_v660\build\obj\em_rmu.o
#        C:\SiliconLabs\SimplicityStudio\v4\developer\sdks\gecko_sdk_suite\v2.5\z3_lite_timer_mg21_v660\build\obj\em_rtcc.o
#        C:\SiliconLabs\SimplicityStudio\v4\developer\sdks\gecko_sdk_suite\v2.5\z3_lite_timer_mg21_v660\build\obj\em_se.o
#        C:\SiliconLabs\SimplicityStudio\v4\developer\sdks\gecko_sdk_suite\v2.5\z3_lite_timer_mg21_v660\build\obj\em_system.o
#        C:\SiliconLabs\SimplicityStudio\v4\developer\sdks\gecko_sdk_suite\v2.5\z3_lite_timer_mg21_v660\build\obj\em_timer.o
#        C:\SiliconLabs\SimplicityStudio\v4\developer\sdks\gecko_sdk_suite\v2.5\z3_lite_timer_mg21_v660\build\obj\em_usart.o
#        C:\SiliconLabs\SimplicityStudio\v4\developer\sdks\gecko_sdk_suite\v2.5\z3_lite_timer_mg21_v660\build\obj\em_wdog.o
#        C:\SiliconLabs\SimplicityStudio\v4\developer\sdks\gecko_sdk_suite\v2.5\z3_lite_timer_mg21_v660\build\obj\ember-base-configuration.o
#        C:\SiliconLabs\SimplicityStudio\v4\developer\sdks\gecko_sdk_suite\v2.5\z3_lite_timer_mg21_v660\build\obj\ember-configuration.o
#        C:\SiliconLabs\SimplicityStudio\v4\developer\sdks\gecko_sdk_suite\v2.5\z3_lite_timer_mg21_v660\build\obj\ember-printf.o
#        C:\SiliconLabs\SimplicityStudio\v4\developer\sdks\gecko_sdk_suite\v2.6\protocol\zigbee\build\end-device-bind-stub-library-cortexm3-iar-efr32mg21-rail\end-device-bind-stub-library.a
#        C:\SiliconLabs\SimplicityStudio\v4\developer\sdks\gecko_sdk_suite\v2.5\z3_lite_timer_mg21_v660\build\obj\endian.o
#        C:\SiliconLabs\SimplicityStudio\v4\developer\sdks\gecko_sdk_suite\v2.5\z3_lite_timer_mg21_v660\build\obj\entropy.o
#        C:\SiliconLabs\SimplicityStudio\v4\developer\sdks\gecko_sdk_suite\v2.5\z3_lite_timer_mg21_v660\build\obj\entropy_adc.o
#        C:\SiliconLabs\SimplicityStudio\v4\developer\sdks\gecko_sdk_suite\v2.5\z3_lite_timer_mg21_v660\build\obj\entropy_poll.o
#        C:\SiliconLabs\SimplicityStudio\v4\developer\sdks\gecko_sdk_suite\v2.5\z3_lite_timer_mg21_v660\build\obj\entropy_rail.o
#        C:\SiliconLabs\SimplicityStudio\v4\developer\sdks\gecko_sdk_suite\v2.5\z3_lite_timer_mg21_v660\build\obj\error.o
#        C:\SiliconLabs\SimplicityStudio\v4\developer\sdks\gecko_sdk_suite\v2.5\z3_lite_timer_mg21_v660\build\obj\ext-device.o
#        C:\SiliconLabs\SimplicityStudio\v4\developer\sdks\gecko_sdk_suite\v2.5\z3_lite_timer_mg21_v660\build\obj\faults-v7m.o
#        C:\SiliconLabs\SimplicityStudio\v4\developer\sdks\gecko_sdk_suite\v2.5\z3_lite_timer_mg21_v660\build\obj\find-and-bind-target-cli.o
#        C:\SiliconLabs\SimplicityStudio\v4\developer\sdks\gecko_sdk_suite\v2.5\z3_lite_timer_mg21_v660\build\obj\find-and-bind-target.o
#        C:\SiliconLabs\SimplicityStudio\v4\developer\sdks\gecko_sdk_suite\v2.5\z3_lite_timer_mg21_v660\build\obj\gcm.o
#        C:\SiliconLabs\SimplicityStudio\v4\developer\sdks\gecko_sdk_suite\v2.6\protocol\zigbee\build\gp-library-cortexm3-iar-efr32mg21-rail\gp-library.a
#        C:\SiliconLabs\SimplicityStudio\v4\developer\sdks\gecko_sdk_suite\v2.5\z3_lite_timer_mg21_v660\build\obj\gpiointerrupt.o
#        C:\SiliconLabs\SimplicityStudio\v4\developer\sdks\gecko_sdk_suite\v2.5\z3_lite_timer_mg21_v660\build\obj\green-power-client-cli.o
#        C:\SiliconLabs\SimplicityStudio\v4\developer\sdks\gecko_sdk_suite\v2.5\z3_lite_timer_mg21_v660\build\obj\green-power-client.o
#        C:\SiliconLabs\SimplicityStudio\v4\developer\sdks\gecko_sdk_suite\v2.5\z3_lite_timer_mg21_v660\build\obj\green-power-common.o
#        C:\SiliconLabs\SimplicityStudio\v4\developer\sdks\gecko_sdk_suite\v2.5\z3_lite_timer_mg21_v660\build\obj\groups-server-cli.o
#        C:\SiliconLabs\SimplicityStudio\v4\developer\sdks\gecko_sdk_suite\v2.5\z3_lite_timer_mg21_v660\build\obj\groups-server.o
#        C:\SiliconLabs\SimplicityStudio\v4\developer\sdks\gecko_sdk_suite\v2.5\z3_lite_timer_mg21_v660\build\obj\hal-config-gpio.o
#        C:\SiliconLabs\SimplicityStudio\v4\developer\sdks\gecko_sdk_suite\v2.5\z3_lite_timer_mg21_v660\build\obj\hal-config.o
#        C:\SiliconLabs\SimplicityStudio\v4\developer\sdks\gecko_sdk_suite\v2.6\protocol\zigbee\build\hal-library-cortexm3-iar-efr32mg21-rail\hal-library.a
#        C:\SiliconLabs\SimplicityStudio\v4\developer\sdks\gecko_sdk_suite\v2.5\z3_lite_timer_mg21_v660\build\obj\havege.o
#        C:\SiliconLabs\SimplicityStudio\v4\developer\sdks\gecko_sdk_suite\v2.5\z3_lite_timer_mg21_v660\build\obj\heartbeat.o
#        C:\SiliconLabs\SimplicityStudio\v4\developer\sdks\gecko_sdk_suite\v2.5\z3_lite_timer_mg21_v660\build\obj\hmac_drbg.o
#        C:\SiliconLabs\SimplicityStudio\v4\developer\sdks\gecko_sdk_suite\v2.5\z3_lite_timer_mg21_v660\build\obj\identify-cli.o
#        C:\SiliconLabs\SimplicityStudio\v4\developer\sdks\gecko_sdk_suite\v2.5\z3_lite_timer_mg21_v660\build\obj\identify.o
#        C:\SiliconLabs\SimplicityStudio\v4\developer\sdks\gecko_sdk_suite\v2.6\protocol\zigbee\build\install-code-library-cortexm3-iar-efr32mg21-rail\install-code-library.a
#        C:\SiliconLabs\SimplicityStudio\v4\developer\sdks\gecko_sdk_suite\v2.5\z3_lite_timer_mg21_v660\build\obj\interpan-cli.o
#        C:\SiliconLabs\SimplicityStudio\v4\developer\sdks\gecko_sdk_suite\v2.5\z3_lite_timer_mg21_v660\build\obj\interpan-soc.o
#        C:\SiliconLabs\SimplicityStudio\v4\developer\sdks\gecko_sdk_suite\v2.5\z3_lite_timer_mg21_v660\build\obj\interpan.o
#        C:\SiliconLabs\SimplicityStudio\v4\developer\sdks\gecko_sdk_suite\v2.5\z3_lite_timer_mg21_v660\build\obj\isr-stubs.o
#        C:\SiliconLabs\SimplicityStudio\v4\developer\sdks\gecko_sdk_suite\v2.5\z3_lite_timer_mg21_v660\build\obj\led.o
#        C:\SiliconLabs\SimplicityStudio\v4\developer\sdks\gecko_sdk_suite\v2.5\z3_lite_timer_mg21_v660\build\obj\level-control.o
#        C:\SiliconLabs\SimplicityStudio\v4\developer\sdks\gecko_sdk_suite\v2.6\platform\emdrv\nvm3\lib\libnvm3_CM33_iar.a
#        C:\SiliconLabs\SimplicityStudio\v4\developer\sdks\gecko_sdk_suite\v2.6\platform\radio\rail_lib\autogen\librail_release\librail_efr32xg21_iar_release.a
#        C:\SiliconLabs\SimplicityStudio\v4\developer\sdks\gecko_sdk_suite\v2.5\z3_lite_timer_mg21_v660\build\obj\library.o
#        C:\SiliconLabs\SimplicityStudio\v4\developer\sdks\gecko_sdk_suite\v2.5\z3_lite_timer_mg21_v660\build\obj\md.o
#        C:\SiliconLabs\SimplicityStudio\v4\developer\sdks\gecko_sdk_suite\v2.5\z3_lite_timer_mg21_v660\build\obj\md2.o
#        C:\SiliconLabs\SimplicityStudio\v4\developer\sdks\gecko_sdk_suite\v2.5\z3_lite_timer_mg21_v660\build\obj\md4.o
#        C:\SiliconLabs\SimplicityStudio\v4\developer\sdks\gecko_sdk_suite\v2.5\z3_lite_timer_mg21_v660\build\obj\md5.o
#        C:\SiliconLabs\SimplicityStudio\v4\developer\sdks\gecko_sdk_suite\v2.5\z3_lite_timer_mg21_v660\build\obj\md_wrap.o
#        C:\SiliconLabs\SimplicityStudio\v4\developer\sdks\gecko_sdk_suite\v2.5\z3_lite_timer_mg21_v660\build\obj\mem-util.o
#        C:\SiliconLabs\SimplicityStudio\v4\developer\sdks\gecko_sdk_suite\v2.5\z3_lite_timer_mg21_v660\build\obj\memory_buffer_alloc.o
#        C:\SiliconLabs\SimplicityStudio\v4\developer\sdks\gecko_sdk_suite\v2.5\z3_lite_timer_mg21_v660\build\obj\message.o
#        C:\SiliconLabs\SimplicityStudio\v4\developer\sdks\gecko_sdk_suite\v2.5\z3_lite_timer_mg21_v660\build\obj\mfg-token.o
#        C:\SiliconLabs\SimplicityStudio\v4\developer\sdks\gecko_sdk_suite\v2.5\z3_lite_timer_mg21_v660\build\obj\micro-common.o
#        C:\SiliconLabs\SimplicityStudio\v4\developer\sdks\gecko_sdk_suite\v2.5\z3_lite_timer_mg21_v660\build\obj\micro.o
#        C:\SiliconLabs\SimplicityStudio\v4\developer\sdks\gecko_sdk_suite\v2.5\z3_lite_timer_mg21_v660\build\obj\mpu.o
#        C:\SiliconLabs\SimplicityStudio\v4\developer\sdks\gecko_sdk_suite\v2.6\protocol\zigbee\build\multi-network-stub-library-cortexm3-iar-efr32mg21-rail\multi-network-stub-library.a
#        C:\SiliconLabs\SimplicityStudio\v4\developer\sdks\gecko_sdk_suite\v2.5\z3_lite_timer_mg21_v660\build\obj\multi-network.o
#        C:\SiliconLabs\SimplicityStudio\v4\developer\sdks\gecko_sdk_suite\v2.5\z3_lite_timer_mg21_v660\build\obj\net_sockets.o
#        C:\SiliconLabs\SimplicityStudio\v4\developer\sdks\gecko_sdk_suite\v2.5\z3_lite_timer_mg21_v660\build\obj\network-cli.o
#        C:\SiliconLabs\SimplicityStudio\v4\developer\sdks\gecko_sdk_suite\v2.5\z3_lite_timer_mg21_v660\build\obj\network-creator-cli.o
#        C:\SiliconLabs\SimplicityStudio\v4\developer\sdks\gecko_sdk_suite\v2.5\z3_lite_timer_mg21_v660\build\obj\network-creator-security-cli.o
#        C:\SiliconLabs\SimplicityStudio\v4\developer\sdks\gecko_sdk_suite\v2.5\z3_lite_timer_mg21_v660\build\obj\network-creator-security.o
#        C:\SiliconLabs\SimplicityStudio\v4\developer\sdks\gecko_sdk_suite\v2.5\z3_lite_timer_mg21_v660\build\obj\network-creator.o
#        C:\SiliconLabs\SimplicityStudio\v4\developer\sdks\gecko_sdk_suite\v2.5\z3_lite_timer_mg21_v660\build\obj\network-steering-cli.o
#        C:\SiliconLabs\SimplicityStudio\v4\developer\sdks\gecko_sdk_suite\v2.5\z3_lite_timer_mg21_v660\build\obj\network-steering-soc.o
#        C:\SiliconLabs\SimplicityStudio\v4\developer\sdks\gecko_sdk_suite\v2.5\z3_lite_timer_mg21_v660\build\obj\network-steering-v2.o
#        C:\SiliconLabs\SimplicityStudio\v4\developer\sdks\gecko_sdk_suite\v2.5\z3_lite_timer_mg21_v660\build\obj\network-steering.o
#        C:\SiliconLabs\SimplicityStudio\v4\developer\sdks\gecko_sdk_suite\v2.5\z3_lite_timer_mg21_v660\build\obj\nvm3_default.o
#        C:\SiliconLabs\SimplicityStudio\v4\developer\sdks\gecko_sdk_suite\v2.5\z3_lite_timer_mg21_v660\build\obj\nvm3_hal_flash.o
#        C:\SiliconLabs\SimplicityStudio\v4\developer\sdks\gecko_sdk_suite\v2.5\z3_lite_timer_mg21_v660\build\obj\nvm3_lock.o
#        C:\SiliconLabs\SimplicityStudio\v4\developer\sdks\gecko_sdk_suite\v2.5\z3_lite_timer_mg21_v660\build\obj\oid.o
#        C:\SiliconLabs\SimplicityStudio\v4\developer\sdks\gecko_sdk_suite\v2.5\z3_lite_timer_mg21_v660\build\obj\on-off.o
#        C:\SiliconLabs\SimplicityStudio\v4\developer\sdks\gecko_sdk_suite\v2.5\z3_lite_timer_mg21_v660\build\obj\option-cli.o
#        C:\SiliconLabs\SimplicityStudio\v4\developer\sdks\gecko_sdk_suite\v2.6\protocol\zigbee\build\packet-validate-stub-library-cortexm3-iar-efr32mg21-rail\packet-validate-stub-library.a
#        C:\SiliconLabs\SimplicityStudio\v4\developer\sdks\gecko_sdk_suite\v2.5\z3_lite_timer_mg21_v660\build\obj\padlock.o
#        C:\SiliconLabs\SimplicityStudio\v4\developer\sdks\gecko_sdk_suite\v2.5\z3_lite_timer_mg21_v660\build\obj\pem.o
#        C:\SiliconLabs\SimplicityStudio\v4\developer\sdks\gecko_sdk_suite\v2.5\z3_lite_timer_mg21_v660\build\obj\pk.o
#        C:\SiliconLabs\SimplicityStudio\v4\developer\sdks\gecko_sdk_suite\v2.5\z3_lite_timer_mg21_v660\build\obj\pk_wrap.o
#        C:\SiliconLabs\SimplicityStudio\v4\developer\sdks\gecko_sdk_suite\v2.5\z3_lite_timer_mg21_v660\build\obj\pkcs11.o
#        C:\SiliconLabs\SimplicityStudio\v4\developer\sdks\gecko_sdk_suite\v2.5\z3_lite_timer_mg21_v660\build\obj\pkcs12.o
#        C:\SiliconLabs\SimplicityStudio\v4\developer\sdks\gecko_sdk_suite\v2.5\z3_lite_timer_mg21_v660\build\obj\pkcs5.o
#        C:\SiliconLabs\SimplicityStudio\v4\developer\sdks\gecko_sdk_suite\v2.5\z3_lite_timer_mg21_v660\build\obj\pkparse.o
#        C:\SiliconLabs\SimplicityStudio\v4\developer\sdks\gecko_sdk_suite\v2.5\z3_lite_timer_mg21_v660\build\obj\pkwrite.o
#        C:\SiliconLabs\SimplicityStudio\v4\developer\sdks\gecko_sdk_suite\v2.5\z3_lite_timer_mg21_v660\build\obj\plugin-cli.o
#        C:\SiliconLabs\SimplicityStudio\v4\developer\sdks\gecko_sdk_suite\v2.5\z3_lite_timer_mg21_v660\build\obj\print-formatter.o
#        C:\SiliconLabs\SimplicityStudio\v4\developer\sdks\gecko_sdk_suite\v2.5\z3_lite_timer_mg21_v660\build\obj\print.o
#        C:\SiliconLabs\SimplicityStudio\v4\developer\sdks\gecko_sdk_suite\v2.5\z3_lite_timer_mg21_v660\build\obj\process-cluster-message.o
#        C:\SiliconLabs\SimplicityStudio\v4\developer\sdks\gecko_sdk_suite\v2.5\z3_lite_timer_mg21_v660\build\obj\process-global-message.o
#        C:\SiliconLabs\SimplicityStudio\v4\developer\sdks\gecko_sdk_suite\v2.5\z3_lite_timer_mg21_v660\build\obj\radioaes.o
#        C:\SiliconLabs\SimplicityStudio\v4\developer\sdks\gecko_sdk_suite\v2.5\z3_lite_timer_mg21_v660\build\obj\radioaes_aes.o
#        C:\SiliconLabs\SimplicityStudio\v4\developer\sdks\gecko_sdk_suite\v2.5\z3_lite_timer_mg21_v660\build\obj\radioaes_ble.o
#        C:\SiliconLabs\SimplicityStudio\v4\developer\sdks\gecko_sdk_suite\v2.5\z3_lite_timer_mg21_v660\build\obj\random.o
#        C:\SiliconLabs\SimplicityStudio\v4\developer\sdks\gecko_sdk_suite\v2.5\z3_lite_timer_mg21_v660\build\obj\reporting-cli.o
#        C:\SiliconLabs\SimplicityStudio\v4\developer\sdks\gecko_sdk_suite\v2.5\z3_lite_timer_mg21_v660\build\obj\reporting-default-configuration.o
#        C:\SiliconLabs\SimplicityStudio\v4\developer\sdks\gecko_sdk_suite\v2.5\z3_lite_timer_mg21_v660\build\obj\reporting.o
#        C:\SiliconLabs\SimplicityStudio\v4\developer\sdks\gecko_sdk_suite\v2.5\z3_lite_timer_mg21_v660\build\obj\ripemd160.o
#        C:\SiliconLabs\SimplicityStudio\v4\developer\sdks\gecko_sdk_suite\v2.5\z3_lite_timer_mg21_v660\build\obj\rsa.o
#        C:\SiliconLabs\SimplicityStudio\v4\developer\sdks\gecko_sdk_suite\v2.5\z3_lite_timer_mg21_v660\build\obj\rsa_internal.o
#        C:\SiliconLabs\SimplicityStudio\v4\developer\sdks\gecko_sdk_suite\v2.5\z3_lite_timer_mg21_v660\build\obj\rtcdriver.o
#        C:\SiliconLabs\SimplicityStudio\v4\developer\sdks\gecko_sdk_suite\v2.5\z3_lite_timer_mg21_v660\build\obj\scan-dispatch.o
#        C:\SiliconLabs\SimplicityStudio\v4\developer\sdks\gecko_sdk_suite\v2.5\z3_lite_timer_mg21_v660\build\obj\scenes-cli.o
#        C:\SiliconLabs\SimplicityStudio\v4\developer\sdks\gecko_sdk_suite\v2.5\z3_lite_timer_mg21_v660\build\obj\scenes.o
#        C:\SiliconLabs\SimplicityStudio\v4\developer\sdks\gecko_sdk_suite\v2.5\z3_lite_timer_mg21_v660\build\obj\se_aes.o
#        C:\SiliconLabs\SimplicityStudio\v4\developer\sdks\gecko_sdk_suite\v2.5\z3_lite_timer_mg21_v660\build\obj\se_ccm.o
#        C:\SiliconLabs\SimplicityStudio\v4\developer\sdks\gecko_sdk_suite\v2.5\z3_lite_timer_mg21_v660\build\obj\se_cmac.o
#        C:\SiliconLabs\SimplicityStudio\v4\developer\sdks\gecko_sdk_suite\v2.5\z3_lite_timer_mg21_v660\build\obj\se_ecp.o
#        C:\SiliconLabs\SimplicityStudio\v4\developer\sdks\gecko_sdk_suite\v2.5\z3_lite_timer_mg21_v660\build\obj\se_jpake.o
#        C:\SiliconLabs\SimplicityStudio\v4\developer\sdks\gecko_sdk_suite\v2.5\z3_lite_timer_mg21_v660\build\obj\se_management.o
#        C:\SiliconLabs\SimplicityStudio\v4\developer\sdks\gecko_sdk_suite\v2.5\z3_lite_timer_mg21_v660\build\obj\se_sha.o
#        C:\SiliconLabs\SimplicityStudio\v4\developer\sdks\gecko_sdk_suite\v2.5\z3_lite_timer_mg21_v660\build\obj\se_trng.o
#        C:\SiliconLabs\SimplicityStudio\v4\developer\sdks\gecko_sdk_suite\v2.5\z3_lite_timer_mg21_v660\build\obj\security-address-cache.o
#        C:\SiliconLabs\SimplicityStudio\v4\developer\sdks\gecko_sdk_suite\v2.5\z3_lite_timer_mg21_v660\build\obj\security-cli.o
#        C:\SiliconLabs\SimplicityStudio\v4\developer\sdks\gecko_sdk_suite\v2.6\protocol\zigbee\build\security-library-core-cortexm3-iar-efr32mg21-rail\security-library-core.a
#        C:\SiliconLabs\SimplicityStudio\v4\developer\sdks\gecko_sdk_suite\v2.6\protocol\zigbee\build\security-library-link-keys-stub-cortexm3-iar-efr32mg21-rail\security-library-link-keys-stub.a
#        C:\SiliconLabs\SimplicityStudio\v4\developer\sdks\gecko_sdk_suite\v2.5\z3_lite_timer_mg21_v660\build\obj\SEGGER_RTT.o
#        C:\SiliconLabs\SimplicityStudio\v4\developer\sdks\gecko_sdk_suite\v2.5\z3_lite_timer_mg21_v660\build\obj\serial.o
#        C:\SiliconLabs\SimplicityStudio\v4\developer\sdks\gecko_sdk_suite\v2.5\z3_lite_timer_mg21_v660\build\obj\service-discovery-common.o
#        C:\SiliconLabs\SimplicityStudio\v4\developer\sdks\gecko_sdk_suite\v2.5\z3_lite_timer_mg21_v660\build\obj\service-discovery-soc.o
#        C:\SiliconLabs\SimplicityStudio\v4\developer\sdks\gecko_sdk_suite\v2.5\z3_lite_timer_mg21_v660\build\obj\sha1.o
#        C:\SiliconLabs\SimplicityStudio\v4\developer\sdks\gecko_sdk_suite\v2.5\z3_lite_timer_mg21_v660\build\obj\sha256.o
#        C:\SiliconLabs\SimplicityStudio\v4\developer\sdks\gecko_sdk_suite\v2.5\z3_lite_timer_mg21_v660\build\obj\sha512.o
#        C:\SiliconLabs\SimplicityStudio\v4\developer\sdks\gecko_sdk_suite\v2.5\z3_lite_timer_mg21_v660\build\obj\shax.o
#        C:\SiliconLabs\SimplicityStudio\v4\developer\sdks\gecko_sdk_suite\v2.6\protocol\zigbee\build\sim-eeprom2-to-nvm3-upgrade-stub-library-cortexm3-iar-efr32mg21-rail\sim-eeprom2-to-nvm3-upgrade-stub-library.a
#        C:\SiliconLabs\SimplicityStudio\v4\developer\sdks\gecko_sdk_suite\v2.5\z3_lite_timer_mg21_v660\build\obj\simple-main.o
#        C:\SiliconLabs\SimplicityStudio\v4\developer\sdks\gecko_sdk_suite\v2.5\z3_lite_timer_mg21_v660\build\obj\sleep-efm32.o
#        C:\SiliconLabs\SimplicityStudio\v4\developer\sdks\gecko_sdk_suite\v2.5\z3_lite_timer_mg21_v660\build\obj\sleep.o
#        C:\SiliconLabs\SimplicityStudio\v4\developer\sdks\gecko_sdk_suite\v2.5\z3_lite_timer_mg21_v660\build\obj\ssl_cache.o
#        C:\SiliconLabs\SimplicityStudio\v4\developer\sdks\gecko_sdk_suite\v2.5\z3_lite_timer_mg21_v660\build\obj\ssl_ciphersuites.o
#        C:\SiliconLabs\SimplicityStudio\v4\developer\sdks\gecko_sdk_suite\v2.5\z3_lite_timer_mg21_v660\build\obj\ssl_cli.o
#        C:\SiliconLabs\SimplicityStudio\v4\developer\sdks\gecko_sdk_suite\v2.5\z3_lite_timer_mg21_v660\build\obj\ssl_cookie.o
#        C:\SiliconLabs\SimplicityStudio\v4\developer\sdks\gecko_sdk_suite\v2.5\z3_lite_timer_mg21_v660\build\obj\ssl_srv.o
#        C:\SiliconLabs\SimplicityStudio\v4\developer\sdks\gecko_sdk_suite\v2.5\z3_lite_timer_mg21_v660\build\obj\ssl_ticket.o
#        C:\SiliconLabs\SimplicityStudio\v4\developer\sdks\gecko_sdk_suite\v2.5\z3_lite_timer_mg21_v660\build\obj\ssl_tls.o
#        C:\SiliconLabs\SimplicityStudio\v4\developer\sdks\gecko_sdk_suite\v2.5\z3_lite_timer_mg21_v660\build\obj\stack-handler-stub.o
#        C:\SiliconLabs\SimplicityStudio\v4\developer\sdks\gecko_sdk_suite\v2.5\z3_lite_timer_mg21_v660\build\obj\strong-random-api.o
#        C:\SiliconLabs\SimplicityStudio\v4\developer\sdks\gecko_sdk_suite\v2.5\z3_lite_timer_mg21_v660\build\obj\system_efr32mg21.o
#        C:\SiliconLabs\SimplicityStudio\v4\developer\sdks\gecko_sdk_suite\v2.5\z3_lite_timer_mg21_v660\build\obj\tempdrv.o
#        C:\SiliconLabs\SimplicityStudio\v4\developer\sdks\gecko_sdk_suite\v2.5\z3_lite_timer_mg21_v660\build\obj\threading.o
#        C:\SiliconLabs\SimplicityStudio\v4\developer\sdks\gecko_sdk_suite\v2.5\z3_lite_timer_mg21_v660\build\obj\time-util.o
#        C:\SiliconLabs\SimplicityStudio\v4\developer\sdks\gecko_sdk_suite\v2.5\z3_lite_timer_mg21_v660\build\obj\timing.o
#        C:\SiliconLabs\SimplicityStudio\v4\developer\sdks\gecko_sdk_suite\v2.5\z3_lite_timer_mg21_v660\build\obj\token-def.o
#        C:\SiliconLabs\SimplicityStudio\v4\developer\sdks\gecko_sdk_suite\v2.5\z3_lite_timer_mg21_v660\build\obj\token.o
#        C:\SiliconLabs\SimplicityStudio\v4\developer\sdks\gecko_sdk_suite\v2.5\z3_lite_timer_mg21_v660\build\obj\trng.o
#        C:\SiliconLabs\SimplicityStudio\v4\developer\sdks\gecko_sdk_suite\v2.5\z3_lite_timer_mg21_v660\build\obj\uartdrv.o
#        C:\SiliconLabs\SimplicityStudio\v4\developer\sdks\gecko_sdk_suite\v2.5\z3_lite_timer_mg21_v660\build\obj\update-tc-link-key-cli.o
#        C:\SiliconLabs\SimplicityStudio\v4\developer\sdks\gecko_sdk_suite\v2.5\z3_lite_timer_mg21_v660\build\obj\update-tc-link-key.o
#        C:\SiliconLabs\SimplicityStudio\v4\developer\sdks\gecko_sdk_suite\v2.5\z3_lite_timer_mg21_v660\build\obj\ustimer.o
#        C:\SiliconLabs\SimplicityStudio\v4\developer\sdks\gecko_sdk_suite\v2.5\z3_lite_timer_mg21_v660\build\obj\util.o
#        C:\SiliconLabs\SimplicityStudio\v4\developer\sdks\gecko_sdk_suite\v2.5\z3_lite_timer_mg21_v660\build\obj\version.o
#        C:\SiliconLabs\SimplicityStudio\v4\developer\sdks\gecko_sdk_suite\v2.5\z3_lite_timer_mg21_v660\build\obj\version_features.o
#        C:\SiliconLabs\SimplicityStudio\v4\developer\sdks\gecko_sdk_suite\v2.5\z3_lite_timer_mg21_v660\build\obj\x509.o
#        C:\SiliconLabs\SimplicityStudio\v4\developer\sdks\gecko_sdk_suite\v2.5\z3_lite_timer_mg21_v660\build\obj\x509_create.o
#        C:\SiliconLabs\SimplicityStudio\v4\developer\sdks\gecko_sdk_suite\v2.5\z3_lite_timer_mg21_v660\build\obj\x509_crl.o
#        C:\SiliconLabs\SimplicityStudio\v4\developer\sdks\gecko_sdk_suite\v2.5\z3_lite_timer_mg21_v660\build\obj\x509_crt.o
#        C:\SiliconLabs\SimplicityStudio\v4\developer\sdks\gecko_sdk_suite\v2.5\z3_lite_timer_mg21_v660\build\obj\x509_csr.o
#        C:\SiliconLabs\SimplicityStudio\v4\developer\sdks\gecko_sdk_suite\v2.5\z3_lite_timer_mg21_v660\build\obj\x509write_crt.o
#        C:\SiliconLabs\SimplicityStudio\v4\developer\sdks\gecko_sdk_suite\v2.5\z3_lite_timer_mg21_v660\build\obj\x509write_csr.o
#        C:\SiliconLabs\SimplicityStudio\v4\developer\sdks\gecko_sdk_suite\v2.5\z3_lite_timer_mg21_v660\build\obj\xtea.o
#        C:\SiliconLabs\SimplicityStudio\v4\developer\sdks\gecko_sdk_suite\v2.5\z3_lite_timer_mg21_v660\build\obj\z3_lite_timer_mg21_v660_callbacks.o
#        C:\SiliconLabs\SimplicityStudio\v4\developer\sdks\gecko_sdk_suite\v2.5\z3_lite_timer_mg21_v660\build\obj\zcl-cli.o
#        C:\SiliconLabs\SimplicityStudio\v4\developer\sdks\gecko_sdk_suite\v2.5\z3_lite_timer_mg21_v660\build\obj\zdo-cli.o
#        C:\SiliconLabs\SimplicityStudio\v4\developer\sdks\gecko_sdk_suite\v2.5\z3_lite_timer_mg21_v660\build\obj\zigbee-device-common.o
#        C:\SiliconLabs\SimplicityStudio\v4\developer\sdks\gecko_sdk_suite\v2.5\z3_lite_timer_mg21_v660\build\obj\zigbee-device-library.o
#        C:\SiliconLabs\SimplicityStudio\v4\developer\sdks\gecko_sdk_suite\v2.6\protocol\zigbee\build\zigbee-pro-stack-cortexm3-iar-efr32mg21-rail\zigbee-pro-stack.a
#        C:\SiliconLabs\SimplicityStudio\v4\developer\sdks\gecko_sdk_suite\v2.6\protocol\zigbee\build\zigbee-r22-support-stub-library-cortexm3-iar-efr32mg21-rail\zigbee-r22-support-stub-library.a
#        C:\SiliconLabs\SimplicityStudio\v4\developer\sdks\gecko_sdk_suite\v2.5\z3_lite_timer_mg21_v660\build\obj\zll-commissioning-cli.o
#        C:\SiliconLabs\SimplicityStudio\v4\developer\sdks\gecko_sdk_suite\v2.5\z3_lite_timer_mg21_v660\build\obj\zll-commissioning-common.o
#        C:\SiliconLabs\SimplicityStudio\v4\developer\sdks\gecko_sdk_suite\v2.5\z3_lite_timer_mg21_v660\build\obj\zll-commissioning-server.o
#        C:\SiliconLabs\SimplicityStudio\v4\developer\sdks\gecko_sdk_suite\v2.5\z3_lite_timer_mg21_v660\build\obj\zll-identify-server.o
#        C:\SiliconLabs\SimplicityStudio\v4\developer\sdks\gecko_sdk_suite\v2.5\z3_lite_timer_mg21_v660\build\obj\zll-level-control-server.o
#        C:\SiliconLabs\SimplicityStudio\v4\developer\sdks\gecko_sdk_suite\v2.6\protocol\zigbee\build\zll-library-cortexm3-iar-efr32mg21-rail\zll-library.a
#        C:\SiliconLabs\SimplicityStudio\v4\developer\sdks\gecko_sdk_suite\v2.5\z3_lite_timer_mg21_v660\build\obj\zll-on-off-server.o
#        C:\SiliconLabs\SimplicityStudio\v4\developer\sdks\gecko_sdk_suite\v2.5\z3_lite_timer_mg21_v660\build\obj\zll-scenes-server.o
#        C:\SiliconLabs\SimplicityStudio\v4\developer\sdks\gecko_sdk_suite\v2.5\z3_lite_timer_mg21_v660\build\obj\zll-utility-server.o
#        C:\SiliconLabs\SimplicityStudio\v4\developer\sdks\gecko_sdk_suite\v2.5\z3_lite_timer_mg21_v660\build\obj\znet-bookkeeping.o
#        C:\SiliconLabs\SimplicityStudio\v4\developer\sdks\gecko_sdk_suite\v2.5\z3_lite_timer_mg21_v660\build\obj\znet-cli.o
#        --redirect _Printf=_PrintfSmallNoMb --redirect _Scanf=_ScanfFullNoMb
#        --no_out_extension -o
#        C:\SiliconLabs\SimplicityStudio\v4\developer\sdks\gecko_sdk_suite\v2.5\z3_lite_timer_mg21_v660\build\exe\z3_lite_timer_mg21_v660.out
#        --config_def FLASH_SIZE=1048576 --config_def RAM_SIZE=98304
#        --config_def FLASH_PAGE_SIZE=8192 --config_def SIMEEPROM_SIZE=32768
#        --config_def PSSTORE_SIZE=0 --config_def LONGTOKEN_SIZE=0 --config_def
#        LOCKBITS_IN_MAINFLASH_SIZE=8192 --config_def HEADER_SIZE=256
#        --config_def LOCAL_STORAGE_BTL=1 --config_def EMBER_MALLOC_HEAP_SIZE=0
#        --map
#        C:\SiliconLabs\SimplicityStudio\v4\developer\sdks\gecko_sdk_suite\v2.5\z3_lite_timer_mg21_v660\build\lst\z3_lite_timer_mg21_v660.map
#        --log initialization,modules,sections,veneers --log_file
#        C:\SiliconLabs\SimplicityStudio\v4\developer\sdks\gecko_sdk_suite\v2.5\z3_lite_timer_mg21_v660\build\lst\z3_lite_timer_mg21_v660.log
#        --config
#        C:\SiliconLabs\SimplicityStudio\v4\developer\sdks\gecko_sdk_suite\v2.5\z3_lite_timer_mg21_v660\..\..\v2.6\platform\base\hal\micro\cortexm3\efm32\iar-cfg.icf
#        --diag_suppress Lp012 --entry __iar_program_start --no_vfe --text_out
#        locale --import_cmse_lib_out
#        C:\SiliconLabs\SimplicityStudio\v4\developer\sdks\gecko_sdk_suite\v2.5\z3_lite_timer_mg21_v660\build\exe\z3_lite_timer_mg21_v660_import_lib.o)
#
###############################################################################

*******************************************************************************
*** RUNTIME MODEL ATTRIBUTES
***

CppFlavor       = *
__SystemLibrary = DLib
__dlib_version  = 6


*******************************************************************************
*** HEAP SELECTION
***

The basic heap was selected because no calls to memory allocation
functions were found in the application outside of system library
functions, and there are calls to deallocation functions in the
application.


*******************************************************************************
*** PLACEMENT SUMMARY
***

"BAT": place at 0x0 { section BAT };
define block HEADER_block with fixed order { ro section AAT };
"HEADERS":
       place at start of [from 0x4000 to 0x40ff] { block HEADER_block };
define block APPRO_block
   with fixed order {
      ro section .intvec, ro section .textrw_init, ro section .gatt_header,
      ro section .gatt_data, ro section .text, ro section CODE,
      ro section .rodata, ro section .data_init, ro section .iar.init_table,
      ro section __DLIB_PERTHREAD_init };
"APP ro":
       place at start of [from 0x4100 to 0xf'ffff] { block APPRO_block };
"SIMEE&LOCKBITS":
       place at end of [from 0x4100 to 0xf'ffff] {
          zi section SIMEE, zi section INTERNAL_STORAGE, zi section LONGTOKEN,
          zi section PSSTORE, zi section LOCKBITS_IN_MAINFLASH };
define block ALIGN_EMHEAP with alignment = 8 { rw section EMHEAP };
define block RESETHEAP
   with fixed order { rw section RESETINFO, block ALIGN_EMHEAP };
"ResetHeap":
       place at start of [from 0x2000'0000 to 0x2001'7fef] { block RESETHEAP };
"Guard":
       place in [from 0x2000'0000 to 0x2001'7fef] { rw section GUARD_REGION };
define block ALIGN_CSTACK with alignment = 8 { rw section CSTACK };
define block DLIB_PERTHREAD_INITIALIZED_DATA { rw section __DLIB_PERTHREAD };
define block DLIB_PERTHREAD_ZERO_DATA { zi section __DLIB_PERTHREAD };
define block HEAP with size = 0M, alignment = 8 { };
define block APPRW_block
   with fixed order {
      block ALIGN_CSTACK, rw section .textrw, rw section .data,
      block DLIB_PERTHREAD_INITIALIZED_DATA, block DLIB_PERTHREAD_ZERO_DATA,
      rw section .bss, rw section .noinit, block HEAP };
"APP rw":
       place at end of [from 0x2000'0000 to 0x2001'7fef] { block APPRW_block };
do not initialize {
   rw section .noinit, rw section CSTACK, rw section RESETINFO,
   rw section EMHEAP, zi section SIMEE, zi section INTERNAL_STORAGE,
   zi section LONGTOKEN, zi section PSSTORE, zi section LOCKBITS_IN_MAINFLASH };
initialize by copy { rw };

No sections matched the following patterns:

  ro section .gatt_data             in block APPRO_block
  ro section .gatt_header           in block APPRO_block
  ro section .iar.init_table        in block APPRO_block
  ro section CODE                   in block APPRO_block
  ro section __DLIB_PERTHREAD_init  in block APPRO_block
  rw section .noinit                in block APPRW_block
  rw section DEBUG_CHANNEL          in "DEBUGCHAN"
  rw section __DLIB_PERTHREAD       in block DLIB_PERTHREAD_INITIALIZED_DATA
  zi section LONGTOKEN              in "SIMEE&LOCKBITS"
  zi section PSSTORE                in "SIMEE&LOCKBITS"
  zi section __DLIB_PERTHREAD       in block DLIB_PERTHREAD_ZERO_DATA


  Section                 Kind         Address     Size  Object
  -------                 ----         -------     ----  ------
"BAT":                                             0x54
  BAT                     uninit           0x0     0x54  cstartup-common.o [1]
                                        - 0x54     0x54

"HEADERS":                                         0xac
  HEADER_block                          0x4000     0xac  <Block>
    AAT                   const         0x4000     0xac  cstartup-common.o [1]
                                      - 0x40ac     0xac

"APP ro":                                       0x3a148
  APPRO_block                           0x4100  0x3a148  <Block>
    .intvec               const         0x4100    0x134  startup_efr32mg21.o [14]
    Initializer bytes     const         0x4234    0x135  <for rw section .textrw-1>
    .text                               0x436c  0x31b16  <Block>
      .text               ro code       0x436c    0x19e  af-event.o [1]
      .text               ro code       0x450a      0x2  identify-cli.o [1]
      .text               ro code       0x450c     0x58  multi-network.o [1]
      .text               ro code       0x4564    0x24c  event-control.o [25]
      .text               ro code       0x47b0     0x10  crypto-state.o [1]
      .text               ro code       0x47c0    0xcb8  attribute-storage.o [1]
      .text               ro code       0x5478      0xc  em_core.o [1]
      .text               ro code       0x5484      0x6  em_core.o [1]
      .text               ro code       0x548a      0x2  startup_efr32mg21.o [14]
      .text               ro code       0x548c     0xb4  system-timer.o [14]
      .text               ro code       0x5540    0x1fc  assert-crash-handlers.o [1]
      .text               ro code       0x573c     0x1a  em_core.o [1]
      .text               ro code       0x5756     0x4c  ember-configuration.o [1]
      .text               ro code       0x57a2      0x8  em_core.o [1]
      .text               ro code       0x57aa      0x2  startup_efr32mg21.o [14]
      .text               ro code       0x57ac    0x114  callback-stub.o [1]
      .text               ro code       0x58c0    0x8dc  util.o [1]
      .text               ro code       0x619c     0xbe  mem-util.o [1]
      .text               ro code       0x625a     0x64  znet-bookkeeping.o [1]
      .text               ro code       0x62be      0x2  startup_efr32mg21.o [14]
      .text               ro code       0x62c0    0x2c4  ember-multi-network-stub.o [19]
      .text               ro code       0x6584     0x98  micro-common.o [1]
      .text               ro code       0x661c    0x4e6  attribute-table.o [1]
      .text               ro code       0x6b02      0x2  startup_efr32mg21.o [14]
      .text               ro code       0x6b04    0x2cc  token.o [1]
      .text               ro code       0x6dd0    0x5f8  rtcdriver.o [1]
      .text               ro code       0x73c8    0x18c  ustimer.o [1]
      .text               ro code       0x7554    0x170  sleep-efm32.o [1]
      .text               ro code       0x76c4      0x8  em_core.o [1]
      .text               ro code       0x76cc    0x2d8  debug.o [9]
      .text               ro code       0x79a4     0xae  serial.o [1]
      .text               ro code       0x7a52      0x2  startup_efr32mg21.o [14]
      .text               ro code       0x7a54     0x50  micro-internal.o [14]
      .text               ro code       0x7aa4     0x50  random.o [1]
      .text               ro code       0x7af4    0x27c  client-api.o [1]
      .text               ro code       0x7d70    0x230  zll-commissioning-common.o [1]
      .text               ro code       0x7fa0    0xeec  green-power-client.o [1]
      .text               ro code       0x8e8c    0x9f8  reporting.o [1]
      .text               ro code       0x9884     0x88  interpan-soc.o [1]
      .text               ro code       0x990c    0x16c  counters-soc.o [1]
      .text               ro code       0x9a78   0x1490  association.o [25]
      .text               ro code       0xaf08    0x204  ember-stack-common.o [25]
      .text               ro code       0xb10c    0x124  print.o [1]
      .text               ro code       0xb230    0x118  time-util.o [1]
      .text               ro code       0xb348    0x14c  print-formatter.o [1]
      .text               ro code       0xb494    0x42c  groups-server.o [1]
      .text               ro code       0xb8c0     0x50  process-cluster-message.o [1]
      .text               ro code       0xb910    0x4ea  process-global-message.o [1]
      .text               ro code       0xbdfa      0x2  startup_efr32mg21.o [14]
      .text               ro code       0xbdfc    0x16c  message.o [1]
      .text               ro code       0xbf68     0x18  ABImemcpy_small.o [21]
      .text               ro code       0xbf80    0x55c  interpan.o [1]
      .text               ro code       0xc4dc    0x988  af-main-common.o [1]
      .text               ro code       0xce64    0x340  address-table.o [25]
      .text               ro code       0xd1a4    0x4d0  binding-table.o [2]
      .text               ro code       0xd674     0x12  ABImemset_small.o [21]
      .text               ro code       0xd686     0x3a  zero_init3.o [21]
      .text               ro code       0xd6c0    0x2b4  z3_lite_timer_mg21_v660_callbacks.o [1]
      .text               ro code       0xd974    0x238  network-creator-security.o [1]
      .text               ro code       0xdbac     0x20  heartbeat.o [1]
      .text               ro code       0xdbcc    0x108  update-tc-link-key.o [1]
      .text               ro code       0xdcd4   0x1378  phy.o [25]
      .text               ro code       0xf04c    0x9d0  upper-mac.o [25]
      .text               ro code       0xfa1c    0x1f8  zigbee-neighbor.o [25]
      .text               ro code       0xfc14    0x5ba  af-main-soc.o [1]
      .text               ro code     0x1'01ce     0x7a  lz77_init_single.o [21]
      .text               ro code     0x1'0248      0x4  faults-v7m.o [1]
      .text               ro code     0x1'024c    0x780  em_cmu.o [1]
      .text               ro code     0x1'09cc     0xba  em_wdog.o [1]
      .text               ro code     0x1'0a88     0x24  attribute-size.o [1]
      .text               ro code     0x1'0aac      0x4  sim-eeprom2-to-nvm3-upgrade-stub.o [24]
      .text               ro code     0x1'0ab0   0x1a5e  nvm3.o [16]
      .text               ro code     0x1'2510    0x272  mfg-token.o [1]
      .text               ro code     0x1'2782      0x6  ember-base-configuration.o [1]
      .text               ro code     0x1'2788     0x9c  em_rtcc.o [1]
      .text               ro code     0x1'2824      0x6  ABImemclr4.o [21]
      .text               ro code     0x1'282c    0x106  I64DivMod_small.o [21]
      .text               ro code     0x1'2934    0x1ba  em_timer.o [1]
      .text               ro code     0x1'2af0     0x7a  led.o [1]
      .text               ro code     0x1'2b6c    0x762  com.o [1]
      .text               ro code     0x1'32d0     0x82  em_emu.o [1]
      .text               ro code     0x1'3354    0x218  debug-jtag-efr32.o [1]
      .text               ro code     0x1'356c    0x76c  packet-buffer.o [25]
      .text               ro code     0x1'3cd8    0x5a2  micro.o [1]
      .text               ro code     0x1'427a     0x14  debug-extended-stub.o [10]
      .text               ro code     0x1'4290    0x2ae  ember-printf.o [1]
      .text               ro code     0x1'4540    0xdcc  scenes.o [1]
      .text               ro code     0x1'530c    0x1d4  zll-commissioning-server.o [1]
      .text               ro code     0x1'54e0    0x810  zll-api.o [27]
      .text               ro code     0x1'5cf0    0x3fe  leave.o [25]
      .text               ro code     0x1'60ee    0x128  zll-tokens.o [27]
      .text               ro code     0x1'6218    0xc54  gp-data.o [13]
      .text               ro code     0x1'6e6c    0x728  scan.o [25]
      .text               ro code     0x1'7594    0x100  zigbee-dispatch.o [25]
      .text               ro code     0x1'7694    0x15a  green-power-common.o [1]
      .text               ro code     0x1'77f0    0x824  gp-proxy-table.o [13]
      .text               ro code     0x1'8014    0x424  zigbee-stack.o [25]
      .text               ro code     0x1'8438   0x1900  network.o [25]
      .text               ro code     0x1'9d38     0x7a  gp-util.o [13]
      .text               ro code     0x1'9db4    0x268  green-power-client-cli.o [1]
      .text               ro code     0x1'a01c     0x78  reporting-default-configuration.o [1]
      .text               ro code     0x1'a094    0x380  mac-header.o [25]
      .text               ro code     0x1'a414    0x310  child-handling.o [25]
      .text               ro code     0x1'a724    0x8e8  beacon-handling.o [25]
      .text               ro code     0x1'b00c    0x9cc  zigbee-device-util.o [25]
      .text               ro code     0x1'b9d8    0x184  token-cache.o [25]
      .text               ro code     0x1'bb5c    0x2f8  management.o [25]
      .text               ro code     0x1'be54    0x36c  random-id.o [25]
      .text               ro code     0x1'c1c0    0xdb8  aps-security.o [22]
      .text               ro code     0x1'cf78    0x74c  child.o [25]
      .text               ro code     0x1'd6c4     0x14  strong-random-api.o [1]
      .text               ro code     0x1'd6d8    0x628  command.o [25]
      .text               ro code     0x1'dd00    0x168  child-aging.o [25]
      .text               ro code     0x1'de68      0xc  ember-multi-phy-stub.o [25]
      .text               ro code     0x1'de74    0x258  packet-header.o [25]
      .text               ro code     0x1'e0cc     0x5e  byte-utilities.o [25]
      .text               ro code     0x1'e12c    0x5d0  zigbee-packet-header.o [25]
      .text               ro code     0x1'e6fc     0x48  child-table.o [25]
      .text               ro code     0x1'e744    0x5b5  mac-indirect.o [25]
      .text               ro code     0x1'ecfc    0x302  retry.o [25]
      .text               ro code     0x1'f000    0x7dc  neighbor.o [25]
      .text               ro code     0x1'f7dc    0x664  trust-center-util.o [22]
      .text               ro code     0x1'fe40     0x34  mac-info-element-parsing-stub.o [26]
      .text               ro code     0x1'fe74    0x45c  zdo-channel.o [25]
      .text               ro code     0x2'02d0    0x6b0  aps-keys.o [22]
      .text               ro code     0x2'0980     0x1c  zdo-r22-stub.o [26]
      .text               ro code     0x2'099c     0x2c  mac-dispatch.o [25]
      .text               ro code     0x2'09c8   0x1010  call-command-handler.o [1]
      .text               ro code     0x2'19d8    0x294  zigbee-device-library.o [1]
      .text               ro code     0x2'1c6c    0x46c  service-discovery-common.o [1]
      .text               ro code     0x2'20d8    0x604  network-steering.o [1]
      .text               ro code     0x2'26dc    0x954  aps-retry.o [25]
      .text               ro code     0x2'3030     0x44  find-and-bind-target.o [1]
      .text               ro code     0x2'3074    0x368  network-creator.o [1]
      .text               ro code     0x2'33dc    0x134  em_gpio.o [1]
      .text               ro code     0x2'3510    0x100  zigbee-device-common.o [1]
      .text               ro code     0x2'3610    0x528  aps-keys-transient.o [22]
      .text               ro code     0x2'3b38     0xe4  af-trust-center.o [1]
      .text               ro code     0x2'3c1c      0xc  coexistence-802154.o [1]
      .text               ro code     0x2'3c28    0x130  rail_singleprotocol.o [17]
      .text               ro code     0x2'3d58     0xbe  rail_calibration.o [17]
      .text               ro code     0x2'3e18     0xbe  rail_tx.o [17]
      .text               ro code     0x2'3ed8    0x1c8  rail_ieee802154.o [17]
      .text               ro code     0x2'40a0    0x3a6  rail_rf.o [17]
      .text               ro code     0x2'4448     0x5e  duty-cycle-stub.o [25]
      .text               ro code     0x2'44a8     0x34  antenna-stub.o [1]
      .text               ro code     0x2'44dc     0xa0  rail_data.o [17]
      .text               ro code     0x2'457c     0x58  micro-common-internal.o [14]
      .text               ro code     0x2'45d4     0x26  rail_rx.o [17]
      .text               ro code     0x2'45fc    0x46c  lower-mac-efr32.o [25]
      .text               ro code     0x2'4a68     0x18  eui64.o [25]
      .text               ro code     0x2'4a80     0xb0  rail_autoack.o [17]
      .text               ro code     0x2'4b30      0x6  rail_pti.o [17]
      .text               ro code     0x2'4b36      0x2  phy.o [25]
      .text               ro code     0x2'4b38     0x28  enhanced-beacon-request-stub.o [26]
      .text               ro code     0x2'4b60    0x278  jit.o [25]
      .text               ro code     0x2'4dd8     0xa4  cstartup-common.o [1]
      .text               ro code     0x2'4e7c    0x3b0  diagnostic.o [1]
      .text               ro code     0x2'522c     0x1c  security-address-cache.o [1]
      .text               ro code     0x2'5248    0x748  command-interpreter2.o [1]
      .text               ro code     0x2'5990    0xa58  application-support.o [25]
      .text               ro code     0x2'63e8    0x168  scan-dispatch.o [1]
      .text               ro code     0x2'6550     0x70  faults-v7m.o [1]
      .text               ro code     0x2'65c0    0x13c  system_efr32mg21.o [1]
      .text               ro code     0x2'66fc    0x256  nvm3_page.o [16]
      .text               ro code     0x2'6954    0x1ba  nvm3_object.o [16]
      .text               ro code     0x2'6b10    0x1fa  nvm3_cache.o [16]
      .text               ro code     0x2'6d0a     0x3e  nvm3_utils.o [16]
      .text               ro code     0x2'6d48     0x10  nvm3_lock.o [1]
      .text               ro code     0x2'6d58      0xc  nvm3_lock.o [1]
      .text               ro code     0x2'6d64     0xf0  em_se.o [1]
      Veneer              ro code     0x2'6e54      0x8  - Linker created -
      .text               ro code     0x2'6e5c     0xbc  flash.o [14]
      .text               ro code     0x2'6f18     0x32  ABImemset48.o [21]
      .text               ro code     0x2'6f4c      0x2  I64DivZer.o [21]
      .text               ro code     0x2'6f50    0xb34  uartdrv.o [1]
      .text               ro code     0x2'7a84    0x1ea  em_usart.o [1]
      .text               ro code     0x2'7c6e      0x2  em_emu.o [1]
      .text               ro code     0x2'7c70    0x170  SEGGER_RTT.o [1]
      .text               ro code     0x2'7de0     0x24  crc.o [1]
      .text               ro code     0x2'7e04     0x1c  em_system.o [1]
      .text               ro code     0x2'7e20     0xc4  hal-config.o [1]
      .text               ro code     0x2'7ee4    0x194  tempdrv.o [1]
      .text               ro code     0x2'8078     0x1c  pa_conversions_efr32.o [17]
      .text               ro code     0x2'8094    0x1ba  zll-scenes-server.o [1]
      .text               ro code     0x2'8250    0x984  zll-interpan.o [27]
      .text               ro code     0x2'8bd4    0x184  zll-security.o [27]
      .text               ro code     0x2'8d58     0xb4  aes-efm32.o [25]
      .text               ro code     0x2'8e0c    0x428  crypto.o [25]
      .text               ro code     0x2'9234     0x90  ember-library.o [25]
      .text               ro code     0x2'92c4     0x12  phy-util.o [25]
      .text               ro code     0x2'92d6      0x6  cbke-crypto-engine-163k1-stub.o [3]
      .text               ro code     0x2'92dc      0x6  cbke-crypto-engine-283k1-stub.o [4]
      .text               ro code     0x2'92e4    0x1c4  broadcast.o [25]
      .text               ro code     0x2'94a8    0x538  route-table.o [25]
      .text               ro code     0x2'99e0      0xe  cbke-crypto-engine-stub.o [8]
      .text               ro code     0x2'99f0    0x22c  store-forward.o [25]
      .text               ro code     0x2'9c1c     0x64  unicast-table.o [25]
      .text               ro code     0x2'9c80    0x4fc  aps-encryption.o [22]
      .text               ro code     0x2'a17c    0x7c6  route-discovery.o [25]
      .text               ro code     0x2'a942      0x8  packet-validate-stub.o [20]
      .text               ro code     0x2'a94a    0x154  route-error.o [25]
      .text               ro code     0x2'aaa0    0x39c  neighbor-exchange.o [25]
      .text               ro code     0x2'ae3c    0xa5c  zigbee-device.o [25]
      .text               ro code     0x2'b898      0x8  end-device-bind-stub.o [12]
      .text               ro code     0x2'b8a0     0x6c  install-code-tokens.o [15]
      .text               ro code     0x2'b90c     0x62  hmac.o [22]
      .text               ro code     0x2'b96e     0x1a  aps-keys-full-stub.o [23]
      .text               ro code     0x2'b988      0x4  ember-duty-cycle-stub.o [25]
      .text               ro code     0x2'b98c     0x22  I64Shl.o [21]
      .text               ro code     0x2'b9b0     0xca  security-config-mfg-3xx.o [22]
      .text               ro code     0x2'ba7c     0x28  basic.o [1]
      .text               ro code     0x2'baa4    0x11c  identify.o [1]
      .text               ro code     0x2'bbc0    0x142  zll-identify-server.o [1]
      .text               ro code     0x2'bd04    0x1c4  on-off.o [1]
      .text               ro code     0x2'bec8    0x3f0  zll-on-off-server.o [1]
      .text               ro code     0x2'c2b8    0x70c  level-control.o [1]
      .text               ro code     0x2'c9c4    0xdfa  color-control-server.o [1]
      .text               ro code     0x2'd7c0    0x12c  zll-utility-server.o [1]
      .text               ro code     0x2'd8ec     0x56  service-discovery-soc.o [1]
      .text               ro code     0x2'd944     0x68  network-steering-soc.o [1]
      .text               ro code     0x2'd9ac      0x2  af-security-common.o [1]
      .text               ro code     0x2'd9ae    0x14e  aes-mmo.o [22]
      .text               ro code     0x2'dafc   0x14f4  rail_rf_hal.o [17]
      .text               ro code     0x2'eff0      0x6  rail_rssi.o [17]
      .text               ro code     0x2'eff6      0x8  em_core.o [1]
      .text               ro code     0x2'effe      0x6  em_core.o [1]
      .text               ro code     0x2'f004     0x60  rfhal_ircal.o [17]
      .text               ro code     0x2'f064     0xc0  pa_conversions_efr32.o [17]
      .text               ro code     0x2'f124     0x28  rfhal_module.o [17]
      .text               ro code     0x2'f14c     0xac  pa_conversions_efr32.o [17]
      .text               ro code     0x2'f1f8    0x274  rail_ieee802154_rf_hal.o [17]
      .text               ro code     0x2'f46c     0x18  rail_assert.o [17]
      .text               ro code     0x2'f484     0xb8  rfhal_antenna.o [17]
      .text               ro code     0x2'f53c    0x10c  symbol-timer.o [25]
      .text               ro code     0x2'f648     0x1c  em_rmu.o [1]
      .text               ro code     0x2'f664    0x524  core-cli.o [1]
      .text               ro code     0x2'fb88      0x4  cbke-crypto-engine-dsa-sign-stub.o [5]
      .text               ro code     0x2'fb8c     0x30  em_msc.o [1]
      .text               ro code     0x2'fbbc    0x430  dmadrv.o [1]
      .text               ro code     0x2'ffec     0xc0  gpiointerrupt.o [1]
      .text               ro code     0x3'00ac     0x4c  em_core.o [1]
      .text               ro code     0x3'00f8     0x18  strcpy.o [21]
      .text               ro code     0x3'0110    0x156  button.o [1]
      .text               ro code     0x3'0268    0x134  se_aes.o [1]
      .text               ro code     0x3'039c    0x1c8  ccm-star.o [1]
      .text               ro code     0x3'0564    0x1c4  zdo-binding-table.o [2]
      .text               ro code     0x3'0728     0x1e  zll-level-control-server.o [1]
      .text               ro code     0x3'0748    0x2cc  rfhal_timings.o [17]
      .text               ro code     0x3'0a14    0xe58  generic_phy.o [17]
      .text               ro code     0x3'186c    0x5b4  rfhal_radio.o [17]
      .text               ro code     0x3'1e20    0x774  rfhal_pa.o [17]
      .text               ro code     0x3'2594    0x5f8  rfhal_bufc.o [17]
      .text               ro code     0x3'2b8c    0x4f6  rfhal_protimer.o [17]
      .text               ro code     0x3'3084     0x2c  rfhal_tempcal.o [17]
      .text               ro code     0x3'30b0    0x2f8  rfhal_synth.o [17]
      .text               ro code     0x3'33a8    0x120  rfhal_rand.o [17]
      .text               ro code     0x3'34c8     0xc0  rfhal_pti.o [17]
      .text               ro code     0x3'3588      0x4  rail_timer.o [17]
      .text               ro code     0x3'358c    0x184  em_ldma.o [1]
      .text               ro code     0x3'3710     0x40  em_core.o [1]
      .text               ro code     0x3'3750     0x1c  se_management.o [1]
      .text               ro code     0x3'376c     0x14  rail_ble_rf_hal.o [17]
      .text               ro code     0x3'3780     0x44  seq_globals.o [17]
      .text               ro code     0x3'37c4     0x1e  U64Shr.o [21]
      .text               ro code     0x3'37e4      0x6  ABImemclr.o [21]
      .text               ro code     0x3'37ec     0xc0  counters-cli.o [1]
      .text               ro code     0x3'38ac      0x4  faults-v7m.o [1]
      .text               ro code     0x3'38b0      0x4  faults-v7m.o [1]
      .text               ro code     0x3'38b4      0x4  faults-v7m.o [1]
      .text               ro code     0x3'38b8      0x4  faults-v7m.o [1]
      .text               ro code     0x3'38bc      0x4  faults-v7m.o [1]
      .text               ro code     0x3'38c0      0x4  faults-v7m.o [1]
      .text               ro code     0x3'38c4     0x5c  groups-server-cli.o [1]
      .text               ro code     0x3'3920     0xd4  interpan-cli.o [1]
      .text               ro code     0x3'39f4      0x4  isr-stubs.o [1]
      .text               ro code     0x3'39f8     0xac  library.o [1]
      .text               ro code     0x3'3aa4    0x2d0  network-cli.o [1]
      .text               ro code     0x3'3d74    0x16c  network-creator-cli.o [1]
      .text               ro code     0x3'3ee0     0xe4  network-creator-security-cli.o [1]
      .text               ro code     0x3'3fc4    0x21a  network-steering-cli.o [1]
      Veneer              ro code     0x3'41e0      0x8  - Linker created -
      .text               ro code     0x3'41e8     0xe0  nvm3_hal_flash.o [1]
      .text               ro code     0x3'42c8     0x1e  memcmp_small.o [21]
      .text               ro code     0x3'42e8    0x360  option-cli.o [1]
      .text               ro code     0x3'4648     0xb0  reporting-cli.o [1]
      .text               ro code     0x3'46f8     0x18  scenes-cli.o [1]
      .text               ro code     0x3'4710    0x360  security-cli.o [1]
      .text               ro code     0x3'4a70    0x9f2  zcl-cli.o [1]
      .text               ro code     0x3'5464    0x58a  zdo-cli.o [1]
      .text               ro code     0x3'59f0    0x38e  zll-commissioning-cli.o [1]
      .text               ro code     0x3'5d80     0x1c  rfhal_rtccsync.o [17]
      .text               ro code     0x3'5d9c     0x22  fpinit_M.o [18]
      .text               ro code     0x3'5dc0     0x1e  cmain.o [21]
      .text               ro code     0x3'5dde      0x4  low_level_init.o [11]
      .text               ro code     0x3'5de4     0x28  data_init.o [21]
      .text               ro code     0x3'5e0c     0x12  simple-main.o [1]
      .text               ro code     0x3'5e1e      0x4  exit.o [11]
      .text               ro code     0x3'5e24      0xa  cexit.o [21]
      .text               ro code     0x3'5e30      0xc  XXexit.o [21]
      .text               ro code     0x3'5e3c     0x12  find-and-bind-target-cli.o [1]
      .text               ro code     0x3'5e4e     0x10  update-tc-link-key-cli.o [1]
      .text               ro code     0x3'5e5e      0xa  znet-cli.o [1]
      .text               ro code     0x3'5e68      0xe  startup_efr32mg21.o [14]
      .text               ro code     0x3'5e76      0xc  cstartup_M.o [21]
    .rodata               const       0x3'5e84     0x20  af-event.o [1]
    .rodata               const       0x3'5ea4     0x20  af-event.o [1]
    .rodata               const       0x3'5ec4     0x20  af-event.o [1]
    .rodata               const       0x3'5ee4     0x20  af-event.o [1]
    .rodata               const       0x3'5f04     0x20  af-event.o [1]
    .rodata               const       0x3'5f24     0x1c  af-event.o [1]
    .rodata               const       0x3'5f40     0x24  af-event.o [1]
    .rodata               const       0x3'5f64     0x20  af-event.o [1]
    .rodata               const       0x3'5f84     0x1c  af-event.o [1]
    .rodata               const       0x3'5fa0     0x24  af-event.o [1]
    .rodata               const       0x3'5fc4     0x20  af-event.o [1]
    .rodata               const       0x3'5fe4     0x38  af-event.o [1]
    .rodata               const       0x3'601c     0x34  af-event.o [1]
    .rodata               const       0x3'6050     0x34  af-event.o [1]
    .rodata               const       0x3'6084     0x24  af-event.o [1]
    .rodata               const       0x3'60a8     0x2c  af-event.o [1]
    .rodata               const       0x3'60d4     0x20  af-event.o [1]
    .rodata               const       0x3'60f4     0x24  af-event.o [1]
    .rodata               const       0x3'6118     0x2c  af-event.o [1]
    .rodata               const       0x3'6144     0x28  af-event.o [1]
    .rodata               const       0x3'616c     0x18  af-event.o [1]
    .rodata               const       0x3'6184     0x1c  af-event.o [1]
    .rodata               const       0x3'61a0     0x30  af-event.o [1]
    .rodata               const       0x3'61d0     0x24  af-event.o [1]
    .rodata               const       0x3'61f4     0x30  af-event.o [1]
    .rodata               const       0x3'6224     0x30  af-event.o [1]
    .rodata               const       0x3'6254     0x30  af-event.o [1]
    .rodata               const       0x3'6284     0xe0  af-event.o [1]
    .rodata               const       0x3'6364      0xc  af-main-common.o [1]
    .rodata               const       0x3'6370      0x8  af-main-common.o [1]
    .rodata               const       0x3'6378      0x8  af-main-common.o [1]
    .rodata               const       0x3'6380      0x8  af-main-common.o [1]
    .rodata               const       0x3'6388      0x8  af-main-common.o [1]
    .rodata               const       0x3'6390      0x8  af-main-common.o [1]
    .rodata               const       0x3'6398      0x8  af-main-common.o [1]
    .rodata               const       0x3'63a0      0x4  af-main-common.o [1]
    .rodata               const       0x3'63a4      0x8  af-main-common.o [1]
    .rodata               const       0x3'63ac      0x8  af-main-common.o [1]
    .rodata               const       0x3'63b4     0x10  af-main-common.o [1]
    .rodata               const       0x3'63c4      0x8  af-main-common.o [1]
    .rodata               const       0x3'63cc      0x4  af-main-common.o [1]
    .rodata               const       0x3'63d0     0x3c  af-main-common.o [1]
    .rodata               const       0x3'640c     0x18  af-main-common.o [1]
    .rodata               const       0x3'6424     0x28  af-main-common.o [1]
    .rodata               const       0x3'644c     0x14  af-main-common.o [1]
    .rodata               const       0x3'6460      0x8  af-main-common.o [1]
    .rodata               const       0x3'6468      0x8  af-main-common.o [1]
    .rodata               const       0x3'6470     0x10  af-main-common.o [1]
    .rodata               const       0x3'6480     0x28  af-main-common.o [1]
    .rodata               const       0x3'64a8     0x18  af-main-common.o [1]
    .rodata               const       0x3'64c0     0x1c  af-main-common.o [1]
    .rodata               const       0x3'64dc     0x24  af-main-common.o [1]
    .rodata               const       0x3'6500      0x8  af-main-common.o [1]
    .rodata               const       0x3'6508     0x14  af-main-common.o [1]
    .rodata               const       0x3'651c     0x30  af-main-common.o [1]
    .rodata               const       0x3'654c     0x14  af-main-common.o [1]
    .rodata               const       0x3'6560      0x8  af-main-common.o [1]
    .rodata               const       0x3'6568      0x8  af-main-common.o [1]
    .rodata               const       0x3'6570      0xc  af-main-common.o [1]
    .rodata               const       0x3'657c      0x8  af-main-common.o [1]
    .rodata               const       0x3'6584     0x10  af-main-common.o [1]
    .rodata               const       0x3'6594      0x8  af-main-common.o [1]
    .rodata               const       0x3'659c      0xc  af-main-common.o [1]
    .rodata               const       0x3'65a8     0x20  af-main-common.o [1]
    .rodata               const       0x3'65c8      0xc  af-main-common.o [1]
    .rodata               const       0x3'65d4      0xc  af-main-common.o [1]
    .rodata               const       0x3'65e0      0x8  af-main-common.o [1]
    .rodata               const       0x3'65e8     0x30  af-main-common.o [1]
    .rodata               const       0x3'6618     0x1c  af-main-common.o [1]
    .rodata               const       0x3'6634      0x8  af-main-common.o [1]
    .rodata               const       0x3'663c     0x18  af-main-common.o [1]
    .rodata               const       0x3'6654      0x4  af-main-common.o [1]
    .rodata               const       0x3'6658     0x10  af-main-common.o [1]
    .rodata               const       0x3'6668     0x48  af-main-common.o [1]
    .rodata               const       0x3'66b0     0x18  af-main-soc.o [1]
    .rodata               const       0x3'66c8     0x20  af-main-soc.o [1]
    .rodata               const       0x3'66e8     0x14  af-main-soc.o [1]
    .rodata               const       0x3'66fc      0x8  af-main-soc.o [1]
    .rodata               const       0x3'6704     0x10  af-main-soc.o [1]
    .rodata               const       0x3'6714      0x4  af-main-soc.o [1]
    .rodata               const       0x3'6718     0x18  af-main-soc.o [1]
    .rodata               const       0x3'6730      0xc  af-main-soc.o [1]
    .rodata               const       0x3'673c      0xc  af-main-soc.o [1]
    .rodata               const       0x3'6748     0x18  af-main-soc.o [1]
    .rodata               const       0x3'6760     0x18  af-main-soc.o [1]
    .rodata               const       0x3'6778      0x4  af-trust-center.o [1]
    .rodata               const       0x3'677c      0x8  antenna-stub.o [1]
    .rodata               const       0x3'6784     0x14  assert-crash-handlers.o [1]
    .rodata               const       0x3'6798     0x30  attribute-size.o [1]
    .rodata               const       0x3'67c8      0x4  attribute-storage.o [1]
    .rodata               const       0x3'67cc      0x8  attribute-storage.o [1]
    .rodata               const       0x3'67d4      0x8  attribute-storage.o [1]
    .rodata               const       0x3'67dc      0x4  attribute-storage.o [1]
    .rodata               const       0x3'67e0     0x18  attribute-storage.o [1]
    .rodata               const       0x3'67f8      0x8  attribute-storage.o [1]
    .rodata               const       0x3'6800      0x4  attribute-storage.o [1]
    .rodata               const       0x3'6804      0x4  attribute-storage.o [1]
    .rodata               const       0x3'6808      0x4  attribute-storage.o [1]
    .rodata               const       0x3'680c      0x4  attribute-storage.o [1]
    .rodata               const       0x3'6810      0x4  attribute-storage.o [1]
    .rodata               const       0x3'6814    0x12c  attribute-storage.o [1]
    .rodata               const       0x3'6940      0x4  attribute-storage.o [1]
    .rodata               const       0x3'6944    0x3d8  attribute-storage.o [1]
    .rodata               const       0x3'6d1c    0x12c  attribute-storage.o [1]
    .rodata               const       0x3'6e48     0x18  attribute-storage.o [1]
    .rodata               const       0x3'6e60      0x4  attribute-storage.o [1]
    .rodata               const       0x3'6e64      0x4  attribute-storage.o [1]
    .rodata               const       0x3'6e68     0x40  bootloader-interface.o [1]
    .rodata               const       0x3'6ea8     0x10  button.o [1]
    .rodata               const       0x3'6eb8     0x18  color-control-server.o [1]
    .rodata               const       0x3'6ed0      0x8  com.o [1]
    .rodata               const       0x3'6ed8     0x14  command-interpreter2.o [1]
    .rodata               const       0x3'6eec     0x10  command-interpreter2.o [1]
    .rodata               const       0x3'6efc     0x18  command-interpreter2.o [1]
    .rodata               const       0x3'6f14     0x14  command-interpreter2.o [1]
    .rodata               const       0x3'6f28     0x14  command-interpreter2.o [1]
    .rodata               const       0x3'6f3c      0xc  command-interpreter2.o [1]
    .rodata               const       0x3'6f48     0x10  command-interpreter2.o [1]
    .rodata               const       0x3'6f58      0x4  command-interpreter2.o [1]
    .rodata               const       0x3'6f5c      0x4  command-interpreter2.o [1]
    .rodata               const       0x3'6f60      0x4  command-interpreter2.o [1]
    .rodata               const       0x3'6f64      0xc  command-interpreter2.o [1]
    .rodata               const       0x3'6f70      0xc  command-interpreter2.o [1]
    .rodata               const       0x3'6f7c      0xc  command-interpreter2.o [1]
    .rodata               const       0x3'6f88      0xc  command-interpreter2.o [1]
    .rodata               const       0x3'6f94      0xc  command-interpreter2.o [1]
    .rodata               const       0x3'6fa0      0xc  command-interpreter2.o [1]
    .rodata               const       0x3'6fac      0xc  command-interpreter2.o [1]
    .rodata               const       0x3'6fb8      0x8  command-interpreter2.o [1]
    .rodata               const       0x3'6fc0     0x1c  command-interpreter2.o [1]
    .rodata               const       0x3'6fdc      0x4  command-interpreter2.o [1]
    .rodata               const       0x3'6fe0     0x40  command-interpreter2.o [1]
    .rodata               const       0x3'7020      0x8  command-interpreter2.o [1]
    .rodata               const       0x3'7028      0x4  command-interpreter2.o [1]
    .rodata               const       0x3'702c     0x10  core-cli.o [1]
    .rodata               const       0x3'703c     0x10  core-cli.o [1]
    .rodata               const       0x3'704c     0x1c  core-cli.o [1]
    .rodata               const       0x3'7068      0x8  core-cli.o [1]
    .rodata               const       0x3'7070     0x18  core-cli.o [1]
    .rodata               const       0x3'7088     0x18  core-cli.o [1]
    .rodata               const       0x3'70a0      0x8  core-cli.o [1]
    .rodata               const       0x3'70a8     0x20  core-cli.o [1]
    .rodata               const       0x3'70c8      0xc  core-cli.o [1]
    .rodata               const       0x3'70d4      0xc  core-cli.o [1]
    .rodata               const       0x3'70e0     0x20  core-cli.o [1]
    .rodata               const       0x3'7100      0xc  core-cli.o [1]
    .rodata               const       0x3'710c     0x24  core-cli.o [1]
    .rodata               const       0x3'7130      0xc  core-cli.o [1]
    .rodata               const       0x3'713c      0x8  core-cli.o [1]
    .rodata               const       0x3'7144      0x8  core-cli.o [1]
    .rodata               const       0x3'714c     0x10  core-cli.o [1]
    .rodata               const       0x3'715c      0xc  core-cli.o [1]
    .rodata               const       0x3'7168     0x14  core-cli.o [1]
    .rodata               const       0x3'717c      0xc  core-cli.o [1]
    .rodata               const       0x3'7188     0x20  core-cli.o [1]
    .rodata               const       0x3'71a8      0x8  core-cli.o [1]
    .rodata               const       0x3'71b0      0xc  core-cli.o [1]
    .rodata               const       0x3'71bc     0x34  core-cli.o [1]
    .rodata               const       0x3'71f0     0x18  core-cli.o [1]
    .rodata               const       0x3'7208      0xc  core-cli.o [1]
    .rodata               const       0x3'7214      0xc  core-cli.o [1]
    .rodata               const       0x3'7220     0x10  core-cli.o [1]
    .rodata               const       0x3'7230      0xc  core-cli.o [1]
    .rodata               const       0x3'723c      0xc  core-cli.o [1]
    .rodata               const       0x3'7248     0x14  core-cli.o [1]
    .rodata               const       0x3'725c     0x1c  core-cli.o [1]
    .rodata               const       0x3'7278      0x4  core-cli.o [1]
    .rodata               const       0x3'727c      0x8  core-cli.o [1]
    .rodata               const       0x3'7284      0xc  core-cli.o [1]
    .rodata               const       0x3'7290      0x8  core-cli.o [1]
    .rodata               const       0x3'7298     0x20  core-cli.o [1]
    .rodata               const       0x3'72b8      0x8  core-cli.o [1]
    .rodata               const       0x3'72c0     0x10  core-cli.o [1]
    .rodata               const       0x3'72d0     0x10  core-cli.o [1]
    .rodata               const       0x3'72e0      0x8  core-cli.o [1]
[...]
scanRequestHeader       0x2001'57f2      0x1  Data  Lc  zdo-channel.o [25]
scanRequestInformation  0x2001'57e6      0x1  Data  Lc  zll-api.o [27]
scanResults             0x2001'57f3      0x1  Data  Lc  zdo-channel.o [25]
scanResultsHandler         0x2'238d     0x34  Code  Lc  network-steering.o [1]
scanTouchLink              0x3'59f7      0x4  Code  Gb  zll-commissioning-cli.o [1]
scanTransmitRetries     0x2001'7742      0x1  Data  Lc  scan.o [25]
scansRemaining          0x2001'7913      0x1  Data  Lc  zdo-channel.o [25]
schedule                   0x2'c2b9     0x12  Code  Lc  level-control.o [1]
scheduleIdentifyTick       0x2'bb4f     0x66  Code  Lc  identify.o [1]
scheduleScans              0x2'32a1     0x34  Code  Lc  network-creator.o [1]
scheduleTick                 0x955d     0x7e  Code  Lc  reporting.o [1]
score                      0x2'ab49      0xc  Code  Lc  neighbor-exchange.o [25]
se_management_acquire      0x3'3751     0x12  Code  Gb  se_management.o [1]
se_management_release      0x3'3769      0x4  Code  Gb  se_management.o [1]
securityAddressCacheInit
                           0x2'522d     0x10  Code  Gb  security-address-cache.o [1]
seed0                   0x2001'578c      0x2  Data  Gb  random.o [1]
seed1                   0x2001'578e      0x2  Data  Gb  random.o [1]
send                         0xc4fb    0x1b4  Code  Lc  af-main-common.o [1]
sendAckedUnicast           0x2'2a5f     0xfa  Code  Lc  aps-retry.o [25]
sendApplicationKeys        0x1'fcc7     0xe4  Code  Lc  trust-center-util.o [22]
sendFromEui             0x2001'550c      0x8  Data  Lc  application-support.o [25]
sendFromSource          0x2001'5508      0x2  Data  Lc  application-support.o [25]
sendJoinRequest              0x9f9b     0x4c  Code  Lc  association.o [25]
sendLeaveCommand           0x1'600b     0x88  Code  Lc  leave.o [25]
sendMessageToVerifyTransientLinkKey
                           0x1'caaf     0x84  Code  Lc  aps-security.o [22]
sendNeighborExchange       0x2'aaa1     0xa8  Code  Lc  neighbor-exchange.o [25]
sendNetworkKey             0x1'fa87     0x10  Code  Lc  trust-center-util.o [22]
sendRejoinRequest            0xa25d     0xe4  Code  Lc  association.o [25]
sendUnknownNetworkCommandResponse
                           0x1'9c03     0x52  Code  Gb  network.o [25]
sendUpdateDevice           0x1'c7b5     0x4c  Code  Lc  aps-security.o [22]
sendZigDevRequestBuffer
                           0x2'1c1b     0x44  Code  Lc  zigbee-device-library.o [1]
sendZllUnicast             0x2'8b4b     0x3e  Code  Lc  zll-interpan.o [27]
sequenceNumber          0x2001'7d01      0x1  Data  Lc  debug-jtag-efr32.o [1]
serialPort              0x2001'57ad      0x1  Data  Gb  af-main-soc.o [1]
serverMask              0x2001'7c68      0x2  Data  Gb  zigbee-device.o [25]
serviceDiscoveryComplete
                           0x2'1d73     0x74  Code  Lc  service-discovery-common.o [1]
setCurCcaThreshold           0xdd43     0x22  Code  Lc  phy.o [25]
setIdentifyDuration        0x3'5c71      0x2  Code  Gb  zll-commissioning-cli.o [1]
setInvalid                 0x2'6b4d     0x12  Code  Lc  nvm3_cache.o [16]
setNonvolatileBinding        0xd1cf     0x2e  Code  Lc  binding-table.o [2]
setOnOffValue              0x2'c469     0x22  Code  Lc  level-control.o [1]
setOrOverrideTrustCenterEui64
                           0x2'050b     0x24  Code  Lc  aps-keys.o [22]
setRadioParameters           0xab31     0x56  Code  Lc  association.o [25]
setRxOn                    0x3'5b2d     0x20  Code  Gb  zll-commissioning-cli.o [1]
setScanChannel             0x3'5c09     0x1a  Code  Gb  zll-commissioning-cli.o [1]
setScanMask                0x3'5c4f     0x18  Code  Gb  zll-commissioning-cli.o [1]
setSecondaryScanChannel
                           0x3'5c23     0x1e  Code  Gb  zll-commissioning-cli.o [1]
setTransactionExpirationTime
                           0x2'82a3     0x16  Code  Lc  zll-interpan.o [27]
setupDiscoveryData         0x2'1d3f     0x34  Code  Lc  service-discovery-common.o [1]
sfdRecvNotificationEnabled
                        0x2001'5b03      0x1  Data  Lc  phy.o [25]
shift                        0x7ac1     0x10  Code  Lc  random.o [1]
shortIndirectPool       0x2001'57f0      0x1  Data  Lc  mac-indirect.o [25]
shouldExecuteIfOff         0x2'd6a5     0x68  Code  Lc  color-control-server.o [1]
shouldExecuteIfOff         0x2'c48b     0x6a  Code  Lc  level-control.o [1]
singletonAttributeData  0x2001'5d64     0xc0  Data  Gb  attribute-storage.o [1]
sleepTimerInterruptOccurred
                        0x2001'76e4      0x1  Data  Lc  system-timer.o [14]
sleepyBroadcastInfo     0x2001'7958      0x1  Data  Lc  jit.o [25]
stackEvents                0x1'8318    0x120  Data  Gb  zigbee-stack.o [25]
stackTokenInfo             0x1'bb20     0x3c  Data  Lc  token-cache.o [25]
startChannelScan           0x1'7261     0x8a  Code  Lc  scan.o [25]
startNetworkOperation        0x9bb1     0x46  Code  Lc  association.o [25]
startTimerNestingLevel  0x2001'7274      0x4  Data  Lc  rtcdriver.o [1]
startTransmission          0x2'47c1     0x2c  Code  Lc  lower-mac-efr32.o [25]
state                   0x2001'7830      0x1  Data  Lc  zll-api.o [27]
stateFlags              0x2001'7d0e      0x1  Data  Lc  network-creator.o [1]
stateMachineRun            0x2'241d     0xce  Code  Lc  network-steering.o [1]
stateTable              0x2001'6490      0x8  Data  Lc  identify.o [1]
stateTable              0x2001'6a84     0x28  Data  Lc  level-control.o [1]
stateTable              0x2001'7534     0x10  Data  Lc  zll-identify-server.o [1]
states                  0x2001'7368     0x40  Data  Lc  service-discovery-common.o [1]
statesInitialized       0x2001'7d23      0x1  Data  Lc  service-discovery-common.o [1]
staticCmd                  0x3'a1fc     0x20  Data  Lc  util.o [1]
status                     0x2'09c9     0x16  Code  Lc  call-command-handler.o [1]
statusCommand              0x3'5c73      0xc  Code  Gb  zll-commissioning-cli.o [1]
stepHandler                0x2'c75b    0x100  Code  Lc  level-control.o [1]
stopAllColorTransitions
                           0x2'd39b     0x10  Code  Lc  color-control-server.o [1]
stopHandler                0x2'c873     0x42  Code  Lc  level-control.o [1]
storeAndForwardDelayCount
                        0x2001'7964      0x1  Data  Lc  store-forward.o [25]
storeAndForwardSubmitCount
                        0x2001'7965      0x1  Data  Lc  store-forward.o [25]
storedKeysList          0x2001'57e3      0x1  Data  Lc  aps-keys-transient.o [22]
storedNetworks          0x2001'57cc      0x1  Data  Lc  network-steering-soc.o [1]
strcpy                     0x3'00f9           Code  Gb  strcpy.o [21]
stringToUnsignedInt        0x2'566d     0x7c  Code  Lc  command-interpreter2.o [1]
subBandConfigs             0x3'c37c     0x14  Data  Lc  radio_config_em3xxx_2.4GHz.o [25]
subBandParams              0x3'c368     0x14  Data  Lc  radio_config_em3xxx_2.4GHz.o [25]
submitCount             0x2001'78d5      0x1  Data  Lc  retry.o [25]
subtractHue                0x2'd439      0xe  Code  Lc  color-control-server.o [1]
superRetriesIntervalForMacDataPoll
                        0x2001'76f0      0x1  Data  Lc  network.o [25]
suspendRadioOnAtStartup
                        0x2001'7860      0x1  Data  Lc  zll-api.o [27]
swoOutput                  0x1'3417     0xc4  Code  Lc  debug-jtag-efr32.o [1]
symbolDelayCallbacks    0x2001'7bbc      0x8  Data  Lc  symbol-timer.o [25]
systemTimerId           0x2001'76e8      0x4  Data  Lc  system-timer.o [14]
tail                    0x2001'7d1d      0x1  Data  Lc  scan-dispatch.o [1]
targetEui64             0x2001'7bb4      0x8  Data  Lc  zll-interpan.o [27]
tcBasedClassificationAlgorithm
                           0x1'aebf     0x62  Code  Lc  beacon-handling.o [25]
tempdrvHighCallbacks    0x2001'73b0     0x28  Data  Lc  tempdrv.o [1]
tempdrvLowCallbacks     0x2001'73d8     0x28  Data  Lc  tempdrv.o [1]
terminateScanRequest       0x2'00ef     0x28  Code  Lc  zdo-channel.o [25]
testMessage             0x2001'6498    0x5dc  Data  Gb  interpan-cli.o [1]
theirLastTransactionId  0x2001'7ba8      0x4  Data  Lc  zll-interpan.o [27]
thrHard                    0x1'0acb     0x20  Code  Lc  nvm3.o [16]
thrSize                    0x1'0b19      0xa  Code  Lc  nvm3.o [16]
thrSoftMinimum             0x1'0aeb     0x20  Code  Lc  nvm3.o [16]
thrSoftUser                0x1'0b0b      0xe  Code  Lc  nvm3.o [16]
timeElapsed             0x2001'7d28      0x1  Data  Gb  ustimer.o [1]
timeoutPools               0x1'ebf5     0xd8  Code  Lc  mac-indirect.o [25]
timer                   0x2001'5a50     0xa0  Data  Lc  rtcdriver.o [1]
timerPrsConfig             0x1'2955     0x34  Code  Lc  em_timer.o [1]
titleStrings            0x2001'52c0     0xa8  Data  Gb  counters-cli.o [1]
tokenArraySize             0x3'9c84     0x30  Data  Gb  token-def.o [1]
tokenDefaults              0x3'9f30     0xb8  Data  Gb  token-def.o [1]
tokenFlagsToSizeArray      0x2'b908      0x4  Data  Lc  install-code-tokens.o [15]
tokenIsCnt                 0x3'9bf4     0x30  Data  Gb  token-def.o [1]
tokenIsIdx                 0x3'9c24     0x30  Data  Gb  token-def.o [1]
tokenLength                0x2'5287      0xe  Code  Lc  command-interpreter2.o [1]
tokenNvm3Keys              0x3'9b3c     0xb8  Data  Gb  token-def.o [1]
tokenPointer               0x2'529b     0x10  Code  Lc  command-interpreter2.o [1]
tokenSize                  0x3'9c54     0x30  Data  Gb  token-def.o [1]
tokensActive            0x2001'7d25      0x1  Data  Lc  token.o [1]
totalInitialChildren    0x2001'77e7      0x1  Data  Gb  zigbee-device-util.o [25]
traceClkGet                0x1'030d     0x2c  Code  Lc  em_cmu.o [1]
transactionExpirationTimeMS
                        0x2001'7bb0      0x4  Data  Lc  zll-interpan.o [27]
transientKeyFinish         0x2'38a9     0x38  Code  Lc  aps-keys-transient.o [22]
tryNextMethod              0x2'23c1     0x2c  Code  Lc  network-steering.o [1]
tryToFormNetwork           0x2'3161     0xce  Code  Lc  network-creator.o [1]
tryToJoinNetwork           0x2'2189     0x90  Code  Gb  network-steering.o [1]
txBuffer                   0x1'2c57     0x42  Code  Lc  com.o [1]
txCallback                 0x1'2e25     0x3c  Code  Lc  com.o [1]
txCatchUp                  0x1'2dbf     0x66  Code  Lc  com.o [1]
txCcaTries              0x2001'5b08      0x1  Data  Lc  phy.o [25]
txCompleted                0x2'48cb     0x26  Code  Lc  lower-mac-efr32.o [25]
txCsmaTries                  0xe20d     0xe6  Code  Lc  phy.o [25]
txOptions               0x2001'5b40      0x4  Data  Lc  phy.o [25]
txParams                0x2001'5af0      0xc  Data  Lc  phy.o [25]
txSchedulerInfo         0x2001'5528      0xc  Data  Lc  phy.o [25]
txState                 0x2001'5b06      0x1  Data  Lc  phy.o [25]
typeSensitiveMemCopy         0x4a57     0x56  Code  Lc  attribute-storage.o [1]
uartdrvHandle           0x2001'7410     0x10  Data  Lc  uartdrv.o [1]
uartdrvHandleIsInitialized
                        0x2001'7d26      0x1  Data  Lc  uartdrv.o [1]
uarthandledata          0x2001'5fd4     0x34  Data  Lc  com.o [1]
unbindRequest              0x3'57d5     0x82  Code  Lc  zdo-cli.o [1]
unicastHead             0x2001'7ba0      0x1  Data  Lc  unicast-table.o [25]
uninitializedIsr           0x3'38c1           Code  Gb  faults-v7m.o [1]
unknownCounter          0x2001'5368      0x4  Data  Gb  counters-cli.o [1]
unsolicitedChannelReport
                        0x2001'7912      0x1  Data  Lc  zdo-channel.o [25]
unused                     0x3'5d71      0x2  Code  Gb  zll-commissioning-cli.o [1]
updateBuffer               0x1'2c23     0x2c  Code  Lc  com.o [1]
updateChannelComposites
                           0x2'32d5     0xb8  Code  Lc  network-creator.o [1]
updateEvents                 0xe6eb     0x4c  Code  Lc  phy.o [25]
updateInterrupts           0x2'7f57     0x94  Code  Lc  tempdrv.o [1]
updateTcLinkKeyState    0x2001'7d41      0x1  Data  Lc  aps-keys.o [22]
upperMacState           0x2001'777c     0x1c  Data  Gb  upper-mac.o [25]
useLegacyTimeoutMethod  0x2001'7d46      0x1  Data  Gb  child-handling.o [25]
useMulticastBinding     0x2001'7d32      0x1  Data  Lc  zcl-cli.o [1]
useNextSequence         0x2001'7d30      0x1  Data  Lc  zcl-cli.o [1]
vFillBuffer                  0x7af5    0x13e  Code  Lc  client-api.o [1]
validateObj                0x1'1423     0x26  Code  Lc  nvm3.o [16]
validateObjFragments       0x1'11f7    0x226  Code  Lc  nvm3.o [16]
waitStateMax               0x1'0931      0xe  Code  Lc  em_cmu.o [1]
wakeInfo                0x2001'73a8      0x4  Data  Lc  sleep-efm32.o [1]
walkDelayQueue             0x1'ecfd     0xde  Code  Lc  retry.o [25]
walkStoreAndForwardQueue
                           0x2'9a11    0x108  Code  Lc  store-forward.o [25]
wallClockOverflowCnt    0x2001'7278      0x4  Data  Lc  rtcdriver.o [1]
wallClockTimeBase       0x2001'727c      0x4  Data  Lc  rtcdriver.o [1]
wdog0ClkGet                0x1'0941     0x3a  Code  Lc  em_cmu.o [1]
wdog1ClkGet                0x1'033d     0x3e  Code  Lc  em_cmu.o [1]
workBegin                  0x1'2003     0x16  Code  Lc  nvm3.o [16]
workEnd                    0x1'2019     0x14  Code  Lc  nvm3.o [16]
writeBoolean               0x2'bed1      0x8  Code  Lc  zll-on-off-server.o [1]
writeBurst              0x2001'4fdd     0x54  Code  Gb  em_msc.o [1]
writeFullAllowed           0x1'0b23     0x18  Code  Lc  nvm3.o [16]
writeIdentifyTime          0x2'bb37     0x18  Code  Lc  identify.o [1]
writeInt16u                0x2'bee9      0x6  Code  Lc  zll-on-off-server.o [1]
writeMessage               0x1'3a57     0xaa  Code  Lc  packet-buffer.o [25]
writeObj                   0x1'0cc3    0x2b4  Code  Lc  nvm3.o [16]
writeRemainingTime         0x2'ca31     0x1a  Code  Lc  color-control-server.o [1]
writeRemainingTime         0x2'c44b     0x1e  Code  Lc  level-control.o [1]
writeServerAttribute       0x1'4569      0xe  Code  Lc  scenes.o [1]
writeZllTokens             0x1'60ef      0xc  Code  Lc  zll-tokens.o [27]
zaTrustCenterSetJoinPolicy
                           0x2'3b41      0x8  Code  Gb  af-trust-center.o [1]
zclBasicGlsrCommand        0x3'5e5f      0xa  Code  Lc  znet-cli.o [1]
zclBufferAddByte           0x3'4b8f     0x12  Code  Gb  zcl-cli.o [1]
zclBufferAddByteFromArgument
                           0x3'4bc7      0x8  Code  Gb  zcl-cli.o [1]
zclBufferAddInt32          0x3'4bb3     0x14  Code  Gb  zcl-cli.o [1]
zclBufferAddLengthAndStringFromArgument
                           0x3'4be5     0x34  Code  Gb  zcl-cli.o [1]
zclBufferAddWord           0x3'4ba1     0x12  Code  Gb  zcl-cli.o [1]
zclBufferAddWordFromArgument
                           0x3'4bd7      0x6  Code  Gb  zcl-cli.o [1]
zclBufferSetup             0x3'4b3d     0x52  Code  Gb  zcl-cli.o [1]
zclClusterNames            0x3'a1ac     0x50  Data  Gb  util.o [1]
zclCmdIsBuilt           0x2001'7d2e      0x1  Data  Gb  zcl-cli.o [1]
zclGlobalCommandDiscoveryCommand
                           0x3'4eb3     0x2e  Code  Gb  zcl-cli.o [1]
zclGlobalDirection      0x2001'7d31      0x1  Data  Lc  zcl-cli.o [1]
zclGlobalDirectionCommand
                           0x3'4ced     0x14  Code  Gb  zcl-cli.o [1]
zclGlobalDiscoverCommand
                           0x3'4d57      0x4  Code  Gb  zcl-cli.o [1]
zclGlobalExpectReportFromMeCommand
                           0x3'4e8b     0x1c  Code  Gb  zcl-cli.o [1]
zclGlobalReadCommand       0x3'4d01      0x6  Code  Gb  zcl-cli.o [1]
zclGlobalReportCommand     0x3'4d65     0x94  Code  Gb  zcl-cli.o [1]
zclGlobalReportReadCommand
                           0x3'4e01     0x20  Code  Gb  zcl-cli.o [1]
zclGlobalSendMeAReportCommand
                           0x3'4e21     0x4a  Code  Gb  zcl-cli.o [1]
zclGlobalSetup             0x3'4cd3     0x1a  Code  Gb  zcl-cli.o [1]
zclGlobalWriteCommand      0x3'4d07     0x50  Code  Gb  zcl-cli.o [1]
zclIdentifyOnOffCommand
                           0x3'4f71     0x40  Code  Gb  zcl-cli.o [1]
zclMfgCodeCommand          0x3'4ef9     0x2a  Code  Gb  zcl-cli.o [1]
zclSimpleCommand           0x3'4c19     0xba  Code  Gb  zcl-cli.o [1]
zclTestResponseOffCommand
                           0x3'4ef3      0x6  Code  Gb  zcl-cli.o [1]
zclTestResponseOnCommand
                           0x3'4eed      0x6  Code  Gb  zcl-cli.o [1]
zclTimeCommand             0x3'4f63      0xe  Code  Gb  zcl-cli.o [1]
zclUseNextSequenceCommand
                           0x3'4f41     0x22  Code  Gb  zcl-cli.o [1]
zclXDefaultRespCommand     0x3'4f23     0x14  Code  Gb  zcl-cli.o [1]
zdoActiveEpCommand         0x3'571d     0x1e  Code  Gb  zdo-cli.o [1]
zdoAddClusterCommand       0x3'55bf     0x38  Code  Gb  zdo-cli.o [1]
zdoBindCommand             0x3'5545     0x72  Code  Gb  zdo-cli.o [1]
zdoClearClusterCommand     0x3'55f7     0x1c  Code  Gb  zdo-cli.o [1]
zdoConfigurationModeEnabled
                        0x2001'57e2      0x1  Data  Gb  zigbee-device-util.o [25]
zdoIeeeAddressRequestCommand
                           0x3'547b     0x14  Code  Gb  zdo-cli.o [1]
zdoLeaveRequestCommand     0x3'577b     0x32  Code  Gb  zdo-cli.o [1]
zdoMatchCommand            0x3'54d7     0x44  Code  Gb  zdo-cli.o [1]
zdoMgmtBindCommand         0x3'575f     0x1c  Code  Gb  zdo-cli.o [1]
zdoMgmtLqiCommand          0x3'573b     0x1a  Code  Gb  zdo-cli.o [1]
zdoNetworkUpdateChannelCommand
                           0x3'561d     0x72  Code  Gb  zdo-cli.o [1]
zdoNetworkUpdateScanCommand
                           0x3'568f     0x5c  Code  Gb  zdo-cli.o [1]
zdoNetworkUpdateSetCommand
                           0x3'56f1     0x1e  Code  Gb  zdo-cli.o [1]
zdoNodeCommand             0x3'54b5     0x22  Code  Gb  zdo-cli.o [1]
zdoNwkAddressRequestCommand
                           0x3'5465     0x16  Code  Gb  zdo-cli.o [1]
zdoPowerDescriptorRequestCommand
                           0x3'57ad     0x18  Code  Gb  zdo-cli.o [1]
zdoRouteRequestCommand     0x3'589b     0x26  Code  Gb  zdo-cli.o [1]
zdoSimpleCommand           0x3'548f     0x26  Code  Gb  zdo-cli.o [1]
zdoUnbindGroupCommand      0x3'5857     0x18  Code  Gb  zdo-cli.o [1]
zdoUnbindUnicastCommand
                           0x3'586f     0x2c  Code  Gb  zdo-cli.o [1]
zeroLenByte             0x2001'7c5a      0x2  Data  Lc  message.o [1]
zigDevApsStruct         0x2001'77f4      0x4  Data  Lc  zigbee-device-util.o [25]
zigDevRequestRadius     0x2001'57d1      0x1  Data  Gb  zigbee-device-common.o [1]
zigDevRequestSequence   0x2001'7d35      0x1  Data  Lc  zigbee-device-common.o [1]
zigDevRequestSequence   0x2001'77e4      0x1  Data  Lc  zigbee-device-util.o [25]
zllNodeType             0x2001'7831      0x1  Data  Lc  zll-api.o [27]
zllPrimaryChannelMask   0x2001'7844      0x4  Data  Lc  zll-api.o [27]
zllSecondaryChannelMask
                        0x2001'786c      0x4  Data  Lc  zll-api.o [27]
zllSequenceNum          0x2001'7d4d      0x1  Data  Lc  zll-interpan.o [27]


[1] = C:\SiliconLabs\SimplicityStudio\v4\developer\sdks\gecko_sdk_suite\v2.5\z3_lite_timer_mg21_v660\build\obj
[2] = binding-table-library.a
[3] = cbke-163k1-stub-library.a
[4] = cbke-283k1-stub-library.a
[5] = cbke-library-dsa-sign-stub.a
[6] = cbke-library-dsa-verify-283k1-stub.a
[7] = cbke-library-dsa-verify-stub.a
[8] = cbke-stub-library.a
[9] = debug-basic-library.a
[10] = debug-extended-stub-library.a
[11] = dl7M_tln.a
[12] = end-device-bind-stub-library.a
[13] = gp-library.a
[14] = hal-library.a
[15] = install-code-library.a
[16] = libnvm3_CM33_iar.a
[17] = librail_efr32xg21_iar_release.a
[18] = m7M_tls.a
[19] = multi-network-stub-library.a
[20] = packet-validate-stub-library.a
[21] = rt7M_tl.a
[22] = security-library-core.a
[23] = security-library-link-keys-stub.a
[24] = sim-eeprom2-to-nvm3-upgrade-stub-library.a
[25] = zigbee-pro-stack.a
[26] = zigbee-r22-support-stub-library.a
[27] = zll-library.a

  203 542 bytes of readonly  code memory
      324 bytes of readwrite code memory
   34 607 bytes of readonly  data memory
  567 101 bytes of readwrite data memory

Errors: none
Warnings: none
